Component: ARM Compiler 5.05 update 1 (build 106) Tool: armlink [4d0efa]

==============================================================================

Section Cross References

    startup_stm32f411xe.o(RESET) refers to startup_stm32f411xe.o(STACK) for __initial_sp
    startup_stm32f411xe.o(RESET) refers to startup_stm32f411xe.o(.text) for Reset_Handler
    startup_stm32f411xe.o(RESET) refers to stm32f4xx_it.o(i.NMI_Handler) for NMI_Handler
    startup_stm32f411xe.o(RESET) refers to stm32f4xx_it.o(i.HardFault_Handler) for HardFault_Handler
    startup_stm32f411xe.o(RESET) refers to stm32f4xx_it.o(i.MemManage_Handler) for MemManage_Handler
    startup_stm32f411xe.o(RESET) refers to stm32f4xx_it.o(i.BusFault_Handler) for BusFault_Handler
    startup_stm32f411xe.o(RESET) refers to stm32f4xx_it.o(i.UsageFault_Handler) for UsageFault_Handler
    startup_stm32f411xe.o(RESET) refers to stm32f4xx_it.o(i.SVC_Handler) for SVC_Handler
    startup_stm32f411xe.o(RESET) refers to stm32f4xx_it.o(i.DebugMon_Handler) for DebugMon_Handler
    startup_stm32f411xe.o(RESET) refers to stm32f4xx_it.o(i.PendSV_Handler) for PendSV_Handler
    startup_stm32f411xe.o(RESET) refers to stm32f4xx_it.o(i.SysTick_Handler) for SysTick_Handler
    startup_stm32f411xe.o(RESET) refers to stm32f4xx_it.o(i.EXTI0_IRQHandler) for EXTI0_IRQHandler
    startup_stm32f411xe.o(RESET) refers to stm32f4xx_it.o(i.EXTI1_IRQHandler) for EXTI1_IRQHandler
    startup_stm32f411xe.o(RESET) refers to stm32f4xx_it.o(i.EXTI3_IRQHandler) for EXTI3_IRQHandler
    startup_stm32f411xe.o(RESET) refers to stm32f4xx_it.o(i.ADC_IRQHandler) for ADC_IRQHandler
    startup_stm32f411xe.o(RESET) refers to stm32f4xx_it.o(i.EXTI9_5_IRQHandler) for EXTI9_5_IRQHandler
    startup_stm32f411xe.o(RESET) refers to stm32f4xx_it.o(i.USART1_IRQHandler) for USART1_IRQHandler
    startup_stm32f411xe.o(RESET) refers to stm32f4xx_it.o(i.DMA2_Stream0_IRQHandler) for DMA2_Stream0_IRQHandler
    startup_stm32f411xe.o(RESET) refers to stm32f4xx_it.o(i.DMA2_Stream6_IRQHandler) for DMA2_Stream6_IRQHandler
    startup_stm32f411xe.o(RESET) refers to stm32f4xx_it.o(i.DMA2_Stream7_IRQHandler) for DMA2_Stream7_IRQHandler
    startup_stm32f411xe.o(RESET) refers to stm32f4xx_it.o(i.USART6_IRQHandler) for USART6_IRQHandler
    startup_stm32f411xe.o(.text) refers to system_stm32f4xx.o(i.SystemInit) for SystemInit
    startup_stm32f411xe.o(.text) refers to entry.o(.ARM.Collect$$$$00000000) for __main
    main.o(i.ADC_Temp) refers to dadd.o(.text) for __aeabi_dsub
    main.o(i.ADC_Temp) refers to ddiv.o(.text) for __aeabi_ddiv
    main.o(i.ADC_test) refers to f2d.o(.text) for __aeabi_f2d
    main.o(i.ADC_test) refers to dmul.o(.text) for __aeabi_dmul
    main.o(i.ADC_test) refers to ddiv.o(.text) for __aeabi_ddiv
    main.o(i.ADC_test) refers to d2f.o(.text) for __aeabi_d2f
    main.o(i.ADC_test) refers to main.o(i.Transf) for Transf
    main.o(i.ADC_test) refers to main.o(i.f_out) for f_out
    main.o(i.ADC_test) refers to main.o(i.u_out) for u_out
    main.o(i.ADC_test) refers to main.o(.data) for adc_cntl
    main.o(i.ADC_test) refers to main.o(.bss) for adcBuffer
    main.o(i.ATT) refers to stm32f4xx_hal_gpio.o(i.HAL_GPIO_WritePin) for HAL_GPIO_WritePin
    main.o(i.ATT) refers to main.o(i.delay_us) for delay_us
    main.o(i.CMD_search) refers to main.o(i.Transf) for Transf
    main.o(i.CMD_search) refers to main.o(i.idx_srv) for idx_srv
    main.o(i.CMD_search) refers to main.o(i.IO) for IO
    main.o(i.CMD_search) refers to w5200.o(i.ADR_FINDER) for ADR_FINDER
    main.o(i.CMD_search) refers to main.o(i.u_out) for u_out
    main.o(i.CMD_search) refers to w5200.o(i.ERROR_CMD_MSG) for ERROR_CMD_MSG
    main.o(i.CMD_search) refers to w5200.o(i.SERV_ID_DEL) for SERV_ID_DEL
    main.o(i.CMD_search) refers to main.o(i.un_out) for un_out
    main.o(i.CMD_search) refers to adf4351.o(i.ADF4351_prog) for ADF4351_prog
    main.o(i.CMD_search) refers to main.o(i.ATT) for ATT
    main.o(i.CMD_search) refers to stm32f4xx_hal_gpio.o(i.HAL_GPIO_WritePin) for HAL_GPIO_WritePin
    main.o(i.CMD_search) refers to main.o(.data) for TIME_SYS
    main.o(i.CMD_search) refers to main.o(.bss) for ADDR_SNDR
    main.o(i.DMA_ADC) refers to stm32f4xx_hal_adc.o(i.HAL_ADC_Start) for HAL_ADC_Start
    main.o(i.DMA_ADC) refers to stm32f4xx_hal_adc.o(i.HAL_ADC_Start_DMA) for HAL_ADC_Start_DMA
    main.o(i.DMA_ADC) refers to main.o(.bss) for hadc1
    main.o(i.Delay) refers to main.o(.data) for SysTickDelay
    main.o(i.FPGA_rSPI) refers to main.o(i.spisend8) for spisend8
    main.o(i.HAL_ADC_ConvCpltCallback) refers to main.o(.data) for adc_cntl
    main.o(i.HAL_UART_RxCpltCallback) refers to stm32f4xx_hal_uart.o(i.HAL_UART_Receive_IT) for HAL_UART_Receive_IT
    main.o(i.HAL_UART_RxCpltCallback) refers to main.o(.data) for RX_uBUF
    main.o(i.HAL_UART_RxCpltCallback) refers to main.o(.bss) for rx_buffer1
    main.o(i.IO) refers to main.o(i.leng) for leng
    main.o(i.IO) refers to strcmp.o(.text) for strcmp
[...]
    UART_Receive_IT                          0x08007a51   Thumb Code   166  stm32f4xx_hal_uart.o(i.UART_Receive_IT)
    i.UART_SetConfig                         0x08007af8   Section        0  stm32f4xx_hal_uart.o(i.UART_SetConfig)
    UART_SetConfig                           0x08007af9   Thumb Code   864  stm32f4xx_hal_uart.o(i.UART_SetConfig)
    i.UART_Transmit_IT                       0x08007e60   Section        0  stm32f4xx_hal_uart.o(i.UART_Transmit_IT)
    UART_Transmit_IT                         0x08007e61   Thumb Code   104  stm32f4xx_hal_uart.o(i.UART_Transmit_IT)
    i.UART_conrol                            0x08007ec8   Section        0  main.o(i.UART_conrol)
    i.USART1_IRQHandler                      0x08007f2c   Section        0  stm32f4xx_it.o(i.USART1_IRQHandler)
    i.USART6_IRQHandler                      0x08007f3c   Section        0  stm32f4xx_it.o(i.USART6_IRQHandler)
    i.UsageFault_Handler                     0x08007f4c   Section        0  stm32f4xx_it.o(i.UsageFault_Handler)
    i.__0sprintf                             0x08007f50   Section        0  printfa.o(i.__0sprintf)
    i.__NVIC_GetPriorityGrouping             0x08007f78   Section        0  stm32f4xx_hal_cortex.o(i.__NVIC_GetPriorityGrouping)
    __NVIC_GetPriorityGrouping               0x08007f79   Thumb Code    10  stm32f4xx_hal_cortex.o(i.__NVIC_GetPriorityGrouping)
    i.__NVIC_SetPriority                     0x08007f88   Section        0  stm32f4xx_hal_cortex.o(i.__NVIC_SetPriority)
    __NVIC_SetPriority                       0x08007f89   Thumb Code    32  stm32f4xx_hal_cortex.o(i.__NVIC_SetPriority)
    i.__aeabi_errno_addr                     0x08007fb0   Section        0  errno.o(i.__aeabi_errno_addr)
    i.__scatterload_copy                     0x08007fb8   Section       14  handlers.o(i.__scatterload_copy)
    i.__scatterload_null                     0x08007fc6   Section        2  handlers.o(i.__scatterload_null)
    i.__scatterload_zeroinit                 0x08007fc8   Section       14  handlers.o(i.__scatterload_zeroinit)
    i._fp_digits                             0x08007fd8   Section        0  printfa.o(i._fp_digits)
    _fp_digits                               0x08007fd9   Thumb Code   334  printfa.o(i._fp_digits)
    i._printf_core                           0x0800813c   Section        0  printfa.o(i._printf_core)
    _printf_core                             0x0800813d   Thumb Code  1744  printfa.o(i._printf_core)
    i._printf_post_padding                   0x08008818   Section        0  printfa.o(i._printf_post_padding)
    _printf_post_padding                     0x08008819   Thumb Code    36  printfa.o(i._printf_post_padding)
    i._printf_pre_padding                    0x0800883c   Section        0  printfa.o(i._printf_pre_padding)
    _printf_pre_padding                      0x0800883d   Thumb Code    46  printfa.o(i._printf_pre_padding)
    i._sputc                                 0x0800886a   Section        0  printfa.o(i._sputc)
    _sputc                                   0x0800886b   Thumb Code    10  printfa.o(i._sputc)
    i.clearSUBR                              0x08008874   Section        0  w5200.o(i.clearSUBR)
    i.close                                  0x08008898   Section        0  w5200.o(i.close)
    i.delay_us                               0x080088f8   Section        0  main.o(i.delay_us)
    i.f_out                                  0x0800890c   Section        0  main.o(i.f_out)
    i.getGAR                                 0x08008958   Section        0  w5200.o(i.getGAR)
    i.getIINCHIP_RxBASE                      0x08008980   Section        0  w5200.o(i.getIINCHIP_RxBASE)
    i.getIINCHIP_RxMASK                      0x08008990   Section        0  w5200.o(i.getIINCHIP_RxMASK)
    i.getIINCHIP_RxMAX                       0x080089a0   Section        0  w5200.o(i.getIINCHIP_RxMAX)
    i.getIINCHIP_TxBASE                      0x080089b0   Section        0  w5200.o(i.getIINCHIP_TxBASE)
    i.getIINCHIP_TxMASK                      0x080089c0   Section        0  w5200.o(i.getIINCHIP_TxMASK)
    i.getIINCHIP_TxMAX                       0x080089d0   Section        0  w5200.o(i.getIINCHIP_TxMAX)
    i.getSHAR                                0x080089e0   Section        0  w5200.o(i.getSHAR)
    i.getSIPR                                0x08008a16   Section        0  w5200.o(i.getSIPR)
    i.getSUBR                                0x08008a3c   Section        0  w5200.o(i.getSUBR)
    i.getSn_RX_RSR                           0x08008a5c   Section        0  w5200.o(i.getSn_RX_RSR)
    i.getSn_SR                               0x08008ac0   Section        0  w5200.o(i.getSn_SR)
    i.getchar1                               0x08008ad8   Section        0  main.o(i.getchar1)
    i.idx_srv                                0x08008b18   Section        0  main.o(i.idx_srv)
    i.iinchip_init                           0x08008b30   Section        0  w5200.o(i.iinchip_init)
    i.info                                   0x08008b4c   Section        0  main.o(i.info)
    i.init_array_pll                         0x08008b4e   Section        0  adf4351.o(i.init_array_pll)
    i.leng                                   0x08008cc0   Section        0  main.o(i.leng)
    i.main                                   0x08008cd4   Section        0  main.o(i.main)
    i.read_data                              0x08008fa0   Section        0  w5200.o(i.read_data)
    i.recvfrom                               0x0800900e   Section        0  w5200.o(i.recvfrom)
    i.saveSUBR                               0x080091fc   Section        0  w5200.o(i.saveSUBR)
    i.send_data_processing                   0x08009214   Section        0  w5200.o(i.send_data_processing)
    i.sendto                                 0x0800927e   Section        0  w5200.o(i.sendto)
    i.setGAR                                 0x080093c8   Section        0  w5200.o(i.setGAR)
    i.setMR                                  0x080093f0   Section        0  w5200.o(i.setMR)
    i.setRCR                                 0x0800940c   Section        0  w5200.o(i.setRCR)
    i.setRTR                                 0x0800941a   Section        0  w5200.o(i.setRTR)
    i.setSHAR                                0x08009430   Section        0  w5200.o(i.setSHAR)
    i.setSIPR                                0x08009466   Section        0  w5200.o(i.setSIPR)
    i.setSUBR                                0x0800948c   Section        0  w5200.o(i.setSUBR)
    i.socket                                 0x080094bc   Section        0  w5200.o(i.socket)
    i.spi2send8                              0x080095a4   Section        0  main.o(i.spi2send8)
    i.spi3send32                             0x080095c8   Section        0  main.o(i.spi3send32)
    i.spi4send8                              0x08009634   Section        0  main.o(i.spi4send8)
    i.sysinit                                0x08009658   Section        0  w5200.o(i.sysinit)
    i.u64_out                                0x08009824   Section        0  main.o(i.u64_out)
    i.u_out                                  0x08009878   Section        0  main.o(i.u_out)
    i.un_out                                 0x080098a8   Section        0  main.o(i.un_out)
    i.wait_10ms                              0x080098d0   Section        0  w5200.o(i.wait_10ms)
    i.wiz_read_buf                           0x080098e8   Section        0  w5200.o(i.wiz_read_buf)
    i.wiz_write_buf                          0x08009936   Section        0  w5200.o(i.wiz_write_buf)
    i.write_data                             0x0800998c   Section        0  w5200.o(i.write_data)
    i.x_out                                  0x080099f4   Section        0  main.o(i.x_out)
    i.xn_out                                 0x08009a24   Section        0  main.o(i.xn_out)
    .constdata                               0x08009a4c   Section        8  stm32f4xx_hal_dma.o(.constdata)
    flagBitshiftOffset                       0x08009a4c   Data           8  stm32f4xx_hal_dma.o(.constdata)
    .constdata                               0x08009a54   Section       24  system_stm32f4xx.o(.constdata)
    .constdata                               0x08009a6c   Section      129  ctype_o.o(.constdata)
    .constdata                               0x08009af0   Section        4  ctype_o.o(.constdata)
    table                                    0x08009af0   Data           4  ctype_o.o(.constdata)
    .conststring                             0x08009af4   Section       69  main.o(.conststring)
    .data                                    0x20000000   Section      195  main.o(.data)
    t1                                       0x200000c1   Data           1  main.o(.data)
    pn_old                                   0x200000c2   Data           1  main.o(.data)
    .data                                    0x200000c4   Section      148  w5200.o(.data)
    I_STATUS                                 0x2000011c   Data           2  w5200.o(.data)
    SMASK                                    0x2000011e   Data           4  w5200.o(.data)
    RMASK                                    0x20000122   Data           4  w5200.o(.data)
    SSIZE                                    0x20000126   Data           4  w5200.o(.data)
    RSIZE                                    0x2000012a   Data           4  w5200.o(.data)
    SBUFBASEADDRESS                          0x2000012e   Data           4  w5200.o(.data)
    RBUFBASEADDRESS                          0x20000132   Data           4  w5200.o(.data)
    SUBNET                                   0x20000136   Data           4  w5200.o(.data)
    local_port                               0x2000013a   Data           2  w5200.o(.data)
    .data                                    0x20000158   Section        9  stm32f4xx_hal.o(.data)
    .data                                    0x20000164   Section        4  system_stm32f4xx.o(.data)
    .data                                    0x20000168   Section        4  errno.o(.data)
    _errno                                   0x20000168   Data           4  errno.o(.data)
    .bss                                     0x20000170   Section    22404  main.o(.bss)
    .bss                                     0x200058f4   Section     4263  w5200.o(.bss)
    .bss                                     0x2000699c   Section       44  adf4351.o(.bss)
    STACK                                    0x200069c8   Section     8192  startup_stm32f411xe.o(STACK)

    Global Symbols

    Symbol Name                              Value     Ov Type        Size  Object(Section)

    BuildAttributes$$THM_ISAv4$E$P$D$K$B$S$7EM$VFPi3$EXTD16$VFPS$VFMA$PE$A:L22UL41UL21$X:L11$S22US41US21$IEEE1$IW$USESV6$~STKCKD$USESV7$~SHL$OTIME$ROPI$EBA8$MICROLIB$REQ8$PRES8$EABIv2 0x00000000   Number         0  anon$$obj.o ABSOLUTE
    __ARM_use_no_argv                        0x00000000   Number         0  main.o ABSOLUTE
    _printf_a                                0x00000000   Number         0  stubs.o ABSOLUTE
    _printf_c                                0x00000000   Number         0  stubs.o ABSOLUTE
    _printf_charcount                        0x00000000   Number         0  stubs.o ABSOLUTE
    _printf_d                                0x00000000   Number         0  stubs.o ABSOLUTE
    _printf_e                                0x00000000   Number         0  stubs.o ABSOLUTE
    _printf_f                                0x00000000   Number         0  stubs.o ABSOLUTE
    _printf_flags                            0x00000000   Number         0  stubs.o ABSOLUTE
    _printf_fp_dec                           0x00000000   Number         0  stubs.o ABSOLUTE
    _printf_fp_hex                           0x00000000   Number         0  stubs.o ABSOLUTE
    _printf_g                                0x00000000   Number         0  stubs.o ABSOLUTE
    _printf_i                                0x00000000   Number         0  stubs.o ABSOLUTE
    _printf_int_dec                          0x00000000   Number         0  stubs.o ABSOLUTE
    _printf_l                                0x00000000   Number         0  stubs.o ABSOLUTE
    _printf_lc                               0x00000000   Number         0  stubs.o ABSOLUTE
    _printf_ll                               0x00000000   Number         0  stubs.o ABSOLUTE
    _printf_lld                              0x00000000   Number         0  stubs.o ABSOLUTE
    _printf_lli                              0x00000000   Number         0  stubs.o ABSOLUTE
    _printf_llo                              0x00000000   Number         0  stubs.o ABSOLUTE
    _printf_llu                              0x00000000   Number         0  stubs.o ABSOLUTE
    _printf_llx                              0x00000000   Number         0  stubs.o ABSOLUTE
    _printf_longlong_dec                     0x00000000   Number         0  stubs.o ABSOLUTE
    _printf_longlong_hex                     0x00000000   Number         0  stubs.o ABSOLUTE
    _printf_longlong_oct                     0x00000000   Number         0  stubs.o ABSOLUTE
    _printf_ls                               0x00000000   Number         0  stubs.o ABSOLUTE
    _printf_mbtowc                           0x00000000   Number         0  stubs.o ABSOLUTE
    _printf_n                                0x00000000   Number         0  stubs.o ABSOLUTE
    _printf_o                                0x00000000   Number         0  stubs.o ABSOLUTE
    _printf_p                                0x00000000   Number         0  stubs.o ABSOLUTE
    _printf_percent                          0x00000000   Number         0  stubs.o ABSOLUTE
    _printf_pre_padding                      0x00000000   Number         0  stubs.o ABSOLUTE
    _printf_return_value                     0x00000000   Number         0  stubs.o ABSOLUTE
    _printf_s                                0x00000000   Number         0  stubs.o ABSOLUTE
    _printf_sizespec                         0x00000000   Number         0  stubs.o ABSOLUTE
    _printf_str                              0x00000000   Number         0  stubs.o ABSOLUTE
    _printf_truncate_signed                  0x00000000   Number         0  stubs.o ABSOLUTE
    _printf_truncate_unsigned                0x00000000   Number         0  stubs.o ABSOLUTE
    _printf_u                                0x00000000   Number         0  stubs.o ABSOLUTE
    _printf_wc                               0x00000000   Number         0  stubs.o ABSOLUTE
    _printf_wctomb                           0x00000000   Number         0  stubs.o ABSOLUTE
    _printf_widthprec                        0x00000000   Number         0  stubs.o ABSOLUTE
    _printf_x                                0x00000000   Number         0  stubs.o ABSOLUTE
    __cpp_initialize__aeabi_                  - Undefined Weak Reference
    __cxa_finalize                            - Undefined Weak Reference
    _clock_init                               - Undefined Weak Reference
    _microlib_exit                            - Undefined Weak Reference
    __Vectors_Size                           0x00000198   Number         0  startup_stm32f411xe.o ABSOLUTE
    __Vectors                                0x08000000   Data           4  startup_stm32f411xe.o(RESET)
    __Vectors_End                            0x08000198   Data           0  startup_stm32f411xe.o(RESET)
    __main                                   0x08000199   Thumb Code     0  entry.o(.ARM.Collect$$$$00000000)
    _main_stk                                0x08000199   Thumb Code     0  entry2.o(.ARM.Collect$$$$00000001)
    _main_scatterload                        0x0800019d   Thumb Code     0  entry5.o(.ARM.Collect$$$$00000004)
    __main_after_scatterload                 0x080001a1   Thumb Code     0  entry5.o(.ARM.Collect$$$$00000004)
    _main_clock                              0x080001a1   Thumb Code     0  entry7b.o(.ARM.Collect$$$$00000008)
    _main_cpp_init                           0x080001a1   Thumb Code     0  entry8b.o(.ARM.Collect$$$$0000000A)
    _main_init                               0x080001a1   Thumb Code     0  entry9a.o(.ARM.Collect$$$$0000000B)
    __rt_final_cpp                           0x080001a9   Thumb Code     0  entry10a.o(.ARM.Collect$$$$0000000D)
    __rt_final_exit                          0x080001a9   Thumb Code     0  entry11a.o(.ARM.Collect$$$$0000000F)
    Reset_Handler                            0x080001ad   Thumb Code     8  startup_stm32f411xe.o(.text)
    DMA1_Stream0_IRQHandler                  0x080001c7   Thumb Code     0  startup_stm32f411xe.o(.text)
    DMA1_Stream1_IRQHandler                  0x080001c7   Thumb Code     0  startup_stm32f411xe.o(.text)
    DMA1_Stream2_IRQHandler                  0x080001c7   Thumb Code     0  startup_stm32f411xe.o(.text)
    DMA1_Stream3_IRQHandler                  0x080001c7   Thumb Code     0  startup_stm32f411xe.o(.text)
    DMA1_Stream4_IRQHandler                  0x080001c7   Thumb Code     0  startup_stm32f411xe.o(.text)
    DMA1_Stream5_IRQHandler                  0x080001c7   Thumb Code     0  startup_stm32f411xe.o(.text)
    DMA1_Stream6_IRQHandler                  0x080001c7   Thumb Code     0  startup_stm32f411xe.o(.text)
    DMA1_Stream7_IRQHandler                  0x080001c7   Thumb Code     0  startup_stm32f411xe.o(.text)
    DMA2_Stream1_IRQHandler                  0x080001c7   Thumb Code     0  startup_stm32f411xe.o(.text)
    DMA2_Stream2_IRQHandler                  0x080001c7   Thumb Code     0  startup_stm32f411xe.o(.text)
    DMA2_Stream3_IRQHandler                  0x080001c7   Thumb Code     0  startup_stm32f411xe.o(.text)
    DMA2_Stream4_IRQHandler                  0x080001c7   Thumb Code     0  startup_stm32f411xe.o(.text)
    DMA2_Stream5_IRQHandler                  0x080001c7   Thumb Code     0  startup_stm32f411xe.o(.text)
    EXTI15_10_IRQHandler                     0x080001c7   Thumb Code     0  startup_stm32f411xe.o(.text)
    EXTI2_IRQHandler                         0x080001c7   Thumb Code     0  startup_stm32f411xe.o(.text)
    EXTI4_IRQHandler                         0x080001c7   Thumb Code     0  startup_stm32f411xe.o(.text)
    FLASH_IRQHandler                         0x080001c7   Thumb Code     0  startup_stm32f411xe.o(.text)
    FPU_IRQHandler                           0x080001c7   Thumb Code     0  startup_stm32f411xe.o(.text)
    I2C1_ER_IRQHandler                       0x080001c7   Thumb Code     0  startup_stm32f411xe.o(.text)
    I2C1_EV_IRQHandler                       0x080001c7   Thumb Code     0  startup_stm32f411xe.o(.text)
    I2C2_ER_IRQHandler                       0x080001c7   Thumb Code     0  startup_stm32f411xe.o(.text)
    I2C2_EV_IRQHandler                       0x080001c7   Thumb Code     0  startup_stm32f411xe.o(.text)
    I2C3_ER_IRQHandler                       0x080001c7   Thumb Code     0  startup_stm32f411xe.o(.text)
    I2C3_EV_IRQHandler                       0x080001c7   Thumb Code     0  startup_stm32f411xe.o(.text)
    OTG_FS_IRQHandler                        0x080001c7   Thumb Code     0  startup_stm32f411xe.o(.text)
    OTG_FS_WKUP_IRQHandler                   0x080001c7   Thumb Code     0  startup_stm32f411xe.o(.text)
    PVD_IRQHandler                           0x080001c7   Thumb Code     0  startup_stm32f411xe.o(.text)
    RCC_IRQHandler                           0x080001c7   Thumb Code     0  startup_stm32f411xe.o(.text)
    RTC_Alarm_IRQHandler                     0x080001c7   Thumb Code     0  startup_stm32f411xe.o(.text)
    RTC_WKUP_IRQHandler                      0x080001c7   Thumb Code     0  startup_stm32f411xe.o(.text)
    SDIO_IRQHandler                          0x080001c7   Thumb Code     0  startup_stm32f411xe.o(.text)
    SPI1_IRQHandler                          0x080001c7   Thumb Code     0  startup_stm32f411xe.o(.text)
    SPI2_IRQHandler                          0x080001c7   Thumb Code     0  startup_stm32f411xe.o(.text)
    SPI3_IRQHandler                          0x080001c7   Thumb Code     0  startup_stm32f411xe.o(.text)
    SPI4_IRQHandler                          0x080001c7   Thumb Code     0  startup_stm32f411xe.o(.text)
    SPI5_IRQHandler                          0x080001c7   Thumb Code     0  startup_stm32f411xe.o(.text)
    TAMP_STAMP_IRQHandler                    0x080001c7   Thumb Code     0  startup_stm32f411xe.o(.text)
    TIM1_BRK_TIM9_IRQHandler                 0x080001c7   Thumb Code     0  startup_stm32f411xe.o(.text)
    TIM1_CC_IRQHandler                       0x080001c7   Thumb Code     0  startup_stm32f411xe.o(.text)
    TIM1_TRG_COM_TIM11_IRQHandler            0x080001c7   Thumb Code     0  startup_stm32f411xe.o(.text)
    TIM1_UP_TIM10_IRQHandler                 0x080001c7   Thumb Code     0  startup_stm32f411xe.o(.text)
    TIM2_IRQHandler                          0x080001c7   Thumb Code     0  startup_stm32f411xe.o(.text)
    TIM3_IRQHandler                          0x080001c7   Thumb Code     0  startup_stm32f411xe.o(.text)
    TIM4_IRQHandler                          0x080001c7   Thumb Code     0  startup_stm32f411xe.o(.text)
    TIM5_IRQHandler                          0x080001c7   Thumb Code     0  startup_stm32f411xe.o(.text)
    USART2_IRQHandler                        0x080001c7   Thumb Code     0  startup_stm32f411xe.o(.text)
    WWDG_IRQHandler                          0x080001c7   Thumb Code     0  startup_stm32f411xe.o(.text)
    __aeabi_uldivmod                         0x080001d1   Thumb Code    98  uldiv.o(.text)
    __aeabi_llsr                             0x08000233   Thumb Code    32  llushr.o(.text)
    _ll_ushift_r                             0x08000233   Thumb Code     0  llushr.o(.text)
    __aeabi_memset                           0x08000253   Thumb Code    14  memseta.o(.text)
    __aeabi_memset4                          0x08000253   Thumb Code     0  memseta.o(.text)
    __aeabi_memset8                          0x08000253   Thumb Code     0  memseta.o(.text)
    __aeabi_memclr                           0x08000261   Thumb Code     4  memseta.o(.text)
    __aeabi_memclr4                          0x08000261   Thumb Code     0  memseta.o(.text)
    __aeabi_memclr8                          0x08000261   Thumb Code     0  memseta.o(.text)
    _memset$wrapper                          0x08000265   Thumb Code    18  memseta.o(.text)
    strlen                                   0x08000277   Thumb Code    14  strlen.o(.text)
    strcmp                                   0x08000285   Thumb Code    28  strcmp.o(.text)
    atoi                                     0x080002a1   Thumb Code    26  atoi.o(.text)
    __aeabi_dadd                             0x080002bb   Thumb Code   322  dadd.o(.text)
    __aeabi_dsub                             0x080003fd   Thumb Code     6  dadd.o(.text)
    __aeabi_drsub                            0x08000403   Thumb Code     6  dadd.o(.text)
    __aeabi_dmul                             0x08000409   Thumb Code   228  dmul.o(.text)
    __aeabi_ddiv                             0x080004ed   Thumb Code   222  ddiv.o(.text)
    __aeabi_i2d                              0x080005cb   Thumb Code    34  dflti.o(.text)
    __aeabi_f2d                              0x080005ed   Thumb Code    38  f2d.o(.text)
    __aeabi_d2f                              0x08000613   Thumb Code    56  d2f.o(.text)
    __aeabi_uidiv                            0x0800064b   Thumb Code     0  uidiv.o(.text)
    __aeabi_uidivmod                         0x0800064b   Thumb Code    44  uidiv.o(.text)
    __aeabi_llsl                             0x08000677   Thumb Code    30  llshl.o(.text)
    _ll_shift_l                              0x08000677   Thumb Code     0  llshl.o(.text)
    __aeabi_lasr                             0x08000695   Thumb Code    36  llsshr.o(.text)
    _ll_sshift_r                             0x08000695   Thumb Code     0  llsshr.o(.text)
    strtol                                   0x080006b9   Thumb Code   112  strtol.o(.text)
    __I$use$fp                               0x08000729   Thumb Code     0  iusefp.o(.text)
    _float_round                             0x08000729   Thumb Code    18  fepilogue.o(.text)
    _float_epilogue                          0x0800073b   Thumb Code    92  fepilogue.o(.text)
    _double_round                            0x08000797   Thumb Code    30  depilogue.o(.text)
    _double_epilogue                         0x080007b5   Thumb Code   156  depilogue.o(.text)
    __aeabi_d2ulz                            0x08000851   Thumb Code    48  dfixul.o(.text)
    __aeabi_cdrcmple                         0x08000881   Thumb Code    48  cdrcmple.o(.text)
    __scatterload                            0x080008b1   Thumb Code    28  init.o(.text)
    __scatterload_rt2                        0x080008b1   Thumb Code     0  init.o(.text)
    __rt_ctype_table                         0x080008d5   Thumb Code     4  ctype_o.o(.text)
    _strtoul                                 0x080008dd   Thumb Code   158  _strtoul.o(.text)
    _chval                                   0x0800097b   Thumb Code    28  _chval.o(.text)
    __decompress                             0x08000997   Thumb Code     0  __dczerorl2.o(.text)
    __decompress1                            0x08000997   Thumb Code    86  __dczerorl2.o(.text)
    ADC_IRQHandler                           0x08000a95   Thumb Code    16  stm32f4xx_it.o(i.ADC_IRQHandler)
    ADC_test                                 0x08000c0d   Thumb Code   132  main.o(i.ADC_test)
    ADF4351_prog                             0x08000cdd   Thumb Code   124  adf4351.o(i.ADF4351_prog)
    ADR_FINDER                               0x08000d69   Thumb Code   112  w5200.o(i.ADR_FINDER)
    ATT                                      0x08000e09   Thumb Code   220  main.o(i.ATT)
    BusFault_Handler                         0x08000ee9   Thumb Code     4  stm32f4xx_it.o(i.BusFault_Handler)
    CMD_search                               0x08000eed   Thumb Code  1440  main.o(i.CMD_search)
    DMA2_Stream0_IRQHandler                  0x080014ad   Thumb Code    10  stm32f4xx_it.o(i.DMA2_Stream0_IRQHandler)
    DMA2_Stream6_IRQHandler                  0x080014bd   Thumb Code    10  stm32f4xx_it.o(i.DMA2_Stream6_IRQHandler)
    DMA2_Stream7_IRQHandler                  0x080014cd   Thumb Code    16  stm32f4xx_it.o(i.DMA2_Stream7_IRQHandler)
    DMA_ADC                                  0x080014e5   Thumb Code    20  main.o(i.DMA_ADC)
    DebugMon_Handler                         0x0800160b   Thumb Code     2  stm32f4xx_it.o(i.DebugMon_Handler)
    Delay                                    0x0800160d   Thumb Code    16  main.o(i.Delay)
    Delay_ms                                 0x08001621   Thumb Code    42  w5200.o(i.Delay_ms)
    Delay_us                                 0x0800164b   Thumb Code     2  w5200.o(i.Delay_us)
    ERROR_CMD_MSG                            0x0800164d   Thumb Code   154  w5200.o(i.ERROR_CMD_MSG)
    EXTI0_IRQHandler                         0x08001705   Thumb Code    16  stm32f4xx_it.o(i.EXTI0_IRQHandler)
    EXTI1_IRQHandler                         0x08001719   Thumb Code    16  stm32f4xx_it.o(i.EXTI1_IRQHandler)
    EXTI3_IRQHandler                         0x0800172d   Thumb Code    16  stm32f4xx_it.o(i.EXTI3_IRQHandler)
    EXTI9_5_IRQHandler                       0x08001741   Thumb Code    18  stm32f4xx_it.o(i.EXTI9_5_IRQHandler)
    Error_Handler                            0x08001759   Thumb Code     2  main.o(i.Error_Handler)
    FRAME_DECODE                             0x0800175d   Thumb Code  1332  w5200.o(i.FRAME_DECODE)
    HAL_ADCEx_InjectedConvCpltCallback       0x08001ce9   Thumb Code     2  stm32f4xx_hal_adc_ex.o(i.HAL_ADCEx_InjectedConvCpltCallback)
    HAL_ADC_ConfigChannel                    0x08001ced   Thumb Code   400  stm32f4xx_hal_adc.o(i.HAL_ADC_ConfigChannel)
    HAL_ADC_ConvCpltCallback                 0x08001e91   Thumb Code    12  main.o(i.HAL_ADC_ConvCpltCallback)
    HAL_ADC_ConvHalfCpltCallback             0x08001ea1   Thumb Code     2  stm32f4xx_hal_adc.o(i.HAL_ADC_ConvHalfCpltCallback)
    HAL_ADC_ErrorCallback                    0x08001ea3   Thumb Code     2  stm32f4xx_hal_adc.o(i.HAL_ADC_ErrorCallback)
    HAL_ADC_IRQHandler                       0x08001ea5   Thumb Code   372  stm32f4xx_hal_adc.o(i.HAL_ADC_IRQHandler)
    HAL_ADC_Init                             0x08002019   Thumb Code   100  stm32f4xx_hal_adc.o(i.HAL_ADC_Init)
    HAL_ADC_LevelOutOfWindowCallback         0x08002081   Thumb Code     2  stm32f4xx_hal_adc.o(i.HAL_ADC_LevelOutOfWindowCallback)
    HAL_ADC_MspInit                          0x08002085   Thumb Code   248  stm32f4xx_hal_msp.o(i.HAL_ADC_MspInit)
    HAL_ADC_Start                            0x08002191   Thumb Code   242  stm32f4xx_hal_adc.o(i.HAL_ADC_Start)
    HAL_ADC_Start_DMA                        0x08002295   Thumb Code   304  stm32f4xx_hal_adc.o(i.HAL_ADC_Start_DMA)
    HAL_DMA_Abort_IT                         0x080023e1   Thumb Code    40  stm32f4xx_hal_dma.o(i.HAL_DMA_Abort_IT)
    HAL_DMA_IRQHandler                       0x08002409   Thumb Code   570  stm32f4xx_hal_dma.o(i.HAL_DMA_IRQHandler)
    HAL_DMA_Init                             0x08002649   Thumb Code   232  stm32f4xx_hal_dma.o(i.HAL_DMA_Init)
    HAL_DMA_Start_IT                         0x08002735   Thumb Code   158  stm32f4xx_hal_dma.o(i.HAL_DMA_Start_IT)
    HAL_GPIO_EXTI_Callback                   0x080027d3   Thumb Code     2  stm32f4xx_hal_gpio.o(i.HAL_GPIO_EXTI_Callback)
    HAL_GPIO_EXTI_IRQHandler                 0x080027d5   Thumb Code    24  stm32f4xx_hal_gpio.o(i.HAL_GPIO_EXTI_IRQHandler)
    HAL_GPIO_Init                            0x080027f1   Thumb Code   436  stm32f4xx_hal_gpio.o(i.HAL_GPIO_Init)
    HAL_GPIO_ReadPin                         0x080029c5   Thumb Code    16  stm32f4xx_hal_gpio.o(i.HAL_GPIO_ReadPin)
    HAL_GPIO_WritePin                        0x080029d5   Thumb Code    12  stm32f4xx_hal_gpio.o(i.HAL_GPIO_WritePin)
    HAL_GetTick                              0x080029e1   Thumb Code     6  stm32f4xx_hal.o(i.HAL_GetTick)
    HAL_I2C_IsDeviceReady                    0x080029ed   Thumb Code   426  stm32f4xx_hal_i2c.o(i.HAL_I2C_IsDeviceReady)
    HAL_I2C_Master_Receive                   0x08002ba1   Thumb Code   748  stm32f4xx_hal_i2c.o(i.HAL_I2C_Master_Receive)
    HAL_I2C_Master_Transmit                  0x08002e99   Thumb Code   360  stm32f4xx_hal_i2c.o(i.HAL_I2C_Master_Transmit)
    HAL_IncTick                              0x08003009   Thumb Code    16  stm32f4xx_hal.o(i.HAL_IncTick)
    HAL_Init                                 0x08003021   Thumb Code    54  stm32f4xx_hal.o(i.HAL_Init)
    HAL_InitTick                             0x0800305d   Thumb Code    64  stm32f4xx_hal.o(i.HAL_InitTick)
    HAL_MspInit                              0x080030a9   Thumb Code    68  stm32f4xx_hal_msp.o(i.HAL_MspInit)
    HAL_NVIC_EnableIRQ                       0x080030f1   Thumb Code    32  stm32f4xx_hal_cortex.o(i.HAL_NVIC_EnableIRQ)
    HAL_NVIC_SetPriority                     0x08003111   Thumb Code   124  stm32f4xx_hal_cortex.o(i.HAL_NVIC_SetPriority)
    HAL_NVIC_SetPriorityGrouping             0x0800318d   Thumb Code    32  stm32f4xx_hal_cortex.o(i.HAL_NVIC_SetPriorityGrouping)
    HAL_RCC_ClockConfig                      0x080031b5   Thumb Code   366  stm32f4xx_hal_rcc.o(i.HAL_RCC_ClockConfig)
    HAL_RCC_GetHCLKFreq                      0x08003335   Thumb Code     6  stm32f4xx_hal_rcc.o(i.HAL_RCC_GetHCLKFreq)
    HAL_RCC_GetPCLK1Freq                     0x08003341   Thumb Code    22  stm32f4xx_hal_rcc.o(i.HAL_RCC_GetPCLK1Freq)
    HAL_RCC_GetPCLK2Freq                     0x08003361   Thumb Code    22  stm32f4xx_hal_rcc.o(i.HAL_RCC_GetPCLK2Freq)
    HAL_RCC_GetSysClockFreq                  0x08003381   Thumb Code   162  stm32f4xx_hal_rcc.o(i.HAL_RCC_GetSysClockFreq)
    HAL_RCC_OscConfig                        0x08003431   Thumb Code  1086  stm32f4xx_hal_rcc.o(i.HAL_RCC_OscConfig)
    HAL_SPI_Init                             0x08003879   Thumb Code   140  stm32f4xx_hal_spi.o(i.HAL_SPI_Init)
    HAL_SPI_MspInit                          0x08003905   Thumb Code   450  stm32f4xx_hal_msp.o(i.HAL_SPI_MspInit)
    HAL_SPI_TransmitReceive                  0x08003ae9   Thumb Code   554  stm32f4xx_hal_spi.o(i.HAL_SPI_TransmitReceive)
    HAL_SYSTICK_CLKSourceConfig              0x08003d13   Thumb Code    40  stm32f4xx_hal_cortex.o(i.HAL_SYSTICK_CLKSourceConfig)
    HAL_SYSTICK_Config                       0x08003d3b   Thumb Code    52  stm32f4xx_hal_cortex.o(i.HAL_SYSTICK_Config)
    HAL_TIMEx_MasterConfigSynchronization    0x08003d6f   Thumb Code    84  stm32f4xx_hal_tim_ex.o(i.HAL_TIMEx_MasterConfigSynchronization)
    HAL_TIM_Base_Init                        0x08003dc3   Thumb Code    52  stm32f4xx_hal_tim.o(i.HAL_TIM_Base_Init)
    HAL_TIM_Base_MspInit                     0x08003df9   Thumb Code    44  stm32f4xx_hal_msp.o(i.HAL_TIM_Base_MspInit)
    HAL_TIM_ConfigClockSource                0x08003e2d   Thumb Code   264  stm32f4xx_hal_tim.o(i.HAL_TIM_ConfigClockSource)
    HAL_TIM_MspPostInit                      0x08003f35   Thumb Code    86  stm32f4xx_hal_msp.o(i.HAL_TIM_MspPostInit)
    HAL_TIM_PWM_ConfigChannel                0x08003f99   Thumb Code   264  stm32f4xx_hal_tim.o(i.HAL_TIM_PWM_ConfigChannel)
    HAL_TIM_PWM_Init                         0x080040a1   Thumb Code    52  stm32f4xx_hal_tim.o(i.HAL_TIM_PWM_Init)
    HAL_TIM_PWM_MspInit                      0x080040d5   Thumb Code     2  stm32f4xx_hal_tim.o(i.HAL_TIM_PWM_MspInit)
    HAL_TIM_PWM_Start                        0x080040d9   Thumb Code    72  stm32f4xx_hal_tim.o(i.HAL_TIM_PWM_Start)
    HAL_UART_ErrorCallback                   0x08004125   Thumb Code     2  stm32f4xx_hal_uart.o(i.HAL_UART_ErrorCallback)
    HAL_UART_GetState                        0x08004127   Thumb Code    20  stm32f4xx_hal_uart.o(i.HAL_UART_GetState)
    HAL_UART_IRQHandler                      0x0800413d   Thumb Code   328  stm32f4xx_hal_uart.o(i.HAL_UART_IRQHandler)
    HAL_UART_Init                            0x08004289   Thumb Code   114  stm32f4xx_hal_uart.o(i.HAL_UART_Init)
    HAL_UART_MspInit                         0x080042fd   Thumb Code   390  stm32f4xx_hal_msp.o(i.HAL_UART_MspInit)
    HAL_UART_Receive_IT                      0x080044a5   Thumb Code   112  stm32f4xx_hal_uart.o(i.HAL_UART_Receive_IT)
    HAL_UART_RxCpltCallback                  0x08004515   Thumb Code    72  main.o(i.HAL_UART_RxCpltCallback)
    HAL_UART_Transmit_DMA                    0x08004575   Thumb Code   142  stm32f4xx_hal_uart.o(i.HAL_UART_Transmit_DMA)
    HAL_UART_TxCpltCallback                  0x08004611   Thumb Code     2  stm32f4xx_hal_uart.o(i.HAL_UART_TxCpltCallback)
    HAL_UART_TxHalfCpltCallback              0x08004613   Thumb Code     2  stm32f4xx_hal_uart.o(i.HAL_UART_TxHalfCpltCallback)
    HardFault_Handler                        0x08004615   Thumb Code     4  stm32f4xx_it.o(i.HardFault_Handler)
    IINCHIP_CSoff                            0x08004ac9   Thumb Code    14  w5200.o(i.IINCHIP_CSoff)
    IINCHIP_CSon                             0x08004add   Thumb Code    14  w5200.o(i.IINCHIP_CSon)
    IINCHIP_READ                             0x08004af1   Thumb Code    48  w5200.o(i.IINCHIP_READ)
    IINCHIP_SpiSendData                      0x08004b21   Thumb Code    12  w5200.o(i.IINCHIP_SpiSendData)
    IINCHIP_WRITE                            0x08004b2d   Thumb Code    48  w5200.o(i.IINCHIP_WRITE)
    INIT_PLL                                 0x08004b5d   Thumb Code   312  adf4351.o(i.INIT_PLL)
    INIT_SERV_ARCHIV                         0x08004c95   Thumb Code   142  w5200.o(i.INIT_SERV_ARCHIV)
    IO                                       0x08004d25   Thumb Code  2130  main.o(i.IO)
    LED                                      0x080057b9   Thumb Code   190  main.o(i.LED)
    MSG_SHOW                                 0x0800588d   Thumb Code   122  w5200.o(i.MSG_SHOW)
    Massiv_dbm                               0x08005d51   Thumb Code   690  main.o(i.Massiv_dbm)
    MemManage_Handler                        0x08006071   Thumb Code     4  stm32f4xx_it.o(i.MemManage_Handler)
    Menu1                                    0x08006075   Thumb Code   230  main.o(i.Menu1)
    NMI_Handler                              0x080063fd   Thumb Code     2  stm32f4xx_it.o(i.NMI_Handler)
    PLL_ZAHVAT                               0x08006401   Thumb Code    64  main.o(i.PLL_ZAHVAT)
    PRINT_SERV                               0x0800646d   Thumb Code    82  main.o(i.PRINT_SERV)
    PendSV_Handler                           0x080064d1   Thumb Code     2  stm32f4xx_it.o(i.PendSV_Handler)
    RECEIVE_udp                              0x080064d5   Thumb Code   244  w5200.o(i.RECEIVE_udp)
    SEND_UDP_MSG                             0x08006655   Thumb Code    92  w5200.o(i.SEND_UDP_MSG)
    SEND_udp                                 0x080066bd   Thumb Code   164  w5200.o(i.SEND_udp)
    SERV_ID_DEL                              0x080067d1   Thumb Code    86  w5200.o(i.SERV_ID_DEL)
    SERV_ID_WR                               0x08006845   Thumb Code   424  w5200.o(i.SERV_ID_WR)
    SERV_WR                                  0x08006a21   Thumb Code    40  w5200.o(i.SERV_WR)
    STATUS_ID                                0x08006b5d   Thumb Code   148  w5200.o(i.STATUS_ID)
    SVC_Handler                              0x08006c39   Thumb Code     2  stm32f4xx_it.o(i.SVC_Handler)
    Set_network                              0x08006c3d   Thumb Code   610  w5200.o(i.Set_network)
    SysTick_Handler                          0x08006fd1   Thumb Code    88  stm32f4xx_it.o(i.SysTick_Handler)
    SystemClock_Config                       0x08007041   Thumb Code   204  main.o(i.SystemClock_Config)
    SystemInit                               0x08007115   Thumb Code    82  system_stm32f4xx.o(i.SystemInit)
    TIM_Base_SetConfig                       0x08007179   Thumb Code   134  stm32f4xx_hal_tim.o(i.TIM_Base_SetConfig)
    TIM_CCxChannelCmd                        0x0800721d   Thumb Code    34  stm32f4xx_hal_tim.o(i.TIM_CCxChannelCmd)
    TIM_ETR_SetConfig                        0x0800723f   Thumb Code    22  stm32f4xx_hal_tim.o(i.TIM_ETR_SetConfig)
    TIM_OC2_SetConfig                        0x080072c9   Thumb Code   100  stm32f4xx_hal_tim.o(i.TIM_OC2_SetConfig)
    TX_MSG_BUFF                              0x08007431   Thumb Code  1132  w5200.o(i.TX_MSG_BUFF)
    Transf                                   0x0800789d   Thumb Code    84  main.o(i.Transf)
    UART_DMA_TX                              0x080079a5   Thumb Code    68  main.o(i.UART_DMA_TX)
    UART_conrol                              0x08007ec9   Thumb Code    86  main.o(i.UART_conrol)
    USART1_IRQHandler                        0x08007f2d   Thumb Code    10  stm32f4xx_it.o(i.USART1_IRQHandler)
    USART6_IRQHandler                        0x08007f3d   Thumb Code    10  stm32f4xx_it.o(i.USART6_IRQHandler)
    UsageFault_Handler                       0x08007f4d   Thumb Code     4  stm32f4xx_it.o(i.UsageFault_Handler)
    __0sprintf                               0x08007f51   Thumb Code    34  printfa.o(i.__0sprintf)
    __1sprintf                               0x08007f51   Thumb Code     0  printfa.o(i.__0sprintf)
    __2sprintf                               0x08007f51   Thumb Code     0  printfa.o(i.__0sprintf)
    __c89sprintf                             0x08007f51   Thumb Code     0  printfa.o(i.__0sprintf)
    sprintf                                  0x08007f51   Thumb Code     0  printfa.o(i.__0sprintf)
    __aeabi_errno_addr                       0x08007fb1   Thumb Code     4  errno.o(i.__aeabi_errno_addr)
    __rt_errno_addr                          0x08007fb1   Thumb Code     0  errno.o(i.__aeabi_errno_addr)
    __scatterload_copy                       0x08007fb9   Thumb Code    14  handlers.o(i.__scatterload_copy)
    __scatterload_null                       0x08007fc7   Thumb Code     2  handlers.o(i.__scatterload_null)
    __scatterload_zeroinit                   0x08007fc9   Thumb Code    14  handlers.o(i.__scatterload_zeroinit)
    clearSUBR                                0x08008875   Thumb Code    36  w5200.o(i.clearSUBR)
    close                                    0x08008899   Thumb Code    82  w5200.o(i.close)
    delay_us                                 0x080088f9   Thumb Code    18  main.o(i.delay_us)
    f_out                                    0x0800890d   Thumb Code    60  main.o(i.f_out)
    getGAR                                   0x08008959   Thumb Code    38  w5200.o(i.getGAR)
    getIINCHIP_RxBASE                        0x08008981   Thumb Code    10  w5200.o(i.getIINCHIP_RxBASE)
    getIINCHIP_RxMASK                        0x08008991   Thumb Code    10  w5200.o(i.getIINCHIP_RxMASK)
    getIINCHIP_RxMAX                         0x080089a1   Thumb Code    10  w5200.o(i.getIINCHIP_RxMAX)
    getIINCHIP_TxBASE                        0x080089b1   Thumb Code    10  w5200.o(i.getIINCHIP_TxBASE)
    getIINCHIP_TxMASK                        0x080089c1   Thumb Code    10  w5200.o(i.getIINCHIP_TxMASK)
    getIINCHIP_TxMAX                         0x080089d1   Thumb Code    10  w5200.o(i.getIINCHIP_TxMAX)
    getSHAR                                  0x080089e1   Thumb Code    54  w5200.o(i.getSHAR)
    getSIPR                                  0x08008a17   Thumb Code    38  w5200.o(i.getSIPR)
    getSUBR                                  0x08008a3d   Thumb Code    26  w5200.o(i.getSUBR)
    getSn_RX_RSR                             0x08008a5d   Thumb Code   100  w5200.o(i.getSn_RX_RSR)
    getSn_SR                                 0x08008ac1   Thumb Code    22  w5200.o(i.getSn_SR)
    getchar1                                 0x08008ad9   Thumb Code    50  main.o(i.getchar1)
    idx_srv                                  0x08008b19   Thumb Code    22  main.o(i.idx_srv)
    iinchip_init                             0x08008b31   Thumb Code    16  w5200.o(i.iinchip_init)
    info                                     0x08008b4d   Thumb Code     2  main.o(i.info)
    init_array_pll                           0x08008b4f   Thumb Code   370  adf4351.o(i.init_array_pll)
    leng                                     0x08008cc1   Thumb Code    20  main.o(i.leng)
    main                                     0x08008cd5   Thumb Code   594  main.o(i.main)
    read_data                                0x08008fa1   Thumb Code   110  w5200.o(i.read_data)
    recvfrom                                 0x0800900f   Thumb Code   494  w5200.o(i.recvfrom)
    saveSUBR                                 0x080091fd   Thumb Code    20  w5200.o(i.saveSUBR)
    send_data_processing                     0x08009215   Thumb Code   106  w5200.o(i.send_data_processing)
    sendto                                   0x0800927f   Thumb Code   330  w5200.o(i.sendto)
    setGAR                                   0x080093c9   Thumb Code    38  w5200.o(i.setGAR)
    setMR                                    0x080093f1   Thumb Code    20  w5200.o(i.setMR)
    setRCR                                   0x0800940d   Thumb Code    14  w5200.o(i.setRCR)
    setRTR                                   0x0800941b   Thumb Code    22  w5200.o(i.setRTR)
    setSHAR                                  0x08009431   Thumb Code    54  w5200.o(i.setSHAR)
    setSIPR                                  0x08009467   Thumb Code    38  w5200.o(i.setSIPR)
    setSUBR                                  0x0800948d   Thumb Code    44  w5200.o(i.setSUBR)
    socket                                   0x080094bd   Thumb Code   212  w5200.o(i.socket)
    spi2send8                                0x080095a5   Thumb Code    32  main.o(i.spi2send8)
    spi3send32                               0x080095c9   Thumb Code   102  main.o(i.spi3send32)
    spi4send8                                0x08009635   Thumb Code    32  main.o(i.spi4send8)
    sysinit                                  0x08009659   Thumb Code   436  w5200.o(i.sysinit)
    u64_out                                  0x08009825   Thumb Code    70  main.o(i.u64_out)
    u_out                                    0x08009879   Thumb Code    36  main.o(i.u_out)
    un_out                                   0x080098a9   Thumb Code    30  main.o(i.un_out)
    wait_10ms                                0x080098d1   Thumb Code    24  w5200.o(i.wait_10ms)
    wiz_read_buf                             0x080098e9   Thumb Code    78  w5200.o(i.wiz_read_buf)
    wiz_write_buf                            0x08009937   Thumb Code    86  w5200.o(i.wiz_write_buf)
    write_data                               0x0800998d   Thumb Code   104  w5200.o(i.write_data)
    x_out                                    0x080099f5   Thumb Code    36  main.o(i.x_out)
    xn_out                                   0x08009a25   Thumb Code    30  main.o(i.xn_out)
    AHBPrescTable                            0x08009a54   Data          16  system_stm32f4xx.o(.constdata)
    APBPrescTable                            0x08009a64   Data           8  system_stm32f4xx.o(.constdata)
    __ctype_table                            0x08009a6c   Data         129  ctype_o.o(.constdata)
    Region$$Table$$Base                      0x08009b3c   Number         0  anon$$obj.o(Region$$Table)
    Region$$Table$$Limit                     0x08009b5c   Number         0  anon$$obj.o(Region$$Table)
    TIMER1                                   0x20000000   Data           4  main.o(.data)
    TIMER_BP_PWM                             0x20000004   Data           4  main.o(.data)
    SysTickDelay                             0x20000008   Data           4  main.o(.data)
    FLAG_T1                                  0x2000000c   Data           4  main.o(.data)
    FLAG_T2                                  0x20000010   Data           4  main.o(.data)
    FLAG_FAPCH_ON                            0x20000014   Data           1  main.o(.data)
    RX_uBUF                                  0x20000015   Data           1  main.o(.data)
    timer_DMA2                               0x20000018   Data           4  main.o(.data)
    flag_pachka_TXT                          0x2000001c   Data           1  main.o(.data)
    text_lengh                               0x2000001e   Data           2  main.o(.data)
    rx_wr_index1                             0x20000020   Data           4  main.o(.data)
    rx_rd_index1                             0x20000024   Data           4  main.o(.data)
    rx_counter1                              0x20000028   Data           4  main.o(.data)
    rx_buffer_overflow1                      0x2000002c   Data           1  main.o(.data)
    lsr                                      0x2000002d   Data           1  main.o(.data)
    lk                                       0x2000002e   Data           1  main.o(.data)
    led_tick                                 0x20000030   Data           4  main.o(.data)
    Master_flag                              0x20000034   Data           1  main.o(.data)
    lsym                                     0x20000035   Data           1  main.o(.data)
    sym                                      0x20000036   Data           1  main.o(.data)
    flag                                     0x20000037   Data           1  main.o(.data)
    NB                                       0x20000038   Data           1  main.o(.data)
    Adress                                   0x20000039   Data           1  main.o(.data)
    packet_sum                               0x2000003a   Data           1  main.o(.data)
    crc                                      0x2000003b   Data           1  main.o(.data)
    comanda                                  0x2000003c   Data           1  main.o(.data)
    ink1                                     0x2000003d   Data           1  main.o(.data)
    data_in                                  0x2000003e   Data           1  main.o(.data)
    lenght                                   0x20000040   Data           2  main.o(.data)
    SCH_LENGHT_PACKET                        0x20000042   Data           2  main.o(.data)
    index1                                   0x20000044   Data           4  main.o(.data)
    crc_ok                                   0x20000048   Data           1  main.o(.data)
    packet_ok                                0x20000049   Data           1  main.o(.data)
    packet_flag                              0x2000004a   Data           1  main.o(.data)
    indexZ                                   0x2000004c   Data           4  main.o(.data)
    index_word                               0x20000050   Data           4  main.o(.data)
    index_data_word                          0x20000054   Data           4  main.o(.data)
    index_data_word2                         0x20000058   Data           4  main.o(.data)
    lenght_data                              0x2000005c   Data           4  main.o(.data)
    data_flag                                0x20000060   Data           1  main.o(.data)
    data_flag2                               0x20000061   Data           1  main.o(.data)
    FLAG_lenght                              0x20000062   Data           1  main.o(.data)
    sch_lenght_data                          0x20000064   Data           4  main.o(.data)
    FLAG_DATA                                0x20000068   Data           1  main.o(.data)
    FLAG_CW                                  0x20000069   Data           1  main.o(.data)
    time_uart                                0x2000006c   Data           4  main.o(.data)
    flag_pcf                                 0x20000070   Data           1  main.o(.data)
    lsym1                                    0x20000071   Data           1  main.o(.data)
    pack_ok1                                 0x20000072   Data           1  main.o(.data)
    pack_sum1                                0x20000073   Data           1  main.o(.data)
    sym1                                     0x20000074   Data           1  main.o(.data)
    sch_rx_byte                              0x20000078   Data           4  main.o(.data)
    Adress_ATT1                              0x2000007c   Data           1  main.o(.data)
    Adress_ATT2                              0x2000007d   Data           1  main.o(.data)
    Adress_ATT3                              0x2000007e   Data           1  main.o(.data)
    Adress_ATT4                              0x2000007f   Data           1  main.o(.data)
    Adress_SWITCH                            0x20000080   Data           1  main.o(.data)
    Adress_KONTROL_WIRE                      0x20000081   Data           1  main.o(.data)
    Adress_KONTROL_1                         0x20000082   Data           1  main.o(.data)
    Adress_KONTROL_2                         0x20000083   Data           1  main.o(.data)
    PWRDN_DAC1                               0x20000084   Data           1  main.o(.data)
    PWRDN_DAC2                               0x20000085   Data           1  main.o(.data)
    PWRDN_ADC1                               0x20000086   Data           1  main.o(.data)
    PWRDN_ADC2                               0x20000087   Data           1  main.o(.data)
    RESET_DAC1                               0x20000088   Data           1  main.o(.data)
    RESET_DAC2                               0x20000089   Data           1  main.o(.data)
    RESET_ADC1                               0x2000008a   Data           1  main.o(.data)
    RESET_ADC2                               0x2000008b   Data           1  main.o(.data)
    EVENT_INT0                               0x2000008c   Data           1  main.o(.data)
    EVENT_INT1                               0x2000008d   Data           1  main.o(.data)
    EVENT_INT2                               0x2000008e   Data           1  main.o(.data)
    EVENT_INT3                               0x2000008f   Data           1  main.o(.data)
    EVENT_INT4                               0x20000090   Data           1  main.o(.data)
    EVENT_INT5                               0x20000091   Data           1  main.o(.data)
    EVENT_INT6                               0x20000092   Data           1  main.o(.data)
    EVENT_INT7                               0x20000093   Data           1  main.o(.data)
    EVENT_INT8                               0x20000094   Data           1  main.o(.data)
    FLAG_DMA_ADC                             0x20000095   Data           1  main.o(.data)
    TEST_LED                                 0x20000098   Data           4  main.o(.data)
    TIME_SYS                                 0x200000a0   Data           8  main.o(.data)
    TIME_TEST                                0x200000a8   Data           4  main.o(.data)
    ID_CMD                                   0x200000ac   Data           4  main.o(.data)
    PWR_CHANNEL                              0x200000b0   Data           1  main.o(.data)
    FLAG_PLL_ZAHVAT                          0x200000b1   Data           1  main.o(.data)
    START_BP                                 0x200000b2   Data           1  main.o(.data)
    crc_input                                0x200000b4   Data           4  main.o(.data)
    crc_comp                                 0x200000b8   Data           4  main.o(.data)
    adc_cntl                                 0x200000bc   Data           4  main.o(.data)
    FLAG_WDG                                 0x200000c0   Data           1  main.o(.data)
    flag_RX_UDP                              0x200000c4   Data           1  w5200.o(.data)
    RSR_len_TST                              0x200000c6   Data           2  w5200.o(.data)
    sch_tx_packet                            0x200000c8   Data           2  w5200.o(.data)
    presentTime                              0x200000cc   Data           4  w5200.o(.data)
    any_port                                 0x200000d0   Data           2  w5200.o(.data)
    ch_status                                0x200000d2   Data           2  w5200.o(.data)
    TX_BUF_LENGTH                            0x200000d4   Data           4  w5200.o(.data)
    lsr_razmer                               0x200000d8   Data           4  w5200.o(.data)
    my_time                                  0x200000dc   Data           4  w5200.o(.data)
    Enable_DHCP                              0x200000e0   Data           1  w5200.o(.data)
    NUMBER_BLOK                              0x200000e1   Data           1  w5200.o(.data)
    MAC                                      0x200000e2   Data           6  w5200.o(.data)
    IP                                       0x200000e8   Data           4  w5200.o(.data)
    GateWay                                  0x200000ec   Data           4  w5200.o(.data)
    SubNet                                   0x200000f0   Data           4  w5200.o(.data)
    Hard_reg                                 0x200000f4   Data           6  w5200.o(.data)
    Receive_IP                               0x200000fa   Data           4  w5200.o(.data)
    Receive_Port_destination                 0x200000fe   Data           2  w5200.o(.data)
    Receive_byte_size                        0x20000100   Data           2  w5200.o(.data)
    Rec_Flag                                 0x20000102   Data           1  w5200.o(.data)
    size                                     0x20000104   Data           2  w5200.o(.data)
    Dest_IP                                  0x20000106   Data           4  w5200.o(.data)
    Dest_PORT                                0x2000010a   Data           2  w5200.o(.data)
    Chconfig_Type_Def                        0x2000010c   Data           6  w5200.o(.data)
    txsize                                   0x20000112   Data           2  w5200.o(.data)
    rxsize                                   0x20000114   Data           2  w5200.o(.data)
    sch_packet_UDP_reciv                     0x20000118   Data           4  w5200.o(.data)
    windowfull_retry_cnt                     0x2000013c   Data           2  w5200.o(.data)
    pre_sent_ptr                             0x2000013e   Data           2  w5200.o(.data)
    sent_ptr                                 0x20000140   Data           2  w5200.o(.data)
    destip_UDP                               0x20000144   Data           4  w5200.o(.data)
    destport_UDP                             0x20000148   Data           2  w5200.o(.data)
    FLAG_UDP_EVENT                           0x2000014a   Data           2  w5200.o(.data)
    FLAG_UDP_INSTALL                         0x2000014c   Data           1  w5200.o(.data)
    Msg_uniq_id                              0x20000150   Data           4  w5200.o(.data)
    user_state                               0x20000154   Data           1  w5200.o(.data)
    text_lengh_TCP                           0x20000156   Data           2  w5200.o(.data)
    uwTick                                   0x20000158   Data           4  stm32f4xx_hal.o(.data)
    uwTickPrio                               0x2000015c   Data           4  stm32f4xx_hal.o(.data)
    uwTickFreq                               0x20000160   Data           1  stm32f4xx_hal.o(.data)
    SystemCoreClock                          0x20000164   Data           4  system_stm32f4xx.o(.data)
    hadc1                                    0x20000170   Data          72  main.o(.bss)
    hdma_adc1                                0x200001b8   Data          96  main.o(.bss)
    hi2c1                                    0x20000218   Data          84  main.o(.bss)
    hspi2                                    0x2000026c   Data          88  main.o(.bss)
    hspi3                                    0x200002c4   Data          88  main.o(.bss)
    hspi4                                    0x2000031c   Data          88  main.o(.bss)
    hspi5                                    0x20000374   Data          88  main.o(.bss)
    huart1                                   0x200003cc   Data          64  main.o(.bss)
    huart2                                   0x2000040c   Data          64  main.o(.bss)
    huart6                                   0x2000044c   Data          64  main.o(.bss)
    hdma_usart1_tx                           0x2000048c   Data          96  main.o(.bss)
    hdma_usart6_tx                           0x200004ec   Data          96  main.o(.bss)
    htim1                                    0x2000054c   Data          64  main.o(.bss)
    adcBuffer                                0x2000058c   Data          10  main.o(.bss)
    adc_ch                                   0x20000598   Data          68  main.o(.bss)
    transmitBuffer                           0x200005dc   Data          32  main.o(.bss)
    receiveBuffer                            0x200005fc   Data          32  main.o(.bss)
    text_buffer                              0x2000061c   Data        8192  main.o(.bss)
    rx_buffer1                               0x2000261c   Data          64  main.o(.bss)
    sr                                       0x2000265c   Data         201  main.o(.bss)
    strng                                    0x20002725   Data          32  main.o(.bss)
    InOut                                    0x20002745   Data         201  main.o(.bss)
    Word                                     0x2000280e   Data          32  main.o(.bss)
    DATA_Word                                0x2000282e   Data         200  main.o(.bss)
    DATA_Word2                               0x200028f6   Data         200  main.o(.bss)
    In_data                                  0x200029be   Data          64  main.o(.bss)
    INVOICE                                  0x20002a00   Data        4192  main.o(.bss)
    FRM1                                     0x20003a60   Data        4192  main.o(.bss)
    SERV1                                    0x20004ac0   Data        1064  main.o(.bss)
    ID_SERV1                                 0x20004ee8   Data        1192  main.o(.bss)
    CMD1                                     0x20005390   Data          16  main.o(.bss)
    ADDR_SNDR                                0x200053a0   Data          24  main.o(.bss)
    DBm                                      0x200053b8   Data        1340  main.o(.bss)
    strng1                                   0x200058f4   Data          64  w5200.o(.bss)
    TX_BUF                                   0x20005934   Data        2048  w5200.o(.bss)
    RX_BUF                                   0x20006134   Data        2048  w5200.o(.bss)
    Receive_DATA                             0x20006934   Data          16  w5200.o(.bss)
    Config_Msg                               0x20006944   Data          23  w5200.o(.bss)
    text_buffer_TCP                          0x2000695b   Data          64  w5200.o(.bss)
    pll1                                     0x2000699c   Data          44  adf4351.o(.bss)
    __initial_sp                             0x200089c8   Data           0  startup_stm32f411xe.o(STACK)



==============================================================================

Memory Map of the image

  Image Entry point : 0x08000199

  Load Region LR_IROM1 (Base: 0x08000000, Size: 0x00009cc8, Max: 0x00080000, ABSOLUTE, COMPRESSED[0x00009b94])

    Execution Region ER_IROM1 (Base: 0x08000000, Size: 0x00009b5c, Max: 0x00080000, ABSOLUTE)

    Base Addr    Size         Type   Attr      Idx    E Section Name        Object

    0x08000000   0x00000198   Data   RO            3    RESET               startup_stm32f411xe.o
    0x08000198   0x00000000   Code   RO         4943  * .ARM.Collect$$$$00000000  mc_w.l(entry.o)
    0x08000198   0x00000004   Code   RO         5231    .ARM.Collect$$$$00000001  mc_w.l(entry2.o)
    0x0800019c   0x00000004   Code   RO         5234    .ARM.Collect$$$$00000004  mc_w.l(entry5.o)
    0x080001a0   0x00000000   Code   RO         5236    .ARM.Collect$$$$00000008  mc_w.l(entry7b.o)
    0x080001a0   0x00000000   Code   RO         5238    .ARM.Collect$$$$0000000A  mc_w.l(entry8b.o)
    0x080001a0   0x00000008   Code   RO         5239    .ARM.Collect$$$$0000000B  mc_w.l(entry9a.o)
    0x080001a8   0x00000000   Code   RO         5241    .ARM.Collect$$$$0000000D  mc_w.l(entry10a.o)
    0x080001a8   0x00000000   Code   RO         5243    .ARM.Collect$$$$0000000F  mc_w.l(entry11a.o)
    0x080001a8   0x00000004   Code   RO         5232    .ARM.Collect$$$$00002712  mc_w.l(entry2.o)
    0x080001ac   0x00000024   Code   RO            4    .text               startup_stm32f411xe.o
    0x080001d0   0x00000062   Code   RO         4946    .text               mc_w.l(uldiv.o)
    0x08000232   0x00000020   Code   RO         4948    .text               mc_w.l(llushr.o)
    0x08000252   0x00000024   Code   RO         4950    .text               mc_w.l(memseta.o)
    0x08000276   0x0000000e   Code   RO         4952    .text               mc_w.l(strlen.o)
    0x08000284   0x0000001c   Code   RO         4954    .text               mc_w.l(strcmp.o)
    0x080002a0   0x0000001a   Code   RO         5217    .text               mc_w.l(atoi.o)
    0x080002ba   0x0000014e   Code   RO         5219    .text               mf_w.l(dadd.o)
    0x08000408   0x000000e4   Code   RO         5221    .text               mf_w.l(dmul.o)
    0x080004ec   0x000000de   Code   RO         5223    .text               mf_w.l(ddiv.o)
    0x080005ca   0x00000022   Code   RO         5225    .text               mf_w.l(dflti.o)
    0x080005ec   0x00000026   Code   RO         5227    .text               mf_w.l(f2d.o)
    0x08000612   0x00000038   Code   RO         5229    .text               mf_w.l(d2f.o)
    0x0800064a   0x0000002c   Code   RO         5248    .text               mc_w.l(uidiv.o)
    0x08000676   0x0000001e   Code   RO         5250    .text               mc_w.l(llshl.o)
    0x08000694   0x00000024   Code   RO         5252    .text               mc_w.l(llsshr.o)
    0x080006b8   0x00000070   Code   RO         5261    .text               mc_w.l(strtol.o)
    0x08000728   0x00000000   Code   RO         5263    .text               mc_w.l(iusefp.o)
    0x08000728   0x0000006e   Code   RO         5264    .text               mf_w.l(fepilogue.o)
    0x08000796   0x000000ba   Code   RO         5266    .text               mf_w.l(depilogue.o)
    0x08000850   0x00000030   Code   RO         5268    .text               mf_w.l(dfixul.o)
    0x08000880   0x00000030   Code   RO         5270    .text               mf_w.l(cdrcmple.o)
    0x080008b0   0x00000024   Code   RO         5272    .text               mc_w.l(init.o)
    0x080008d4   0x00000008   Code   RO         5275    .text               mc_w.l(ctype_o.o)
    0x080008dc   0x0000009e   Code   RO         5303    .text               mc_w.l(_strtoul.o)
    0x0800097a   0x0000001c   Code   RO         5306    .text               mc_w.l(_chval.o)
    0x08000996   0x00000056   Code   RO         5316    .text               mc_w.l(__dczerorl2.o)
    0x080009ec   0x0000007e   Code   RO         1272    i.ADC_DMAConvCplt   stm32f4xx_hal_adc.o
    0x08000a6a   0x0000001a   Code   RO         1273    i.ADC_DMAError      stm32f4xx_hal_adc.o
    0x08000a84   0x0000000e   Code   RO         1274    i.ADC_DMAHalfConvCplt  stm32f4xx_hal_adc.o
    0x08000a92   0x00000002   PAD
    0x08000a94   0x00000018   Code   RO          527    i.ADC_IRQHandler    stm32f4xx_it.o
    0x08000aac   0x00000160   Code   RO         1275    i.ADC_Init          stm32f4xx_hal_adc.o
    0x08000c0c   0x000000d0   Code   RO           14    i.ADC_test          main.o
    0x08000cdc   0x0000008c   Code   RO         1233    i.ADF4351_prog      adf4351.o
    0x08000d68   0x000000a0   Code   RO          760    i.ADR_FINDER        w5200.o
    0x08000e08   0x000000e0   Code   RO           15    i.ATT               main.o
    0x08000ee8   0x00000004   Code   RO          528    i.BusFault_Handler  stm32f4xx_it.o
    0x08000eec   0x000005c0   Code   RO           16    i.CMD_search        main.o
    0x080014ac   0x00000010   Code   RO          529    i.DMA2_Stream0_IRQHandler  stm32f4xx_it.o
    0x080014bc   0x00000010   Code   RO          530    i.DMA2_Stream6_IRQHandler  stm32f4xx_it.o
    0x080014cc   0x00000018   Code   RO          531    i.DMA2_Stream7_IRQHandler  stm32f4xx_it.o
    0x080014e4   0x0000001c   Code   RO           17    i.DMA_ADC           main.o
    0x08001500   0x00000034   Code   RO         4210    i.DMA_CalcBaseAndBitshift  stm32f4xx_hal_dma.o
    0x08001534   0x000000aa   Code   RO         4211    i.DMA_CheckFifoParam  stm32f4xx_hal_dma.o
    0x080015de   0x0000002c   Code   RO         4212    i.DMA_SetConfig     stm32f4xx_hal_dma.o
    0x0800160a   0x00000002   Code   RO          532    i.DebugMon_Handler  stm32f4xx_it.o
    0x0800160c   0x00000014   Code   RO           18    i.Delay             main.o
    0x08001620   0x0000002a   Code   RO          761    i.Delay_ms          w5200.o
    0x0800164a   0x00000002   Code   RO          762    i.Delay_us          w5200.o
    0x0800164c   0x000000b8   Code   RO          763    i.ERROR_CMD_MSG     w5200.o
    0x08001704   0x00000014   Code   RO          533    i.EXTI0_IRQHandler  stm32f4xx_it.o
    0x08001718   0x00000014   Code   RO          534    i.EXTI1_IRQHandler  stm32f4xx_it.o
    0x0800172c   0x00000014   Code   RO          535    i.EXTI3_IRQHandler  stm32f4xx_it.o
    0x08001740   0x00000018   Code   RO          536    i.EXTI9_5_IRQHandler  stm32f4xx_it.o
    0x08001758   0x00000002   Code   RO           19    i.Error_Handler     main.o
    0x0800175a   0x00000002   PAD
    0x0800175c   0x0000058c   Code   RO          764    i.FRAME_DECODE      w5200.o
    0x08001ce8   0x00000002   Code   RO         1446    i.HAL_ADCEx_InjectedConvCpltCallback  stm32f4xx_hal_adc_ex.o
    0x08001cea   0x00000002   PAD
    0x08001cec   0x000001a4   Code   RO         1277    i.HAL_ADC_ConfigChannel  stm32f4xx_hal_adc.o
    0x08001e90   0x00000010   Code   RO           21    i.HAL_ADC_ConvCpltCallback  main.o
    0x08001ea0   0x00000002   Code   RO         1279    i.HAL_ADC_ConvHalfCpltCallback  stm32f4xx_hal_adc.o
    0x08001ea2   0x00000002   Code   RO         1281    i.HAL_ADC_ErrorCallback  stm32f4xx_hal_adc.o
    0x08001ea4   0x00000174   Code   RO         1285    i.HAL_ADC_IRQHandler  stm32f4xx_hal_adc.o
    0x08002018   0x00000068   Code   RO         1286    i.HAL_ADC_Init      stm32f4xx_hal_adc.o
    0x08002080   0x00000002   Code   RO         1287    i.HAL_ADC_LevelOutOfWindowCallback  stm32f4xx_hal_adc.o
    0x08002082   0x00000002   PAD
    0x08002084   0x0000010c   Code   RO          670    i.HAL_ADC_MspInit   stm32f4xx_hal_msp.o
    0x08002190   0x00000104   Code   RO         1292    i.HAL_ADC_Start     stm32f4xx_hal_adc.o
    0x08002294   0x0000014c   Code   RO         1293    i.HAL_ADC_Start_DMA  stm32f4xx_hal_adc.o
    0x080023e0   0x00000028   Code   RO         4214    i.HAL_DMA_Abort_IT  stm32f4xx_hal_dma.o
    0x08002408   0x00000240   Code   RO         4218    i.HAL_DMA_IRQHandler  stm32f4xx_hal_dma.o
    0x08002648   0x000000ec   Code   RO         4219    i.HAL_DMA_Init      stm32f4xx_hal_dma.o
    0x08002734   0x0000009e   Code   RO         4223    i.HAL_DMA_Start_IT  stm32f4xx_hal_dma.o
    0x080027d2   0x00000002   Code   RO         4104    i.HAL_GPIO_EXTI_Callback  stm32f4xx_hal_gpio.o
    0x080027d4   0x0000001c   Code   RO         4105    i.HAL_GPIO_EXTI_IRQHandler  stm32f4xx_hal_gpio.o
    0x080027f0   0x000001d4   Code   RO         4106    i.HAL_GPIO_Init     stm32f4xx_hal_gpio.o
    0x080029c4   0x00000010   Code   RO         4108    i.HAL_GPIO_ReadPin  stm32f4xx_hal_gpio.o
    0x080029d4   0x0000000c   Code   RO         4110    i.HAL_GPIO_WritePin  stm32f4xx_hal_gpio.o
    0x080029e0   0x0000000c   Code   RO         4667    i.HAL_GetTick       stm32f4xx_hal.o
    0x080029ec   0x000001b4   Code   RO         1559    i.HAL_I2C_IsDeviceReady  stm32f4xx_hal_i2c.o
    0x08002ba0   0x000002f8   Code   RO         1564    i.HAL_I2C_Master_Receive  stm32f4xx_hal_i2c.o
    0x08002e98   0x00000170   Code   RO         1572    i.HAL_I2C_Master_Transmit  stm32f4xx_hal_i2c.o
    0x08003008   0x00000018   Code   RO         4673    i.HAL_IncTick       stm32f4xx_hal.o
    0x08003020   0x0000003c   Code   RO         4674    i.HAL_Init          stm32f4xx_hal.o
    0x0800305c   0x0000004c   Code   RO         4675    i.HAL_InitTick      stm32f4xx_hal.o
    0x080030a8   0x00000048   Code   RO          673    i.HAL_MspInit       stm32f4xx_hal_msp.o
    0x080030f0   0x00000020   Code   RO         4519    i.HAL_NVIC_EnableIRQ  stm32f4xx_hal_cortex.o
    0x08003110   0x0000007c   Code   RO         4525    i.HAL_NVIC_SetPriority  stm32f4xx_hal_cortex.o
    0x0800318c   0x00000028   Code   RO         4526    i.HAL_NVIC_SetPriorityGrouping  stm32f4xx_hal_cortex.o
    0x080031b4   0x00000180   Code   RO         3643    i.HAL_RCC_ClockConfig  stm32f4xx_hal_rcc.o
    0x08003334   0x0000000c   Code   RO         3648    i.HAL_RCC_GetHCLKFreq  stm32f4xx_hal_rcc.o
    0x08003340   0x00000020   Code   RO         3650    i.HAL_RCC_GetPCLK1Freq  stm32f4xx_hal_rcc.o
    0x08003360   0x00000020   Code   RO         3651    i.HAL_RCC_GetPCLK2Freq  stm32f4xx_hal_rcc.o
    0x08003380   0x000000b0   Code   RO         3652    i.HAL_RCC_GetSysClockFreq  stm32f4xx_hal_rcc.o
    0x08003430   0x00000448   Code   RO         3655    i.HAL_RCC_OscConfig  stm32f4xx_hal_rcc.o
    0x08003878   0x0000008c   Code   RO         2061    i.HAL_SPI_Init      stm32f4xx_hal_spi.o
    0x08003904   0x000001e4   Code   RO          675    i.HAL_SPI_MspInit   stm32f4xx_hal_msp.o
    0x08003ae8   0x0000022a   Code   RO         2070    i.HAL_SPI_TransmitReceive  stm32f4xx_hal_spi.o
    0x08003d12   0x00000028   Code   RO         4528    i.HAL_SYSTICK_CLKSourceConfig  stm32f4xx_hal_cortex.o
    0x08003d3a   0x00000034   Code   RO         4530    i.HAL_SYSTICK_Config  stm32f4xx_hal_cortex.o
    0x08003d6e   0x00000054   Code   RO         3078    i.HAL_TIMEx_MasterConfigSynchronization  stm32f4xx_hal_tim_ex.o
    0x08003dc2   0x00000034   Code   RO         2374    i.HAL_TIM_Base_Init  stm32f4xx_hal_tim.o
    0x08003df6   0x00000002   PAD
    0x08003df8   0x00000034   Code   RO          677    i.HAL_TIM_Base_MspInit  stm32f4xx_hal_msp.o
    0x08003e2c   0x00000108   Code   RO         2383    i.HAL_TIM_ConfigClockSource  stm32f4xx_hal_tim.o
    0x08003f34   0x00000064   Code   RO          678    i.HAL_TIM_MspPostInit  stm32f4xx_hal_msp.o
    0x08003f98   0x00000108   Code   RO         2441    i.HAL_TIM_PWM_ConfigChannel  stm32f4xx_hal_tim.o
    0x080040a0   0x00000034   Code   RO         2444    i.HAL_TIM_PWM_Init  stm32f4xx_hal_tim.o
    0x080040d4   0x00000002   Code   RO         2446    i.HAL_TIM_PWM_MspInit  stm32f4xx_hal_tim.o
    0x080040d6   0x00000002   PAD
    0x080040d8   0x0000004c   Code   RO         2449    i.HAL_TIM_PWM_Start  stm32f4xx_hal_tim.o
    0x08004124   0x00000002   Code   RO         3332    i.HAL_UART_ErrorCallback  stm32f4xx_hal_uart.o
    0x08004126   0x00000014   Code   RO         3334    i.HAL_UART_GetState  stm32f4xx_hal_uart.o
    0x0800413a   0x00000002   PAD
    0x0800413c   0x0000014c   Code   RO         3335    i.HAL_UART_IRQHandler  stm32f4xx_hal_uart.o
    0x08004288   0x00000072   Code   RO         3336    i.HAL_UART_Init     stm32f4xx_hal_uart.o
    0x080042fa   0x00000002   PAD
    0x080042fc   0x000001a8   Code   RO          680    i.HAL_UART_MspInit  stm32f4xx_hal_msp.o
    0x080044a4   0x00000070   Code   RO         3341    i.HAL_UART_Receive_IT  stm32f4xx_hal_uart.o
    0x08004514   0x00000060   Code   RO           22    i.HAL_UART_RxCpltCallback  main.o
    0x08004574   0x0000009c   Code   RO         3345    i.HAL_UART_Transmit_DMA  stm32f4xx_hal_uart.o
    0x08004610   0x00000002   Code   RO         3347    i.HAL_UART_TxCpltCallback  stm32f4xx_hal_uart.o
    0x08004612   0x00000002   Code   RO         3348    i.HAL_UART_TxHalfCpltCallback  stm32f4xx_hal_uart.o
    0x08004614   0x00000004   Code   RO          537    i.HardFault_Handler  stm32f4xx_it.o
    0x08004618   0x0000003e   Code   RO         1602    i.I2C_IsAcknowledgeFailed  stm32f4xx_hal_i2c.o
    0x08004656   0x00000002   PAD
    0x08004658   0x00000130   Code   RO         1605    i.I2C_MasterRequestRead  stm32f4xx_hal_i2c.o
    0x08004788   0x000000bc   Code   RO         1606    i.I2C_MasterRequestWrite  stm32f4xx_hal_i2c.o
    0x08004844   0x0000005c   Code   RO         1622    i.I2C_WaitOnBTFFlagUntilTimeout  stm32f4xx_hal_i2c.o
    0x080048a0   0x00000086   Code   RO         1623    i.I2C_WaitOnFlagUntilTimeout  stm32f4xx_hal_i2c.o
    0x08004926   0x000000c4   Code   RO         1624    i.I2C_WaitOnMasterAddressFlagUntilTimeout  stm32f4xx_hal_i2c.o
    0x080049ea   0x00000080   Code   RO         1625    i.I2C_WaitOnRXNEFlagUntilTimeout  stm32f4xx_hal_i2c.o
    0x08004a6a   0x0000005c   Code   RO         1627    i.I2C_WaitOnTXEFlagUntilTimeout  stm32f4xx_hal_i2c.o
    0x08004ac6   0x00000002   PAD
    0x08004ac8   0x00000014   Code   RO          765    i.IINCHIP_CSoff     w5200.o
    0x08004adc   0x00000014   Code   RO          766    i.IINCHIP_CSon      w5200.o
    0x08004af0   0x00000030   Code   RO          767    i.IINCHIP_READ      w5200.o
    0x08004b20   0x0000000c   Code   RO          768    i.IINCHIP_SpiSendData  w5200.o
    0x08004b2c   0x00000030   Code   RO          769    i.IINCHIP_WRITE     w5200.o
    0x08004b5c   0x00000138   Code   RO         1234    i.INIT_PLL          adf4351.o
    0x08004c94   0x0000008e   Code   RO          770    i.INIT_SERV_ARCHIV  w5200.o
    0x08004d22   0x00000002   PAD
    0x08004d24   0x00000a94   Code   RO           23    i.IO                main.o
    0x080057b8   0x000000d4   Code   RO           24    i.LED               main.o
    0x0800588c   0x000000c8   Code   RO          771    i.MSG_SHOW          w5200.o
    0x08005954   0x00000070   Code   RO           25    i.MX_ADC1_Init      main.o
    0x080059c4   0x00000058   Code   RO           26    i.MX_DMA_Init       main.o
    0x08005a1c   0x00000174   Code   RO           27    i.MX_GPIO_Init      main.o
    0x08005b90   0x00000044   Code   RO           29    i.MX_SPI2_Init      main.o
    0x08005bd4   0x00000044   Code   RO           30    i.MX_SPI3_Init      main.o
    0x08005c18   0x00000044   Code   RO           31    i.MX_SPI4_Init      main.o
    0x08005c5c   0x00000044   Code   RO           32    i.MX_SPI5_Init      main.o
    0x08005ca0   0x00000078   Code   RO           33    i.MX_TIM1_Init      main.o
    0x08005d18   0x00000038   Code   RO           34    i.MX_USART1_UART_Init  main.o
    0x08005d50   0x00000320   Code   RO           37    i.Massiv_dbm        main.o
    0x08006070   0x00000004   Code   RO          538    i.MemManage_Handler  stm32f4xx_it.o
    0x08006074   0x00000388   Code   RO           38    i.Menu1             main.o
    0x080063fc   0x00000002   Code   RO          539    i.NMI_Handler       stm32f4xx_it.o
    0x080063fe   0x00000002   PAD
    0x08006400   0x0000006c   Code   RO           40    i.PLL_ZAHVAT        main.o
    0x0800646c   0x00000064   Code   RO           41    i.PRINT_SERV        main.o
    0x080064d0   0x00000002   Code   RO          540    i.PendSV_Handler    stm32f4xx_it.o
    0x080064d2   0x00000002   PAD
    0x080064d4   0x00000180   Code   RO          772    i.RECEIVE_udp       w5200.o
    0x08006654   0x00000068   Code   RO          773    i.SEND_UDP_MSG      w5200.o
    0x080066bc   0x00000114   Code   RO          774    i.SEND_udp          w5200.o
    0x080067d0   0x00000074   Code   RO          775    i.SERV_ID_DEL       w5200.o
    0x08006844   0x000001dc   Code   RO          776    i.SERV_ID_WR        w5200.o
    0x08006a20   0x00000028   Code   RO          777    i.SERV_WR           w5200.o
    0x08006a48   0x0000006c   Code   RO         2099    i.SPI_EndRxTxTransaction  stm32f4xx_hal_spi.o
    0x08006ab4   0x000000a8   Code   RO         2104    i.SPI_WaitFlagStateUntilTimeout  stm32f4xx_hal_spi.o
    0x08006b5c   0x000000dc   Code   RO          778    i.STATUS_ID         w5200.o
    0x08006c38   0x00000002   Code   RO          541    i.SVC_Handler       stm32f4xx_it.o
    0x08006c3a   0x00000002   PAD
    0x08006c3c   0x00000394   Code   RO          780    i.Set_network       w5200.o
    0x08006fd0   0x00000070   Code   RO          542    i.SysTick_Handler   stm32f4xx_it.o
    0x08007040   0x000000d4   Code   RO           43    i.SystemClock_Config  main.o
    0x08007114   0x00000064   Code   RO         4910    i.SystemInit        system_stm32f4xx.o
    0x08007178   0x000000a4   Code   RO         2462    i.TIM_Base_SetConfig  stm32f4xx_hal_tim.o
    0x0800721c   0x00000022   Code   RO         2463    i.TIM_CCxChannelCmd  stm32f4xx_hal_tim.o
    0x0800723e   0x00000016   Code   RO         2473    i.TIM_ETR_SetConfig  stm32f4xx_hal_tim.o
    0x08007254   0x00000012   Code   RO         2474    i.TIM_ITRx_SetConfig  stm32f4xx_hal_tim.o
    0x08007266   0x00000002   PAD
    0x08007268   0x00000060   Code   RO         2475    i.TIM_OC1_SetConfig  stm32f4xx_hal_tim.o
    0x080072c8   0x00000068   Code   RO         2476    i.TIM_OC2_SetConfig  stm32f4xx_hal_tim.o
    0x08007330   0x00000068   Code   RO         2477    i.TIM_OC3_SetConfig  stm32f4xx_hal_tim.o
    0x08007398   0x00000048   Code   RO         2478    i.TIM_OC4_SetConfig  stm32f4xx_hal_tim.o
    0x080073e0   0x00000026   Code   RO         2480    i.TIM_TI1_ConfigInputStage  stm32f4xx_hal_tim.o
    0x08007406   0x00000028   Code   RO         2482    i.TIM_TI2_ConfigInputStage  stm32f4xx_hal_tim.o
    0x0800742e   0x00000002   PAD
    0x08007430   0x0000046c   Code   RO          781    i.TX_MSG_BUFF       w5200.o
    0x0800789c   0x00000060   Code   RO           44    i.Transf            main.o
    0x080078fc   0x00000014   Code   RO         3349    i.UART_DMAAbortOnError  stm32f4xx_hal_uart.o
    0x08007910   0x00000050   Code   RO         3350    i.UART_DMAError     stm32f4xx_hal_uart.o
    0x08007960   0x00000036   Code   RO         3355    i.UART_DMATransmitCplt  stm32f4xx_hal_uart.o
    0x08007996   0x0000000e   Code   RO         3357    i.UART_DMATxHalfCplt  stm32f4xx_hal_uart.o
    0x080079a4   0x00000058   Code   RO           45    i.UART_DMA_TX       main.o
    0x080079fc   0x00000020   Code   RO         3359    i.UART_EndRxTransfer  stm32f4xx_hal_uart.o
    0x08007a1c   0x00000020   Code   RO         3360    i.UART_EndTransmit_IT  stm32f4xx_hal_uart.o
    0x08007a3c   0x00000014   Code   RO         3361    i.UART_EndTxTransfer  stm32f4xx_hal_uart.o
    0x08007a50   0x000000a6   Code   RO         3362    i.UART_Receive_IT   stm32f4xx_hal_uart.o
    0x08007af6   0x00000002   PAD
    0x08007af8   0x00000368   Code   RO         3363    i.UART_SetConfig    stm32f4xx_hal_uart.o
    0x08007e60   0x00000068   Code   RO         3364    i.UART_Transmit_IT  stm32f4xx_hal_uart.o
    0x08007ec8   0x00000064   Code   RO           47    i.UART_conrol       main.o
    0x08007f2c   0x00000010   Code   RO          544    i.USART1_IRQHandler  stm32f4xx_it.o
    0x08007f3c   0x00000010   Code   RO          545    i.USART6_IRQHandler  stm32f4xx_it.o
    0x08007f4c   0x00000004   Code   RO          546    i.UsageFault_Handler  stm32f4xx_it.o
    0x08007f50   0x00000028   Code   RO         5191    i.__0sprintf        mc_w.l(printfa.o)
    0x08007f78   0x00000010   Code   RO         4532    i.__NVIC_GetPriorityGrouping  stm32f4xx_hal_cortex.o
    0x08007f88   0x00000028   Code   RO         4533    i.__NVIC_SetPriority  stm32f4xx_hal_cortex.o
    0x08007fb0   0x00000008   Code   RO         5254    i.__aeabi_errno_addr  mc_w.l(errno.o)
    0x08007fb8   0x0000000e   Code   RO         5310    i.__scatterload_copy  mc_w.l(handlers.o)
    0x08007fc6   0x00000002   Code   RO         5311    i.__scatterload_null  mc_w.l(handlers.o)
    0x08007fc8   0x0000000e   Code   RO         5312    i.__scatterload_zeroinit  mc_w.l(handlers.o)
    0x08007fd6   0x00000002   PAD
    0x08007fd8   0x00000164   Code   RO         5196    i._fp_digits        mc_w.l(printfa.o)
    0x0800813c   0x000006dc   Code   RO         5197    i._printf_core      mc_w.l(printfa.o)
    0x08008818   0x00000024   Code   RO         5198    i._printf_post_padding  mc_w.l(printfa.o)
    0x0800883c   0x0000002e   Code   RO         5199    i._printf_pre_padding  mc_w.l(printfa.o)
    0x0800886a   0x0000000a   Code   RO         5201    i._sputc            mc_w.l(printfa.o)
    0x08008874   0x00000024   Code   RO          782    i.clearSUBR         w5200.o
    0x08008898   0x00000060   Code   RO          783    i.close             w5200.o
    0x080088f8   0x00000012   Code   RO           50    i.delay_us          main.o
    0x0800890a   0x00000002   PAD
    0x0800890c   0x0000004c   Code   RO           51    i.f_out             main.o
    0x08008958   0x00000026   Code   RO          786    i.getGAR            w5200.o
    0x0800897e   0x00000002   PAD
    0x08008980   0x00000010   Code   RO          787    i.getIINCHIP_RxBASE  w5200.o
    0x08008990   0x00000010   Code   RO          788    i.getIINCHIP_RxMASK  w5200.o
    0x080089a0   0x00000010   Code   RO          789    i.getIINCHIP_RxMAX  w5200.o
    0x080089b0   0x00000010   Code   RO          790    i.getIINCHIP_TxBASE  w5200.o
    0x080089c0   0x00000010   Code   RO          791    i.getIINCHIP_TxMASK  w5200.o
    0x080089d0   0x00000010   Code   RO          792    i.getIINCHIP_TxMAX  w5200.o
    0x080089e0   0x00000036   Code   RO          795    i.getSHAR           w5200.o
    0x08008a16   0x00000026   Code   RO          796    i.getSIPR           w5200.o
    0x08008a3c   0x00000020   Code   RO          797    i.getSUBR           w5200.o
    0x08008a5c   0x00000064   Code   RO          799    i.getSn_RX_RSR      w5200.o
    0x08008ac0   0x00000016   Code   RO          800    i.getSn_SR          w5200.o
    0x08008ad6   0x00000002   PAD
    0x08008ad8   0x00000040   Code   RO           52    i.getchar1          main.o
    0x08008b18   0x00000016   Code   RO           55    i.idx_srv           main.o
    0x08008b2e   0x00000002   PAD
    0x08008b30   0x0000001c   Code   RO          802    i.iinchip_init      w5200.o
    0x08008b4c   0x00000002   Code   RO           57    i.info              main.o
    0x08008b4e   0x00000172   Code   RO         1235    i.init_array_pll    adf4351.o
    0x08008cc0   0x00000014   Code   RO           59    i.leng              main.o
    0x08008cd4   0x000002cc   Code   RO           60    i.main              main.o
    0x08008fa0   0x0000006e   Code   RO          808    i.read_data         w5200.o
    0x0800900e   0x000001ee   Code   RO          811    i.recvfrom          w5200.o
    0x080091fc   0x00000018   Code   RO          812    i.saveSUBR          w5200.o
    0x08009214   0x0000006a   Code   RO          815    i.send_data_processing  w5200.o
    0x0800927e   0x0000014a   Code   RO          816    i.sendto            w5200.o
    0x080093c8   0x00000026   Code   RO          817    i.setGAR            w5200.o
    0x080093ee   0x00000002   PAD
    0x080093f0   0x0000001c   Code   RO          819    i.setMR             w5200.o
    0x0800940c   0x0000000e   Code   RO          820    i.setRCR            w5200.o
    0x0800941a   0x00000016   Code   RO          821    i.setRTR            w5200.o
    0x08009430   0x00000036   Code   RO          822    i.setSHAR           w5200.o
    0x08009466   0x00000026   Code   RO          823    i.setSIPR           w5200.o
    0x0800948c   0x00000030   Code   RO          824    i.setSUBR           w5200.o
    0x080094bc   0x000000e8   Code   RO          828    i.socket            w5200.o
    0x080095a4   0x00000024   Code   RO           62    i.spi2send8         main.o
    0x080095c8   0x0000006c   Code   RO           63    i.spi3send32        main.o
    0x08009634   0x00000024   Code   RO           66    i.spi4send8         main.o
    0x08009658   0x000001cc   Code   RO          829    i.sysinit           w5200.o
    0x08009824   0x00000054   Code   RO           70    i.u64_out           main.o
    0x08009878   0x00000030   Code   RO           71    i.u_out             main.o
    0x080098a8   0x00000028   Code   RO           72    i.un_out            main.o
    0x080098d0   0x00000018   Code   RO          831    i.wait_10ms         w5200.o
    0x080098e8   0x0000004e   Code   RO          832    i.wiz_read_buf      w5200.o
    0x08009936   0x00000056   Code   RO          833    i.wiz_write_buf     w5200.o
    0x0800998c   0x00000068   Code   RO          834    i.write_data        w5200.o
    0x080099f4   0x00000030   Code   RO           74    i.x_out             main.o
    0x08009a24   0x00000028   Code   RO           75    i.xn_out            main.o
    0x08009a4c   0x00000008   Data   RO         4225    .constdata          stm32f4xx_hal_dma.o
    0x08009a54   0x00000018   Data   RO         4911    .constdata          system_stm32f4xx.o
    0x08009a6c   0x00000081   Data   RO         5276    .constdata          mc_w.l(ctype_o.o)
    0x08009aed   0x00000003   PAD
    0x08009af0   0x00000004   Data   RO         5277    .constdata          mc_w.l(ctype_o.o)
    0x08009af4   0x00000045   Data   RO           77    .conststring        main.o
    0x08009b39   0x00000003   PAD
    0x08009b3c   0x00000020   Data   RO         5308    Region$$Table       anon$$obj.o


    Execution Region RW_IRAM1 (Base: 0x20000000, Size: 0x000089c8, Max: 0x00020000, ABSOLUTE, COMPRESSED[0x00000038])

    Base Addr    Size         Type   Attr      Idx    E Section Name        Object

    0x20000000   0x000000c3   Data   RW           78    .data               main.o
    0x200000c3   0x00000001   PAD
    0x200000c4   0x00000094   Data   RW          836    .data               w5200.o
    0x20000158   0x00000009   Data   RW         4681    .data               stm32f4xx_hal.o
    0x20000161   0x00000003   PAD
    0x20000164   0x00000004   Data   RW         4912    .data               system_stm32f4xx.o
    0x20000168   0x00000004   Data   RW         5257    .data               mc_w.l(errno.o)
    0x2000016c   0x00000004   PAD
    0x20000170   0x00005784   Zero   RW           76    .bss                main.o
    0x200058f4   0x000010a7   Zero   RW          835    .bss                w5200.o
    0x2000699b   0x00000001   PAD
    0x2000699c   0x0000002c   Zero   RW         1236    .bss                adf4351.o
    0x200069c8   0x00002000   Zero   RW            1    STACK               startup_stm32f411xe.o


==============================================================================

Image component sizes


      Code (inc. data)   RO Data    RW Data    ZI Data      Debug   Object Name

       822         16          0          0         44       3258   adf4351.o
      9772       2338         69        195      22404     495563   main.o
        36          8        408          0       8192        856   startup_stm32f411xe.o
       172         32          0          9          0       4029   stm32f4xx_hal.o
      2012         78          0          0          0       9306   stm32f4xx_hal_adc.o
         2          0          0          0          0       1049   stm32f4xx_hal_adc_ex.o
       344         22          0          0          0      35177   stm32f4xx_hal_cortex.o
      1276         16          8          0          0       6270   stm32f4xx_hal_dma.o
       526         36          0          0          0       4255   stm32f4xx_hal_gpio.o
      2760         40          0          0          0      11611   stm32f4xx_hal_i2c.o
      1400        114          0          0          0       5252   stm32f4xx_hal_msp.o
      1732         84          0          0          0       5644   stm32f4xx_hal_rcc.o
       970          8          0          0          0       4477   stm32f4xx_hal_spi.o
      1402         54          0          0          0      12298   stm32f4xx_hal_tim.o
        84          0          0          0          0       1308   stm32f4xx_hal_tim_ex.o
      2134         26          0          0          0      12729   stm32f4xx_hal_uart.o
       332         82          0          0          0       9491   stm32f4xx_it.o
       100         18         24          4          0       1215   system_stm32f4xx.o
      8792       1220          0        148       4263      43525   w5200.o

    ----------------------------------------------------------------------
     34712       4192        544        360      34904     667313   Object Totals
         0          0         32          0          0          0   (incl. Generated)
        44          0          3          4          1          0   (incl. Padding)

    ----------------------------------------------------------------------

      Code (inc. data)   RO Data    RW Data    ZI Data      Debug   Library Member Name

        86          0          0          0          0          0   __dczerorl2.o
        28          0          0          0          0         68   _chval.o
       158          0          0          0          0         92   _strtoul.o
        26          0          0          0          0         80   atoi.o
         8          4        133          0          0         68   ctype_o.o
         0          0          0          0          0          0   entry.o
         0          0          0          0          0          0   entry10a.o
         0          0          0          0          0          0   entry11a.o
         8          4          0          0          0          0   entry2.o
         4          0          0          0          0          0   entry5.o
         0          0          0          0          0          0   entry7b.o
         0          0          0          0          0          0   entry8b.o
         8          4          0          0          0          0   entry9a.o
         8          4          0          4          0         68   errno.o
        30          0          0          0          0          0   handlers.o
        36          8          0          0          0         68   init.o
         0          0          0          0          0          0   iusefp.o
        30          0          0          0          0         68   llshl.o
        36          0          0          0          0         68   llsshr.o
        32          0          0          0          0         68   llushr.o
        36          0          0          0          0        108   memseta.o
      2244         86          0          0          0        512   printfa.o
        28          0          0          0          0         76   strcmp.o
        14          0          0          0          0         68   strlen.o
       112          0          0          0          0         88   strtol.o
        44          0          0          0          0         80   uidiv.o
        98          0          0          0          0         92   uldiv.o
        48          0          0          0          0         68   cdrcmple.o
        56          0          0          0          0         88   d2f.o
       334          0          0          0          0        148   dadd.o
       222          0          0          0          0        100   ddiv.o
       186          0          0          0          0        176   depilogue.o
        48          0          0          0          0         68   dfixul.o
        34          0          0          0          0         76   dflti.o
       228          0          0          0          0         96   dmul.o
        38          0          0          0          0         68   f2d.o
       110          0          0          0          0        168   fepilogue.o

    ----------------------------------------------------------------------
      4380        110        136          4          4       2728   Library Totals
         2          0          3          0          4          0   (incl. Padding)

    ----------------------------------------------------------------------

      Code (inc. data)   RO Data    RW Data    ZI Data      Debug   Library Name

      3074        110        133          4          0       1672   mc_w.l
      1304          0          0          0          0       1056   mf_w.l

    ----------------------------------------------------------------------
      4380        110        136          4          4       2728   Library Totals

    ----------------------------------------------------------------------

==============================================================================


      Code (inc. data)   RO Data    RW Data    ZI Data      Debug   

     39092       4302        680        364      34908     647921   Grand Totals
     39092       4302        680         56      34908     647921   ELF Image Totals (compressed)
     39092       4302        680         56          0          0   ROM Totals

==============================================================================

    Total RO  Size (Code + RO Data)                39772 (  38.84kB)
    Total RW  Size (RW Data + ZI Data)             35272 (  34.45kB)
    Total ROM Size (Code + RO Data + RW Data)      39828 (  38.89kB)

==============================================================================

