Component: ARM Compiler 5.05 update 1 (build 106) Tool: armlink [4d0efa]

==============================================================================

Section Cross References

    startup_stm32f411xe.o(RESET) refers to startup_stm32f411xe.o(STACK) for __initial_sp
    startup_stm32f411xe.o(RESET) refers to startup_stm32f411xe.o(.text) for Reset_Handler
    startup_stm32f411xe.o(RESET) refers to stm32f4xx_it.o(i.NMI_Handler) for NMI_Handler
    startup_stm32f411xe.o(RESET) refers to stm32f4xx_it.o(i.HardFault_Handler) for HardFault_Handler
    startup_stm32f411xe.o(RESET) refers to stm32f4xx_it.o(i.MemManage_Handler) for MemManage_Handler
    startup_stm32f411xe.o(RESET) refers to stm32f4xx_it.o(i.BusFault_Handler) for BusFault_Handler
    startup_stm32f411xe.o(RESET) refers to stm32f4xx_it.o(i.UsageFault_Handler) for UsageFault_Handler
    startup_stm32f411xe.o(RESET) refers to stm32f4xx_it.o(i.SVC_Handler) for SVC_Handler
    startup_stm32f411xe.o(RESET) refers to stm32f4xx_it.o(i.DebugMon_Handler) for DebugMon_Handler
    startup_stm32f411xe.o(RESET) refers to stm32f4xx_it.o(i.PendSV_Handler) for PendSV_Handler
    startup_stm32f411xe.o(RESET) refers to stm32f4xx_it.o(i.SysTick_Handler) for SysTick_Handler
    startup_stm32f411xe.o(RESET) refers to stm32f4xx_it.o(i.EXTI0_IRQHandler) for EXTI0_IRQHandler
    startup_stm32f411xe.o(RESET) refers to stm32f4xx_it.o(i.EXTI1_IRQHandler) for EXTI1_IRQHandler
    startup_stm32f411xe.o(RESET) refers to stm32f4xx_it.o(i.EXTI3_IRQHandler) for EXTI3_IRQHandler
    startup_stm32f411xe.o(RESET) refers to stm32f4xx_it.o(i.ADC_IRQHandler) for ADC_IRQHandler
    startup_stm32f411xe.o(RESET) refers to stm32f4xx_it.o(i.EXTI9_5_IRQHandler) for EXTI9_5_IRQHandler
    startup_stm32f411xe.o(RESET) refers to stm32f4xx_it.o(i.USART1_IRQHandler) for USART1_IRQHandler
    startup_stm32f411xe.o(RESET) refers to stm32f4xx_it.o(i.DMA2_Stream0_IRQHandler) for DMA2_Stream0_IRQHandler
    startup_stm32f411xe.o(RESET) refers to stm32f4xx_it.o(i.DMA2_Stream6_IRQHandler) for DMA2_Stream6_IRQHandler
    startup_stm32f411xe.o(RESET) refers to stm32f4xx_it.o(i.DMA2_Stream7_IRQHandler) for DMA2_Stream7_IRQHandler
    startup_stm32f411xe.o(RESET) refers to stm32f4xx_it.o(i.USART6_IRQHandler) for USART6_IRQHandler
    startup_stm32f411xe.o(.text) refers to system_stm32f4xx.o(i.SystemInit) for SystemInit
    startup_stm32f411xe.o(.text) refers to entry.o(.ARM.Collect$$$$00000000) for __main
    main.o(i.ADC_Temp) refers to f2d.o(.text) for __aeabi_f2d
    main.o(i.ADC_Temp) refers to dadd.o(.text) for __aeabi_dsub
    main.o(i.ADC_Temp) refers to ddiv.o(.text) for __aeabi_ddiv
    main.o(i.ADC_Temp) refers to d2f.o(.text) for __aeabi_d2f
    main.o(i.ADC_meas) refers to f2d.o(.text) for __aeabi_f2d
    main.o(i.ADC_meas) refers to dmul.o(.text) for __aeabi_dmul
    main.o(i.ADC_meas) refers to ddiv.o(.text) for __aeabi_ddiv
    main.o(i.ADC_meas) refers to d2f.o(.text) for __aeabi_d2f
    main.o(i.ADC_meas) refers to main.o(i.ADC_Temp) for ADC_Temp
    main.o(i.ADC_meas) refers to main.o(.bss) for adcBuffer
    main.o(i.ADC_meas) refers to main.o(.data) for U12V
    main.o(i.ADC_test) refers to main.o(i.u_out) for u_out
    main.o(i.ADC_test) refers to dfltui.o(.text) for __aeabi_ui2d
    main.o(i.ADC_test) refers to dmul.o(.text) for __aeabi_dmul
    main.o(i.ADC_test) refers to ddiv.o(.text) for __aeabi_ddiv
    main.o(i.ADC_test) refers to d2f.o(.text) for __aeabi_d2f
    main.o(i.ADC_test) refers to main.o(i.f_out) for f_out
    main.o(i.ADC_test) refers to main.o(.bss) for adcBuffer
    main.o(i.ATT) refers to stm32f4xx_hal_gpio.o(i.HAL_GPIO_WritePin) for HAL_GPIO_WritePin
    main.o(i.ATT) refers to main.o(i.delay_us) for delay_us
    main.o(i.ATT) refers to main.o(.data) for FLAG_ATT_LEVEL
    main.o(i.CMD_search) refers to main.o(i.Transf) for Transf
    main.o(i.CMD_search) refers to main.o(i.idx_srv) for idx_srv
    main.o(i.CMD_search) refers to main.o(i.IO) for IO
    main.o(i.CMD_search) refers to w5200.o(i.ADR_FINDER) for ADR_FINDER
    main.o(i.CMD_search) refers to main.o(i.u_out) for u_out
    main.o(i.CMD_search) refers to w5200.o(i.ERROR_CMD_MSG) for ERROR_CMD_MSG
    main.o(i.CMD_search) refers to w5200.o(i.SERV_ID_DEL) for SERV_ID_DEL
    main.o(i.CMD_search) refers to main.o(i.un_out) for un_out
    main.o(i.CMD_search) refers to adf4351.o(i.ADF4351_prog) for ADF4351_prog
    main.o(i.CMD_search) refers to main.o(i.ATT) for ATT
    main.o(i.CMD_search) refers to stm32f4xx_hal_gpio.o(i.HAL_GPIO_WritePin) for HAL_GPIO_WritePin
    main.o(i.CMD_search) refers to main.o(.data) for TIME_SYS
    main.o(i.CMD_search) refers to main.o(.bss) for ADDR_SNDR
    main.o(i.DMA_ADC) refers to stm32f4xx_hal_adc.o(i.HAL_ADC_Start) for HAL_ADC_Start
    main.o(i.DMA_ADC) refers to stm32f4xx_hal_adc.o(i.HAL_ADC_Start_DMA) for HAL_ADC_Start_DMA
    main.o(i.DMA_ADC) refers to main.o(.bss) for hadc1
    main.o(i.Delay) refers to main.o(.data) for SysTickDelay
[...]
    i.HardFault_Handler                      0x080039b4   Section        0  stm32f4xx_it.o(i.HardFault_Handler)
    i.I2C_IsAcknowledgeFailed                0x080039b8   Section        0  stm32f4xx_hal_i2c.o(i.I2C_IsAcknowledgeFailed)
    I2C_IsAcknowledgeFailed                  0x080039b9   Thumb Code    62  stm32f4xx_hal_i2c.o(i.I2C_IsAcknowledgeFailed)
    i.I2C_MasterRequestRead                  0x080039f8   Section        0  stm32f4xx_hal_i2c.o(i.I2C_MasterRequestRead)
    I2C_MasterRequestRead                    0x080039f9   Thumb Code   300  stm32f4xx_hal_i2c.o(i.I2C_MasterRequestRead)
    i.I2C_MasterRequestWrite                 0x08003b28   Section        0  stm32f4xx_hal_i2c.o(i.I2C_MasterRequestWrite)
    I2C_MasterRequestWrite                   0x08003b29   Thumb Code   182  stm32f4xx_hal_i2c.o(i.I2C_MasterRequestWrite)
    i.I2C_WaitOnBTFFlagUntilTimeout          0x08003be4   Section        0  stm32f4xx_hal_i2c.o(i.I2C_WaitOnBTFFlagUntilTimeout)
    I2C_WaitOnBTFFlagUntilTimeout            0x08003be5   Thumb Code    92  stm32f4xx_hal_i2c.o(i.I2C_WaitOnBTFFlagUntilTimeout)
    i.I2C_WaitOnFlagUntilTimeout             0x08003c40   Section        0  stm32f4xx_hal_i2c.o(i.I2C_WaitOnFlagUntilTimeout)
    I2C_WaitOnFlagUntilTimeout               0x08003c41   Thumb Code   134  stm32f4xx_hal_i2c.o(i.I2C_WaitOnFlagUntilTimeout)
    i.I2C_WaitOnMasterAddressFlagUntilTimeout 0x08003cc6   Section        0  stm32f4xx_hal_i2c.o(i.I2C_WaitOnMasterAddressFlagUntilTimeout)
    I2C_WaitOnMasterAddressFlagUntilTimeout  0x08003cc7   Thumb Code   196  stm32f4xx_hal_i2c.o(i.I2C_WaitOnMasterAddressFlagUntilTimeout)
    i.I2C_WaitOnRXNEFlagUntilTimeout         0x08003d8a   Section        0  stm32f4xx_hal_i2c.o(i.I2C_WaitOnRXNEFlagUntilTimeout)
    I2C_WaitOnRXNEFlagUntilTimeout           0x08003d8b   Thumb Code   128  stm32f4xx_hal_i2c.o(i.I2C_WaitOnRXNEFlagUntilTimeout)
    i.I2C_WaitOnTXEFlagUntilTimeout          0x08003e0a   Section        0  stm32f4xx_hal_i2c.o(i.I2C_WaitOnTXEFlagUntilTimeout)
    I2C_WaitOnTXEFlagUntilTimeout            0x08003e0b   Thumb Code    92  stm32f4xx_hal_i2c.o(i.I2C_WaitOnTXEFlagUntilTimeout)
    i.IINCHIP_CSoff                          0x08003e68   Section        0  w5200.o(i.IINCHIP_CSoff)
    i.IINCHIP_CSon                           0x08003e7c   Section        0  w5200.o(i.IINCHIP_CSon)
    i.IINCHIP_READ                           0x08003e90   Section        0  w5200.o(i.IINCHIP_READ)
    i.IINCHIP_SpiSendData                    0x08003ec0   Section        0  w5200.o(i.IINCHIP_SpiSendData)
    i.IINCHIP_WRITE                          0x08003ecc   Section        0  w5200.o(i.IINCHIP_WRITE)
    i.INIT_PLL                               0x08003efc   Section        0  adf4351.o(i.INIT_PLL)
    i.IO                                     0x08004034   Section        0  main.o(i.IO)
    i.LED                                    0x08004c40   Section        0  main.o(i.LED)
    i.MSG_SHOW                               0x08004d14   Section        0  w5200.o(i.MSG_SHOW)
    i.MX_ADC1_Init                           0x08004ddc   Section        0  main.o(i.MX_ADC1_Init)
    MX_ADC1_Init                             0x08004ddd   Thumb Code   194  main.o(i.MX_ADC1_Init)
    i.MX_DMA_Init                            0x08004eb0   Section        0  main.o(i.MX_DMA_Init)
    MX_DMA_Init                              0x08004eb1   Thumb Code    84  main.o(i.MX_DMA_Init)
    i.MX_GPIO_Init                           0x08004f08   Section        0  main.o(i.MX_GPIO_Init)
    MX_GPIO_Init                             0x08004f09   Thumb Code   344  main.o(i.MX_GPIO_Init)
    i.MX_SPI3_Init                           0x0800507c   Section        0  main.o(i.MX_SPI3_Init)
    MX_SPI3_Init                             0x0800507d   Thumb Code    60  main.o(i.MX_SPI3_Init)
    i.MX_USART1_UART_Init                    0x080050c0   Section        0  main.o(i.MX_USART1_UART_Init)
    MX_USART1_UART_Init                      0x080050c1   Thumb Code    46  main.o(i.MX_USART1_UART_Init)
    i.MX_USART6_UART_Init                    0x080050f8   Section        0  main.o(i.MX_USART6_UART_Init)
    MX_USART6_UART_Init                      0x080050f9   Thumb Code    46  main.o(i.MX_USART6_UART_Init)
    i.Massiv_dbm                             0x08005130   Section        0  main.o(i.Massiv_dbm)
    i.MemManage_Handler                      0x08005450   Section        0  stm32f4xx_it.o(i.MemManage_Handler)
    i.Menu1                                  0x08005454   Section        0  main.o(i.Menu1)
    i.NMI_Handler                            0x080057dc   Section        0  stm32f4xx_it.o(i.NMI_Handler)
    i.PLL_ZAHVAT                             0x080057e0   Section        0  main.o(i.PLL_ZAHVAT)
    i.PRINT_SERV                             0x08005854   Section        0  main.o(i.PRINT_SERV)
    i.PendSV_Handler                         0x080058b8   Section        0  stm32f4xx_it.o(i.PendSV_Handler)
    i.SPI_EndRxTxTransaction                 0x080058bc   Section        0  stm32f4xx_hal_spi.o(i.SPI_EndRxTxTransaction)
    SPI_EndRxTxTransaction                   0x080058bd   Thumb Code   100  stm32f4xx_hal_spi.o(i.SPI_EndRxTxTransaction)
    i.SPI_WaitFlagStateUntilTimeout          0x08005928   Section        0  stm32f4xx_hal_spi.o(i.SPI_WaitFlagStateUntilTimeout)
    SPI_WaitFlagStateUntilTimeout            0x08005929   Thumb Code   168  stm32f4xx_hal_spi.o(i.SPI_WaitFlagStateUntilTimeout)
    i.STATUS                                 0x080059d0   Section        0  main.o(i.STATUS)
    i.STATUS_ID                              0x08005bd8   Section        0  w5200.o(i.STATUS_ID)
    i.SVC_Handler                            0x08005cb4   Section        0  stm32f4xx_it.o(i.SVC_Handler)
    i.Set_network                            0x08005cb8   Section        0  w5200.o(i.Set_network)
    i.SysTick_Handler                        0x0800604c   Section        0  stm32f4xx_it.o(i.SysTick_Handler)
    i.SystemClock_Config                     0x080060cc   Section        0  main.o(i.SystemClock_Config)
    i.SystemInit                             0x080061a4   Section        0  system_stm32f4xx.o(i.SystemInit)
    i.Transf                                 0x08006208   Section        0  main.o(i.Transf)
    i.Transf_6                               0x08006268   Section        0  main.o(i.Transf_6)
    i.Transf_6x                              0x080062c8   Section        0  main.o(i.Transf_6x)
    i.UART_DMAAbortOnError                   0x08006324   Section        0  stm32f4xx_hal_uart.o(i.UART_DMAAbortOnError)
    UART_DMAAbortOnError                     0x08006325   Thumb Code    20  stm32f4xx_hal_uart.o(i.UART_DMAAbortOnError)
    i.UART_DMAError                          0x08006338   Section        0  stm32f4xx_hal_uart.o(i.UART_DMAError)
    UART_DMAError                            0x08006339   Thumb Code    80  stm32f4xx_hal_uart.o(i.UART_DMAError)
    i.UART_DMATransmitCplt                   0x08006388   Section        0  stm32f4xx_hal_uart.o(i.UART_DMATransmitCplt)
    UART_DMATransmitCplt                     0x08006389   Thumb Code    54  stm32f4xx_hal_uart.o(i.UART_DMATransmitCplt)
    i.UART_DMATxHalfCplt                     0x080063be   Section        0  stm32f4xx_hal_uart.o(i.UART_DMATxHalfCplt)
    UART_DMATxHalfCplt                       0x080063bf   Thumb Code    14  stm32f4xx_hal_uart.o(i.UART_DMATxHalfCplt)
    i.UART_DMA_TX                            0x080063cc   Section        0  main.o(i.UART_DMA_TX)
    i.UART_DMA_TX6                           0x08006424   Section        0  main.o(i.UART_DMA_TX6)
    i.UART_EndRxTransfer                     0x08006474   Section        0  stm32f4xx_hal_uart.o(i.UART_EndRxTransfer)
    UART_EndRxTransfer                       0x08006475   Thumb Code    32  stm32f4xx_hal_uart.o(i.UART_EndRxTransfer)
    i.UART_EndTransmit_IT                    0x08006494   Section        0  stm32f4xx_hal_uart.o(i.UART_EndTransmit_IT)
    UART_EndTransmit_IT                      0x08006495   Thumb Code    32  stm32f4xx_hal_uart.o(i.UART_EndTransmit_IT)
    i.UART_EndTxTransfer                     0x080064b4   Section        0  stm32f4xx_hal_uart.o(i.UART_EndTxTransfer)
    UART_EndTxTransfer                       0x080064b5   Thumb Code    20  stm32f4xx_hal_uart.o(i.UART_EndTxTransfer)
    i.UART_Receive_IT                        0x080064c8   Section        0  stm32f4xx_hal_uart.o(i.UART_Receive_IT)
    UART_Receive_IT                          0x080064c9   Thumb Code   166  stm32f4xx_hal_uart.o(i.UART_Receive_IT)
    i.UART_SetConfig                         0x08006570   Section        0  stm32f4xx_hal_uart.o(i.UART_SetConfig)
    UART_SetConfig                           0x08006571   Thumb Code   864  stm32f4xx_hal_uart.o(i.UART_SetConfig)
    i.UART_Transmit_IT                       0x080068d8   Section        0  stm32f4xx_hal_uart.o(i.UART_Transmit_IT)
    UART_Transmit_IT                         0x080068d9   Thumb Code   104  stm32f4xx_hal_uart.o(i.UART_Transmit_IT)
    i.UART_conrol_1                          0x08006940   Section        0  main.o(i.UART_conrol_1)
    i.UART_conrol_6                          0x08006994   Section        0  main.o(i.UART_conrol_6)
    i.USART1_IRQHandler                      0x080069e8   Section        0  stm32f4xx_it.o(i.USART1_IRQHandler)
    i.USART6_IRQHandler                      0x080069f8   Section        0  stm32f4xx_it.o(i.USART6_IRQHandler)
    i.UsageFault_Handler                     0x08006a08   Section        0  stm32f4xx_it.o(i.UsageFault_Handler)
    i.__0sprintf                             0x08006a0c   Section        0  printfa.o(i.__0sprintf)
    i.__NVIC_GetPriorityGrouping             0x08006a34   Section        0  stm32f4xx_hal_cortex.o(i.__NVIC_GetPriorityGrouping)
    __NVIC_GetPriorityGrouping               0x08006a35   Thumb Code    10  stm32f4xx_hal_cortex.o(i.__NVIC_GetPriorityGrouping)
    i.__NVIC_SetPriority                     0x08006a44   Section        0  stm32f4xx_hal_cortex.o(i.__NVIC_SetPriority)
    __NVIC_SetPriority                       0x08006a45   Thumb Code    32  stm32f4xx_hal_cortex.o(i.__NVIC_SetPriority)
    i.__aeabi_errno_addr                     0x08006a6c   Section        0  errno.o(i.__aeabi_errno_addr)
    i.__scatterload_copy                     0x08006a74   Section       14  handlers.o(i.__scatterload_copy)
    i.__scatterload_null                     0x08006a82   Section        2  handlers.o(i.__scatterload_null)
    i.__scatterload_zeroinit                 0x08006a84   Section       14  handlers.o(i.__scatterload_zeroinit)
    i._fp_digits                             0x08006a94   Section        0  printfa.o(i._fp_digits)
    _fp_digits                               0x08006a95   Thumb Code   334  printfa.o(i._fp_digits)
    i._printf_core                           0x08006bf8   Section        0  printfa.o(i._printf_core)
    _printf_core                             0x08006bf9   Thumb Code  1744  printfa.o(i._printf_core)
    i._printf_post_padding                   0x080072d4   Section        0  printfa.o(i._printf_post_padding)
    _printf_post_padding                     0x080072d5   Thumb Code    36  printfa.o(i._printf_post_padding)
    i._printf_pre_padding                    0x080072f8   Section        0  printfa.o(i._printf_pre_padding)
    _printf_pre_padding                      0x080072f9   Thumb Code    46  printfa.o(i._printf_pre_padding)
    i._sputc                                 0x08007326   Section        0  printfa.o(i._sputc)
    _sputc                                   0x08007327   Thumb Code    10  printfa.o(i._sputc)
    i.delay_us                               0x08007330   Section        0  main.o(i.delay_us)
    i.f_out                                  0x08007344   Section        0  main.o(i.f_out)
    i.getGAR                                 0x08007390   Section        0  w5200.o(i.getGAR)
    i.getSHAR                                0x080073b6   Section        0  w5200.o(i.getSHAR)
    i.getSIPR                                0x080073ec   Section        0  w5200.o(i.getSIPR)
    i.getSUBR                                0x08007414   Section        0  w5200.o(i.getSUBR)
    i.getchar1                               0x08007434   Section        0  main.o(i.getchar1)
    i.getchar6                               0x08007474   Section        0  main.o(i.getchar6)
    i.iinchip_init                           0x080074b4   Section        0  w5200.o(i.iinchip_init)
    i.info                                   0x080074d0   Section        0  main.o(i.info)
    i.init_array_pll                         0x080074d2   Section        0  adf4351.o(i.init_array_pll)
    i.leng                                   0x08007644   Section        0  main.o(i.leng)
    i.main                                   0x08007658   Section        0  main.o(i.main)
    i.saveSUBR                               0x080078a8   Section        0  w5200.o(i.saveSUBR)
    i.setGAR                                 0x080078c0   Section        0  w5200.o(i.setGAR)
    i.setMR                                  0x080078e8   Section        0  w5200.o(i.setMR)
    i.setRCR                                 0x08007904   Section        0  w5200.o(i.setRCR)
    i.setRTR                                 0x08007912   Section        0  w5200.o(i.setRTR)
    i.setSHAR                                0x08007928   Section        0  w5200.o(i.setSHAR)
    i.setSIPR                                0x0800795e   Section        0  w5200.o(i.setSIPR)
    i.spi2send8                              0x08007984   Section        0  main.o(i.spi2send8)
    i.spi3send32                             0x080079a8   Section        0  main.o(i.spi3send32)
    i.spi4send8                              0x08007a14   Section        0  main.o(i.spi4send8)
    i.sysinit                                0x08007a38   Section        0  w5200.o(i.sysinit)
    i.u64_out                                0x08007c04   Section        0  main.o(i.u64_out)
    i.u_out                                  0x08007c58   Section        0  main.o(i.u_out)
    i.un_out                                 0x08007c88   Section        0  main.o(i.un_out)
    i.un_out6                                0x08007cb0   Section        0  main.o(i.un_out6)
    i.wait_10ms                              0x08007cd8   Section        0  w5200.o(i.wait_10ms)
    i.x_out                                  0x08007cf0   Section        0  main.o(i.x_out)
    i.xn_out                                 0x08007d20   Section        0  main.o(i.xn_out)
    .constdata                               0x08007d48   Section        8  stm32f4xx_hal_dma.o(.constdata)
    flagBitshiftOffset                       0x08007d48   Data           8  stm32f4xx_hal_dma.o(.constdata)
    .constdata                               0x08007d50   Section       24  system_stm32f4xx.o(.constdata)
    .constdata                               0x08007d68   Section      129  ctype_o.o(.constdata)
    .constdata                               0x08007dec   Section        4  ctype_o.o(.constdata)
    table                                    0x08007dec   Data           4  ctype_o.o(.constdata)
    .conststring                             0x08007df0   Section       69  main.o(.conststring)
    .data                                    0x20000000   Section      239  main.o(.data)
    t1                                       0x200000ed   Data           1  main.o(.data)
    pn_old                                   0x200000ee   Data           1  main.o(.data)
    .data                                    0x200000f0   Section      148  w5200.o(.data)
    I_STATUS                                 0x20000148   Data           2  w5200.o(.data)
    SMASK                                    0x2000014a   Data           4  w5200.o(.data)
    RMASK                                    0x2000014e   Data           4  w5200.o(.data)
    SSIZE                                    0x20000152   Data           4  w5200.o(.data)
    RSIZE                                    0x20000156   Data           4  w5200.o(.data)
    SBUFBASEADDRESS                          0x2000015a   Data           4  w5200.o(.data)
    RBUFBASEADDRESS                          0x2000015e   Data           4  w5200.o(.data)
    SUBNET                                   0x20000162   Data           4  w5200.o(.data)
    local_port                               0x20000166   Data           2  w5200.o(.data)
    .data                                    0x20000184   Section        9  stm32f4xx_hal.o(.data)
    .data                                    0x20000190   Section        4  system_stm32f4xx.o(.data)
    .data                                    0x20000194   Section        4  errno.o(.data)
    _errno                                   0x20000194   Data           4  errno.o(.data)
    .bss                                     0x20000198   Section    30972  main.o(.bss)
    .bss                                     0x20007a94   Section     4263  w5200.o(.bss)
    .bss                                     0x20008b3c   Section       44  adf4351.o(.bss)
    STACK                                    0x20008b68   Section     8192  startup_stm32f411xe.o(STACK)

    Global Symbols

    Symbol Name                              Value     Ov Type        Size  Object(Section)

    BuildAttributes$$THM_ISAv4$E$P$D$K$B$S$7EM$VFPi3$EXTD16$VFPS$VFMA$PE$A:L22UL41UL21$X:L11$S22US41US21$IEEE1$IW$USESV6$~STKCKD$USESV7$~SHL$OTIME$ROPI$EBA8$MICROLIB$REQ8$PRES8$EABIv2 0x00000000   Number         0  anon$$obj.o ABSOLUTE
    __ARM_use_no_argv                        0x00000000   Number         0  main.o ABSOLUTE
    _printf_a                                0x00000000   Number         0  stubs.o ABSOLUTE
    _printf_c                                0x00000000   Number         0  stubs.o ABSOLUTE
    _printf_charcount                        0x00000000   Number         0  stubs.o ABSOLUTE
    _printf_d                                0x00000000   Number         0  stubs.o ABSOLUTE
    _printf_e                                0x00000000   Number         0  stubs.o ABSOLUTE
    _printf_f                                0x00000000   Number         0  stubs.o ABSOLUTE
    _printf_flags                            0x00000000   Number         0  stubs.o ABSOLUTE
    _printf_fp_dec                           0x00000000   Number         0  stubs.o ABSOLUTE
    _printf_fp_hex                           0x00000000   Number         0  stubs.o ABSOLUTE
    _printf_g                                0x00000000   Number         0  stubs.o ABSOLUTE
    _printf_i                                0x00000000   Number         0  stubs.o ABSOLUTE
    _printf_int_dec                          0x00000000   Number         0  stubs.o ABSOLUTE
    _printf_l                                0x00000000   Number         0  stubs.o ABSOLUTE
    _printf_lc                               0x00000000   Number         0  stubs.o ABSOLUTE
    _printf_ll                               0x00000000   Number         0  stubs.o ABSOLUTE
    _printf_lld                              0x00000000   Number         0  stubs.o ABSOLUTE
    _printf_lli                              0x00000000   Number         0  stubs.o ABSOLUTE
    _printf_llo                              0x00000000   Number         0  stubs.o ABSOLUTE
    _printf_llu                              0x00000000   Number         0  stubs.o ABSOLUTE
    _printf_llx                              0x00000000   Number         0  stubs.o ABSOLUTE
    _printf_longlong_dec                     0x00000000   Number         0  stubs.o ABSOLUTE
    _printf_longlong_hex                     0x00000000   Number         0  stubs.o ABSOLUTE
    _printf_longlong_oct                     0x00000000   Number         0  stubs.o ABSOLUTE
    _printf_ls                               0x00000000   Number         0  stubs.o ABSOLUTE
    _printf_mbtowc                           0x00000000   Number         0  stubs.o ABSOLUTE
    _printf_n                                0x00000000   Number         0  stubs.o ABSOLUTE
    _printf_o                                0x00000000   Number         0  stubs.o ABSOLUTE
    _printf_p                                0x00000000   Number         0  stubs.o ABSOLUTE
    _printf_percent                          0x00000000   Number         0  stubs.o ABSOLUTE
    _printf_pre_padding                      0x00000000   Number         0  stubs.o ABSOLUTE
    _printf_return_value                     0x00000000   Number         0  stubs.o ABSOLUTE
    _printf_s                                0x00000000   Number         0  stubs.o ABSOLUTE
    _printf_sizespec                         0x00000000   Number         0  stubs.o ABSOLUTE
    _printf_str                              0x00000000   Number         0  stubs.o ABSOLUTE
    _printf_truncate_signed                  0x00000000   Number         0  stubs.o ABSOLUTE
    _printf_truncate_unsigned                0x00000000   Number         0  stubs.o ABSOLUTE
    _printf_u                                0x00000000   Number         0  stubs.o ABSOLUTE
    _printf_wc                               0x00000000   Number         0  stubs.o ABSOLUTE
    _printf_wctomb                           0x00000000   Number         0  stubs.o ABSOLUTE
    _printf_widthprec                        0x00000000   Number         0  stubs.o ABSOLUTE
    _printf_x                                0x00000000   Number         0  stubs.o ABSOLUTE
    __cpp_initialize__aeabi_                  - Undefined Weak Reference
    __cxa_finalize                            - Undefined Weak Reference
    _clock_init                               - Undefined Weak Reference
    _microlib_exit                            - Undefined Weak Reference
    __Vectors_Size                           0x00000198   Number         0  startup_stm32f411xe.o ABSOLUTE
    __Vectors                                0x08000000   Data           4  startup_stm32f411xe.o(RESET)
    __Vectors_End                            0x08000198   Data           0  startup_stm32f411xe.o(RESET)
    __main                                   0x08000199   Thumb Code     0  entry.o(.ARM.Collect$$$$00000000)
    _main_stk                                0x08000199   Thumb Code     0  entry2.o(.ARM.Collect$$$$00000001)
    _main_scatterload                        0x0800019d   Thumb Code     0  entry5.o(.ARM.Collect$$$$00000004)
    __main_after_scatterload                 0x080001a1   Thumb Code     0  entry5.o(.ARM.Collect$$$$00000004)
    _main_clock                              0x080001a1   Thumb Code     0  entry7b.o(.ARM.Collect$$$$00000008)
    _main_cpp_init                           0x080001a1   Thumb Code     0  entry8b.o(.ARM.Collect$$$$0000000A)
    _main_init                               0x080001a1   Thumb Code     0  entry9a.o(.ARM.Collect$$$$0000000B)
    __rt_final_cpp                           0x080001a9   Thumb Code     0  entry10a.o(.ARM.Collect$$$$0000000D)
    __rt_final_exit                          0x080001a9   Thumb Code     0  entry11a.o(.ARM.Collect$$$$0000000F)
    Reset_Handler                            0x080001ad   Thumb Code     8  startup_stm32f411xe.o(.text)
    DMA1_Stream0_IRQHandler                  0x080001c7   Thumb Code     0  startup_stm32f411xe.o(.text)
    DMA1_Stream1_IRQHandler                  0x080001c7   Thumb Code     0  startup_stm32f411xe.o(.text)
    DMA1_Stream2_IRQHandler                  0x080001c7   Thumb Code     0  startup_stm32f411xe.o(.text)
    DMA1_Stream3_IRQHandler                  0x080001c7   Thumb Code     0  startup_stm32f411xe.o(.text)
    DMA1_Stream4_IRQHandler                  0x080001c7   Thumb Code     0  startup_stm32f411xe.o(.text)
    DMA1_Stream5_IRQHandler                  0x080001c7   Thumb Code     0  startup_stm32f411xe.o(.text)
    DMA1_Stream6_IRQHandler                  0x080001c7   Thumb Code     0  startup_stm32f411xe.o(.text)
    DMA1_Stream7_IRQHandler                  0x080001c7   Thumb Code     0  startup_stm32f411xe.o(.text)
    DMA2_Stream1_IRQHandler                  0x080001c7   Thumb Code     0  startup_stm32f411xe.o(.text)
    DMA2_Stream2_IRQHandler                  0x080001c7   Thumb Code     0  startup_stm32f411xe.o(.text)
    DMA2_Stream3_IRQHandler                  0x080001c7   Thumb Code     0  startup_stm32f411xe.o(.text)
    DMA2_Stream4_IRQHandler                  0x080001c7   Thumb Code     0  startup_stm32f411xe.o(.text)
    DMA2_Stream5_IRQHandler                  0x080001c7   Thumb Code     0  startup_stm32f411xe.o(.text)
    EXTI15_10_IRQHandler                     0x080001c7   Thumb Code     0  startup_stm32f411xe.o(.text)
    EXTI2_IRQHandler                         0x080001c7   Thumb Code     0  startup_stm32f411xe.o(.text)
    EXTI4_IRQHandler                         0x080001c7   Thumb Code     0  startup_stm32f411xe.o(.text)
    FLASH_IRQHandler                         0x080001c7   Thumb Code     0  startup_stm32f411xe.o(.text)
    FPU_IRQHandler                           0x080001c7   Thumb Code     0  startup_stm32f411xe.o(.text)
    I2C1_ER_IRQHandler                       0x080001c7   Thumb Code     0  startup_stm32f411xe.o(.text)
    I2C1_EV_IRQHandler                       0x080001c7   Thumb Code     0  startup_stm32f411xe.o(.text)
    I2C2_ER_IRQHandler                       0x080001c7   Thumb Code     0  startup_stm32f411xe.o(.text)
    I2C2_EV_IRQHandler                       0x080001c7   Thumb Code     0  startup_stm32f411xe.o(.text)
    I2C3_ER_IRQHandler                       0x080001c7   Thumb Code     0  startup_stm32f411xe.o(.text)
    I2C3_EV_IRQHandler                       0x080001c7   Thumb Code     0  startup_stm32f411xe.o(.text)
    OTG_FS_IRQHandler                        0x080001c7   Thumb Code     0  startup_stm32f411xe.o(.text)
    OTG_FS_WKUP_IRQHandler                   0x080001c7   Thumb Code     0  startup_stm32f411xe.o(.text)
    PVD_IRQHandler                           0x080001c7   Thumb Code     0  startup_stm32f411xe.o(.text)
    RCC_IRQHandler                           0x080001c7   Thumb Code     0  startup_stm32f411xe.o(.text)
    RTC_Alarm_IRQHandler                     0x080001c7   Thumb Code     0  startup_stm32f411xe.o(.text)
    RTC_WKUP_IRQHandler                      0x080001c7   Thumb Code     0  startup_stm32f411xe.o(.text)
    SDIO_IRQHandler                          0x080001c7   Thumb Code     0  startup_stm32f411xe.o(.text)
    SPI1_IRQHandler                          0x080001c7   Thumb Code     0  startup_stm32f411xe.o(.text)
    SPI2_IRQHandler                          0x080001c7   Thumb Code     0  startup_stm32f411xe.o(.text)
    SPI3_IRQHandler                          0x080001c7   Thumb Code     0  startup_stm32f411xe.o(.text)
    SPI4_IRQHandler                          0x080001c7   Thumb Code     0  startup_stm32f411xe.o(.text)
    SPI5_IRQHandler                          0x080001c7   Thumb Code     0  startup_stm32f411xe.o(.text)
    TAMP_STAMP_IRQHandler                    0x080001c7   Thumb Code     0  startup_stm32f411xe.o(.text)
    TIM1_BRK_TIM9_IRQHandler                 0x080001c7   Thumb Code     0  startup_stm32f411xe.o(.text)
    TIM1_CC_IRQHandler                       0x080001c7   Thumb Code     0  startup_stm32f411xe.o(.text)
    TIM1_TRG_COM_TIM11_IRQHandler            0x080001c7   Thumb Code     0  startup_stm32f411xe.o(.text)
    TIM1_UP_TIM10_IRQHandler                 0x080001c7   Thumb Code     0  startup_stm32f411xe.o(.text)
    TIM2_IRQHandler                          0x080001c7   Thumb Code     0  startup_stm32f411xe.o(.text)
    TIM3_IRQHandler                          0x080001c7   Thumb Code     0  startup_stm32f411xe.o(.text)
    TIM4_IRQHandler                          0x080001c7   Thumb Code     0  startup_stm32f411xe.o(.text)
    TIM5_IRQHandler                          0x080001c7   Thumb Code     0  startup_stm32f411xe.o(.text)
    USART2_IRQHandler                        0x080001c7   Thumb Code     0  startup_stm32f411xe.o(.text)
    WWDG_IRQHandler                          0x080001c7   Thumb Code     0  startup_stm32f411xe.o(.text)
    __aeabi_uldivmod                         0x080001d1   Thumb Code    98  uldiv.o(.text)
    __aeabi_llsr                             0x08000233   Thumb Code    32  llushr.o(.text)
    _ll_ushift_r                             0x08000233   Thumb Code     0  llushr.o(.text)
    __aeabi_memset                           0x08000253   Thumb Code    14  memseta.o(.text)
    __aeabi_memset4                          0x08000253   Thumb Code     0  memseta.o(.text)
    __aeabi_memset8                          0x08000253   Thumb Code     0  memseta.o(.text)
    __aeabi_memclr                           0x08000261   Thumb Code     4  memseta.o(.text)
    __aeabi_memclr4                          0x08000261   Thumb Code     0  memseta.o(.text)
    __aeabi_memclr8                          0x08000261   Thumb Code     0  memseta.o(.text)
    _memset$wrapper                          0x08000265   Thumb Code    18  memseta.o(.text)
    strlen                                   0x08000277   Thumb Code    14  strlen.o(.text)
    strcmp                                   0x08000285   Thumb Code    28  strcmp.o(.text)
    atoi                                     0x080002a1   Thumb Code    26  atoi.o(.text)
    __aeabi_dadd                             0x080002bb   Thumb Code   322  dadd.o(.text)
    __aeabi_dsub                             0x080003fd   Thumb Code     6  dadd.o(.text)
    __aeabi_drsub                            0x08000403   Thumb Code     6  dadd.o(.text)
    __aeabi_dmul                             0x08000409   Thumb Code   228  dmul.o(.text)
    __aeabi_ddiv                             0x080004ed   Thumb Code   222  ddiv.o(.text)
    __aeabi_i2d                              0x080005cb   Thumb Code    34  dflti.o(.text)
    __aeabi_ui2d                             0x080005ed   Thumb Code    26  dfltui.o(.text)
    __aeabi_f2d                              0x08000607   Thumb Code    38  f2d.o(.text)
    __aeabi_d2f                              0x0800062d   Thumb Code    56  d2f.o(.text)
    __aeabi_uidiv                            0x08000665   Thumb Code     0  uidiv.o(.text)
    __aeabi_uidivmod                         0x08000665   Thumb Code    44  uidiv.o(.text)
    __aeabi_llsl                             0x08000691   Thumb Code    30  llshl.o(.text)
    _ll_shift_l                              0x08000691   Thumb Code     0  llshl.o(.text)
    __aeabi_lasr                             0x080006af   Thumb Code    36  llsshr.o(.text)
    _ll_sshift_r                             0x080006af   Thumb Code     0  llsshr.o(.text)
    strtol                                   0x080006d3   Thumb Code   112  strtol.o(.text)
    __I$use$fp                               0x08000743   Thumb Code     0  iusefp.o(.text)
    _float_round                             0x08000743   Thumb Code    18  fepilogue.o(.text)
    _float_epilogue                          0x08000755   Thumb Code    92  fepilogue.o(.text)
    _double_round                            0x080007b1   Thumb Code    30  depilogue.o(.text)
    _double_epilogue                         0x080007cf   Thumb Code   156  depilogue.o(.text)
    __aeabi_d2ulz                            0x0800086b   Thumb Code    48  dfixul.o(.text)
    __aeabi_cdrcmple                         0x0800089d   Thumb Code    48  cdrcmple.o(.text)
    __scatterload                            0x080008cd   Thumb Code    28  init.o(.text)
    __scatterload_rt2                        0x080008cd   Thumb Code     0  init.o(.text)
    __rt_ctype_table                         0x080008f1   Thumb Code     4  ctype_o.o(.text)
    _strtoul                                 0x080008f9   Thumb Code   158  _strtoul.o(.text)
    _chval                                   0x08000997   Thumb Code    28  _chval.o(.text)
    __decompress                             0x080009b3   Thumb Code     0  __dczerorl2.o(.text)
    __decompress1                            0x080009b3   Thumb Code    86  __dczerorl2.o(.text)
    ADC_IRQHandler                           0x08000ab1   Thumb Code    16  stm32f4xx_it.o(i.ADC_IRQHandler)
    ADC_Temp                                 0x08000c29   Thumb Code    88  main.o(i.ADC_Temp)
    ADC_meas                                 0x08000c99   Thumb Code   344  main.o(i.ADC_meas)
    ADC_test                                 0x08000e2d   Thumb Code   460  main.o(i.ADC_test)
    ADF4351_prog                             0x080010a9   Thumb Code   124  adf4351.o(i.ADF4351_prog)
    ATT                                      0x08001135   Thumb Code   224  main.o(i.ATT)
    BusFault_Handler                         0x0800121d   Thumb Code     4  stm32f4xx_it.o(i.BusFault_Handler)
    DMA2_Stream0_IRQHandler                  0x08001221   Thumb Code    10  stm32f4xx_it.o(i.DMA2_Stream0_IRQHandler)
    DMA2_Stream6_IRQHandler                  0x08001231   Thumb Code    16  stm32f4xx_it.o(i.DMA2_Stream6_IRQHandler)
    DMA2_Stream7_IRQHandler                  0x08001249   Thumb Code    16  stm32f4xx_it.o(i.DMA2_Stream7_IRQHandler)
    DebugMon_Handler                         0x0800136b   Thumb Code     2  stm32f4xx_it.o(i.DebugMon_Handler)
    Delay                                    0x0800136d   Thumb Code    16  main.o(i.Delay)
    Delay_ms                                 0x08001381   Thumb Code    42  w5200.o(i.Delay_ms)
    Delay_us                                 0x080013ab   Thumb Code     2  w5200.o(i.Delay_us)
    EXTI0_IRQHandler                         0x080013ad   Thumb Code    16  stm32f4xx_it.o(i.EXTI0_IRQHandler)
    EXTI1_IRQHandler                         0x080013c1   Thumb Code    16  stm32f4xx_it.o(i.EXTI1_IRQHandler)
    EXTI3_IRQHandler                         0x080013d5   Thumb Code    16  stm32f4xx_it.o(i.EXTI3_IRQHandler)
    EXTI9_5_IRQHandler                       0x080013e9   Thumb Code    18  stm32f4xx_it.o(i.EXTI9_5_IRQHandler)
    Error_Handler                            0x08001401   Thumb Code     2  main.o(i.Error_Handler)
    HAL_ADCEx_InjectedConvCpltCallback       0x08001403   Thumb Code     2  stm32f4xx_hal_adc_ex.o(i.HAL_ADCEx_InjectedConvCpltCallback)
    HAL_ADC_ConfigChannel                    0x08001405   Thumb Code   400  stm32f4xx_hal_adc.o(i.HAL_ADC_ConfigChannel)
    HAL_ADC_ConvCpltCallback                 0x080015a9   Thumb Code    12  main.o(i.HAL_ADC_ConvCpltCallback)
    HAL_ADC_ConvHalfCpltCallback             0x080015b9   Thumb Code     2  stm32f4xx_hal_adc.o(i.HAL_ADC_ConvHalfCpltCallback)
    HAL_ADC_ErrorCallback                    0x080015bb   Thumb Code     2  stm32f4xx_hal_adc.o(i.HAL_ADC_ErrorCallback)
    HAL_ADC_IRQHandler                       0x080015bd   Thumb Code   372  stm32f4xx_hal_adc.o(i.HAL_ADC_IRQHandler)
    HAL_ADC_Init                             0x08001731   Thumb Code   100  stm32f4xx_hal_adc.o(i.HAL_ADC_Init)
    HAL_ADC_LevelOutOfWindowCallback         0x08001799   Thumb Code     2  stm32f4xx_hal_adc.o(i.HAL_ADC_LevelOutOfWindowCallback)
    HAL_ADC_MspInit                          0x0800179d   Thumb Code   288  stm32f4xx_hal_msp.o(i.HAL_ADC_MspInit)
    HAL_ADC_Start_DMA                        0x080018d1   Thumb Code   304  stm32f4xx_hal_adc.o(i.HAL_ADC_Start_DMA)
    HAL_DMA_Abort_IT                         0x08001a1d   Thumb Code    40  stm32f4xx_hal_dma.o(i.HAL_DMA_Abort_IT)
    HAL_DMA_IRQHandler                       0x08001a45   Thumb Code   570  stm32f4xx_hal_dma.o(i.HAL_DMA_IRQHandler)
    HAL_DMA_Init                             0x08001c85   Thumb Code   232  stm32f4xx_hal_dma.o(i.HAL_DMA_Init)
    HAL_DMA_Start_IT                         0x08001d71   Thumb Code   158  stm32f4xx_hal_dma.o(i.HAL_DMA_Start_IT)
    HAL_GPIO_EXTI_Callback                   0x08001e0f   Thumb Code     2  stm32f4xx_hal_gpio.o(i.HAL_GPIO_EXTI_Callback)
    HAL_GPIO_EXTI_IRQHandler                 0x08001e11   Thumb Code    24  stm32f4xx_hal_gpio.o(i.HAL_GPIO_EXTI_IRQHandler)
    HAL_GPIO_Init                            0x08001e2d   Thumb Code   436  stm32f4xx_hal_gpio.o(i.HAL_GPIO_Init)
    HAL_GPIO_ReadPin                         0x08002001   Thumb Code    16  stm32f4xx_hal_gpio.o(i.HAL_GPIO_ReadPin)
    HAL_GPIO_WritePin                        0x08002011   Thumb Code    12  stm32f4xx_hal_gpio.o(i.HAL_GPIO_WritePin)
    HAL_GetTick                              0x0800201d   Thumb Code     6  stm32f4xx_hal.o(i.HAL_GetTick)
    HAL_I2C_IsDeviceReady                    0x08002029   Thumb Code   426  stm32f4xx_hal_i2c.o(i.HAL_I2C_IsDeviceReady)
    HAL_I2C_Master_Receive                   0x080021dd   Thumb Code   748  stm32f4xx_hal_i2c.o(i.HAL_I2C_Master_Receive)
    HAL_I2C_Master_Transmit                  0x080024d5   Thumb Code   360  stm32f4xx_hal_i2c.o(i.HAL_I2C_Master_Transmit)
    HAL_IncTick                              0x08002645   Thumb Code    16  stm32f4xx_hal.o(i.HAL_IncTick)
    HAL_Init                                 0x0800265d   Thumb Code    54  stm32f4xx_hal.o(i.HAL_Init)
    HAL_InitTick                             0x08002699   Thumb Code    64  stm32f4xx_hal.o(i.HAL_InitTick)
    HAL_MspInit                              0x080026e5   Thumb Code    68  stm32f4xx_hal_msp.o(i.HAL_MspInit)
    HAL_NVIC_EnableIRQ                       0x0800272d   Thumb Code    32  stm32f4xx_hal_cortex.o(i.HAL_NVIC_EnableIRQ)
    HAL_NVIC_SetPriority                     0x0800274d   Thumb Code   124  stm32f4xx_hal_cortex.o(i.HAL_NVIC_SetPriority)
    HAL_NVIC_SetPriorityGrouping             0x080027c9   Thumb Code    32  stm32f4xx_hal_cortex.o(i.HAL_NVIC_SetPriorityGrouping)
    HAL_RCC_ClockConfig                      0x080027f1   Thumb Code   366  stm32f4xx_hal_rcc.o(i.HAL_RCC_ClockConfig)
    HAL_RCC_GetHCLKFreq                      0x08002971   Thumb Code     6  stm32f4xx_hal_rcc.o(i.HAL_RCC_GetHCLKFreq)
    HAL_RCC_GetPCLK1Freq                     0x0800297d   Thumb Code    22  stm32f4xx_hal_rcc.o(i.HAL_RCC_GetPCLK1Freq)
    HAL_RCC_GetPCLK2Freq                     0x0800299d   Thumb Code    22  stm32f4xx_hal_rcc.o(i.HAL_RCC_GetPCLK2Freq)
    HAL_RCC_GetSysClockFreq                  0x080029bd   Thumb Code   162  stm32f4xx_hal_rcc.o(i.HAL_RCC_GetSysClockFreq)
    HAL_RCC_OscConfig                        0x08002a6d   Thumb Code  1086  stm32f4xx_hal_rcc.o(i.HAL_RCC_OscConfig)
    HAL_SPI_Init                             0x08002eb5   Thumb Code   140  stm32f4xx_hal_spi.o(i.HAL_SPI_Init)
    HAL_SPI_MspInit                          0x08002f41   Thumb Code   450  stm32f4xx_hal_msp.o(i.HAL_SPI_MspInit)
    HAL_SPI_TransmitReceive                  0x08003125   Thumb Code   554  stm32f4xx_hal_spi.o(i.HAL_SPI_TransmitReceive)
    HAL_SYSTICK_CLKSourceConfig              0x0800334f   Thumb Code    40  stm32f4xx_hal_cortex.o(i.HAL_SYSTICK_CLKSourceConfig)
    HAL_SYSTICK_Config                       0x08003377   Thumb Code    52  stm32f4xx_hal_cortex.o(i.HAL_SYSTICK_Config)
    HAL_UART_ErrorCallback                   0x080033ab   Thumb Code     2  stm32f4xx_hal_uart.o(i.HAL_UART_ErrorCallback)
    HAL_UART_GetState                        0x080033ad   Thumb Code    20  stm32f4xx_hal_uart.o(i.HAL_UART_GetState)
    HAL_UART_IRQHandler                      0x080033c1   Thumb Code   328  stm32f4xx_hal_uart.o(i.HAL_UART_IRQHandler)
    HAL_UART_Init                            0x0800350d   Thumb Code   114  stm32f4xx_hal_uart.o(i.HAL_UART_Init)
    HAL_UART_MspInit                         0x08003581   Thumb Code   390  stm32f4xx_hal_msp.o(i.HAL_UART_MspInit)
    HAL_UART_Receive_IT                      0x08003729   Thumb Code   112  stm32f4xx_hal_uart.o(i.HAL_UART_Receive_IT)
    HAL_UART_RxCpltCallback                  0x08003799   Thumb Code   152  main.o(i.HAL_UART_RxCpltCallback)
    HAL_UART_Transmit_DMA                    0x08003861   Thumb Code   142  stm32f4xx_hal_uart.o(i.HAL_UART_Transmit_DMA)
    HAL_UART_TxCpltCallback                  0x080038fd   Thumb Code     2  stm32f4xx_hal_uart.o(i.HAL_UART_TxCpltCallback)
    HAL_UART_TxHalfCpltCallback              0x080038ff   Thumb Code     2  stm32f4xx_hal_uart.o(i.HAL_UART_TxHalfCpltCallback)
    HR_TR_init                               0x08003901   Thumb Code   172  main.o(i.HR_TR_init)
    HardFault_Handler                        0x080039b5   Thumb Code     4  stm32f4xx_it.o(i.HardFault_Handler)
    IINCHIP_CSoff                            0x08003e69   Thumb Code    14  w5200.o(i.IINCHIP_CSoff)
    IINCHIP_CSon                             0x08003e7d   Thumb Code    14  w5200.o(i.IINCHIP_CSon)
    IINCHIP_READ                             0x08003e91   Thumb Code    48  w5200.o(i.IINCHIP_READ)
    IINCHIP_SpiSendData                      0x08003ec1   Thumb Code    12  w5200.o(i.IINCHIP_SpiSendData)
    IINCHIP_WRITE                            0x08003ecd   Thumb Code    48  w5200.o(i.IINCHIP_WRITE)
    INIT_PLL                                 0x08003efd   Thumb Code   312  adf4351.o(i.INIT_PLL)
    IO                                       0x08004035   Thumb Code  2952  main.o(i.IO)
    LED                                      0x08004c41   Thumb Code   190  main.o(i.LED)
    MSG_SHOW                                 0x08004d15   Thumb Code   122  w5200.o(i.MSG_SHOW)
    Massiv_dbm                               0x08005131   Thumb Code   690  main.o(i.Massiv_dbm)
    MemManage_Handler                        0x08005451   Thumb Code     4  stm32f4xx_it.o(i.MemManage_Handler)
    Menu1                                    0x08005455   Thumb Code   230  main.o(i.Menu1)
    NMI_Handler                              0x080057dd   Thumb Code     2  stm32f4xx_it.o(i.NMI_Handler)
    PLL_ZAHVAT                               0x080057e1   Thumb Code    70  main.o(i.PLL_ZAHVAT)
    PRINT_SERV                               0x08005855   Thumb Code    82  main.o(i.PRINT_SERV)
    PendSV_Handler                           0x080058b9   Thumb Code     2  stm32f4xx_it.o(i.PendSV_Handler)
    STATUS                                   0x080059d1   Thumb Code   322  main.o(i.STATUS)
    STATUS_ID                                0x08005bd9   Thumb Code   148  w5200.o(i.STATUS_ID)
    SVC_Handler                              0x08005cb5   Thumb Code     2  stm32f4xx_it.o(i.SVC_Handler)
    Set_network                              0x08005cb9   Thumb Code   610  w5200.o(i.Set_network)
    SysTick_Handler                          0x0800604d   Thumb Code    98  stm32f4xx_it.o(i.SysTick_Handler)
    SystemClock_Config                       0x080060cd   Thumb Code   208  main.o(i.SystemClock_Config)
    SystemInit                               0x080061a5   Thumb Code    82  system_stm32f4xx.o(i.SystemInit)
    Transf                                   0x08006209   Thumb Code    84  main.o(i.Transf)
    Transf_6                                 0x08006269   Thumb Code    84  main.o(i.Transf_6)
    Transf_6x                                0x080062c9   Thumb Code    78  main.o(i.Transf_6x)
    UART_DMA_TX                              0x080063cd   Thumb Code    68  main.o(i.UART_DMA_TX)
    UART_DMA_TX6                             0x08006425   Thumb Code    60  main.o(i.UART_DMA_TX6)
    UART_conrol_1                            0x08006941   Thumb Code    70  main.o(i.UART_conrol_1)
    UART_conrol_6                            0x08006995   Thumb Code    70  main.o(i.UART_conrol_6)
    USART1_IRQHandler                        0x080069e9   Thumb Code    10  stm32f4xx_it.o(i.USART1_IRQHandler)
    USART6_IRQHandler                        0x080069f9   Thumb Code    10  stm32f4xx_it.o(i.USART6_IRQHandler)
    UsageFault_Handler                       0x08006a09   Thumb Code     4  stm32f4xx_it.o(i.UsageFault_Handler)
    __0sprintf                               0x08006a0d   Thumb Code    34  printfa.o(i.__0sprintf)
    __1sprintf                               0x08006a0d   Thumb Code     0  printfa.o(i.__0sprintf)
    __2sprintf                               0x08006a0d   Thumb Code     0  printfa.o(i.__0sprintf)
    __c89sprintf                             0x08006a0d   Thumb Code     0  printfa.o(i.__0sprintf)
    sprintf                                  0x08006a0d   Thumb Code     0  printfa.o(i.__0sprintf)
    __aeabi_errno_addr                       0x08006a6d   Thumb Code     4  errno.o(i.__aeabi_errno_addr)
    __rt_errno_addr                          0x08006a6d   Thumb Code     0  errno.o(i.__aeabi_errno_addr)
    __scatterload_copy                       0x08006a75   Thumb Code    14  handlers.o(i.__scatterload_copy)
    __scatterload_null                       0x08006a83   Thumb Code     2  handlers.o(i.__scatterload_null)
    __scatterload_zeroinit                   0x08006a85   Thumb Code    14  handlers.o(i.__scatterload_zeroinit)
    delay_us                                 0x08007331   Thumb Code    18  main.o(i.delay_us)
    f_out                                    0x08007345   Thumb Code    60  main.o(i.f_out)
    getGAR                                   0x08007391   Thumb Code    38  w5200.o(i.getGAR)
    getSHAR                                  0x080073b7   Thumb Code    54  w5200.o(i.getSHAR)
    getSIPR                                  0x080073ed   Thumb Code    38  w5200.o(i.getSIPR)
    getSUBR                                  0x08007415   Thumb Code    26  w5200.o(i.getSUBR)
    getchar1                                 0x08007435   Thumb Code    50  main.o(i.getchar1)
    getchar6                                 0x08007475   Thumb Code    50  main.o(i.getchar6)
    iinchip_init                             0x080074b5   Thumb Code    16  w5200.o(i.iinchip_init)
    info                                     0x080074d1   Thumb Code     2  main.o(i.info)
    init_array_pll                           0x080074d3   Thumb Code   370  adf4351.o(i.init_array_pll)
    leng                                     0x08007645   Thumb Code    20  main.o(i.leng)
    main                                     0x08007659   Thumb Code   452  main.o(i.main)
    saveSUBR                                 0x080078a9   Thumb Code    20  w5200.o(i.saveSUBR)
    setGAR                                   0x080078c1   Thumb Code    38  w5200.o(i.setGAR)
    setMR                                    0x080078e9   Thumb Code    20  w5200.o(i.setMR)
    setRCR                                   0x08007905   Thumb Code    14  w5200.o(i.setRCR)
    setRTR                                   0x08007913   Thumb Code    22  w5200.o(i.setRTR)
    setSHAR                                  0x08007929   Thumb Code    54  w5200.o(i.setSHAR)
    setSIPR                                  0x0800795f   Thumb Code    38  w5200.o(i.setSIPR)
    spi2send8                                0x08007985   Thumb Code    32  main.o(i.spi2send8)
    spi3send32                               0x080079a9   Thumb Code   102  main.o(i.spi3send32)
    spi4send8                                0x08007a15   Thumb Code    32  main.o(i.spi4send8)
    sysinit                                  0x08007a39   Thumb Code   436  w5200.o(i.sysinit)
    u64_out                                  0x08007c05   Thumb Code    70  main.o(i.u64_out)
    u_out                                    0x08007c59   Thumb Code    36  main.o(i.u_out)
    un_out                                   0x08007c89   Thumb Code    30  main.o(i.un_out)
    un_out6                                  0x08007cb1   Thumb Code    30  main.o(i.un_out6)
    wait_10ms                                0x08007cd9   Thumb Code    24  w5200.o(i.wait_10ms)
    x_out                                    0x08007cf1   Thumb Code    36  main.o(i.x_out)
    xn_out                                   0x08007d21   Thumb Code    30  main.o(i.xn_out)
    AHBPrescTable                            0x08007d50   Data          16  system_stm32f4xx.o(.constdata)
    APBPrescTable                            0x08007d60   Data           8  system_stm32f4xx.o(.constdata)
    __ctype_table                            0x08007d68   Data         129  ctype_o.o(.constdata)
    Region$$Table$$Base                      0x08007e38   Number         0  anon$$obj.o(Region$$Table)
    Region$$Table$$Limit                     0x08007e58   Number         0  anon$$obj.o(Region$$Table)
    TIMER1                                   0x20000000   Data           4  main.o(.data)
    TIMER_BP_PWM                             0x20000004   Data           4  main.o(.data)
    SysTickDelay                             0x20000008   Data           4  main.o(.data)
    FLAG_T1                                  0x2000000c   Data           4  main.o(.data)
    FLAG_T2                                  0x20000010   Data           4  main.o(.data)
    FLAG_FAPCH_ON                            0x20000014   Data           1  main.o(.data)
    RX1_uBUF                                 0x20000015   Data           1  main.o(.data)
    timer_DMA2_7                             0x20000018   Data           4  main.o(.data)
    flag_pachka_TXT1                         0x2000001c   Data           1  main.o(.data)
    text_lengh1                              0x2000001e   Data           2  main.o(.data)
    rx_wr_index1                             0x20000020   Data           4  main.o(.data)
    rx_rd_index1                             0x20000024   Data           4  main.o(.data)
    rx_counter1                              0x20000028   Data           4  main.o(.data)
    rx_buffer_overflow1                      0x2000002c   Data           1  main.o(.data)
    RX6_uBUF                                 0x2000002d   Data           1  main.o(.data)
    timer_DMA2_6                             0x20000030   Data           4  main.o(.data)
    flag_pachka_TXT6                         0x20000034   Data           1  main.o(.data)
    text_lengh6                              0x20000036   Data           2  main.o(.data)
    rx_wr_index6                             0x20000038   Data           4  main.o(.data)
    rx_rd_index6                             0x2000003c   Data           4  main.o(.data)
    rx_counter6                              0x20000040   Data           4  main.o(.data)
    rx_buffer_overflow6                      0x20000044   Data           1  main.o(.data)
    lsr                                      0x20000045   Data           1  main.o(.data)
    lk                                       0x20000046   Data           1  main.o(.data)
    led_tick                                 0x20000048   Data           4  main.o(.data)
    Master_flag                              0x2000004c   Data           1  main.o(.data)
    lsym                                     0x2000004d   Data           1  main.o(.data)
    sym                                      0x2000004e   Data           1  main.o(.data)
    flag                                     0x2000004f   Data           1  main.o(.data)
    NB                                       0x20000050   Data           1  main.o(.data)
    Adress                                   0x20000051   Data           1  main.o(.data)
    packet_sum                               0x20000052   Data           1  main.o(.data)
    crc                                      0x20000053   Data           1  main.o(.data)
    comanda                                  0x20000054   Data           1  main.o(.data)
    ink1                                     0x20000055   Data           1  main.o(.data)
    data_in                                  0x20000056   Data           1  main.o(.data)
    FLAG_PWR_V5V                             0x20000057   Data           1  main.o(.data)
    FLAG_PWR_V3V                             0x20000058   Data           1  main.o(.data)
    FLAG_APLF1                               0x20000059   Data           1  main.o(.data)
    FLAG_ATT_LEVEL                           0x2000005a   Data           1  main.o(.data)
    FLAG_PLL_ZAHVAT                          0x2000005b   Data           1  main.o(.data)
    SCH_LENGHT_PACKET                        0x2000005c   Data           2  main.o(.data)
    index1                                   0x20000060   Data           4  main.o(.data)
    crc_ok                                   0x20000064   Data           1  main.o(.data)
    packet_ok                                0x20000065   Data           1  main.o(.data)
    packet_flag                              0x20000066   Data           1  main.o(.data)
    indexZ                                   0x20000068   Data           4  main.o(.data)
    index_word                               0x2000006c   Data           4  main.o(.data)
    index_data_word                          0x20000070   Data           4  main.o(.data)
    index_data_word2                         0x20000074   Data           4  main.o(.data)
    lenght_data                              0x20000078   Data           4  main.o(.data)
    data_flag                                0x2000007c   Data           1  main.o(.data)
    data_flag2                               0x2000007d   Data           1  main.o(.data)
    FLAG_lenght                              0x2000007e   Data           1  main.o(.data)
    sch_lenght_data                          0x20000080   Data           4  main.o(.data)
    FLAG_DATA                                0x20000084   Data           1  main.o(.data)
    FLAG_CW                                  0x20000085   Data           1  main.o(.data)
    time_uart                                0x20000088   Data           4  main.o(.data)
    flag_pcf                                 0x2000008c   Data           1  main.o(.data)
    lsym1                                    0x2000008d   Data           1  main.o(.data)
    pack_ok1                                 0x2000008e   Data           1  main.o(.data)
    pack_sum1                                0x2000008f   Data           1  main.o(.data)
    sym1                                     0x20000090   Data           1  main.o(.data)
    U12V                                     0x20000094   Data           4  main.o(.data)
    U5V                                      0x20000098   Data           4  main.o(.data)
    U3V3                                     0x2000009c   Data           4  main.o(.data)
    TEMP                                     0x200000a0   Data           4  main.o(.data)
    sch_rx_byte                              0x200000a4   Data           4  main.o(.data)
    Adress_ATT1                              0x200000a8   Data           1  main.o(.data)
    Adress_ATT2                              0x200000a9   Data           1  main.o(.data)
    Adress_ATT3                              0x200000aa   Data           1  main.o(.data)
    Adress_ATT4                              0x200000ab   Data           1  main.o(.data)
    Adress_SWITCH                            0x200000ac   Data           1  main.o(.data)
    Adress_KONTROL_WIRE                      0x200000ad   Data           1  main.o(.data)
    Adress_KONTROL_1                         0x200000ae   Data           1  main.o(.data)
    Adress_KONTROL_2                         0x200000af   Data           1  main.o(.data)
    PWRDN_DAC1                               0x200000b0   Data           1  main.o(.data)
    PWRDN_DAC2                               0x200000b1   Data           1  main.o(.data)
    PWRDN_ADC1                               0x200000b2   Data           1  main.o(.data)
    PWRDN_ADC2                               0x200000b3   Data           1  main.o(.data)
    RESET_DAC1                               0x200000b4   Data           1  main.o(.data)
    RESET_DAC2                               0x200000b5   Data           1  main.o(.data)
    RESET_ADC1                               0x200000b6   Data           1  main.o(.data)
    RESET_ADC2                               0x200000b7   Data           1  main.o(.data)
    EVENT_INT0                               0x200000b8   Data           1  main.o(.data)
    EVENT_INT1                               0x200000b9   Data           1  main.o(.data)
    EVENT_INT2                               0x200000ba   Data           1  main.o(.data)
    EVENT_INT3                               0x200000bb   Data           1  main.o(.data)
    EVENT_INT4                               0x200000bc   Data           1  main.o(.data)
    EVENT_INT5                               0x200000bd   Data           1  main.o(.data)
    EVENT_INT6                               0x200000be   Data           1  main.o(.data)
    EVENT_INT7                               0x200000bf   Data           1  main.o(.data)
    EVENT_INT8                               0x200000c0   Data           1  main.o(.data)
    FLAG_DMA_ADC                             0x200000c1   Data           1  main.o(.data)
    TEST_LED                                 0x200000c4   Data           4  main.o(.data)
    TIME_SYS                                 0x200000c8   Data           8  main.o(.data)
    TIME_TEST                                0x200000d0   Data           4  main.o(.data)
    ID_CMD                                   0x200000d4   Data           4  main.o(.data)
    START_BP                                 0x200000d8   Data           1  main.o(.data)
    crc_input                                0x200000dc   Data           4  main.o(.data)
    crc_comp                                 0x200000e0   Data           4  main.o(.data)
    word_length_1                            0x200000e4   Data           2  main.o(.data)
    word_length_6                            0x200000e6   Data           2  main.o(.data)
    adc_cntl                                 0x200000e8   Data           4  main.o(.data)
    FLAG_WDG                                 0x200000ec   Data           1  main.o(.data)
    flag_RX_UDP                              0x200000f0   Data           1  w5200.o(.data)
    RSR_len_TST                              0x200000f2   Data           2  w5200.o(.data)
    sch_tx_packet                            0x200000f4   Data           2  w5200.o(.data)
    presentTime                              0x200000f8   Data           4  w5200.o(.data)
    any_port                                 0x200000fc   Data           2  w5200.o(.data)
    ch_status                                0x200000fe   Data           2  w5200.o(.data)
    TX_BUF_LENGTH                            0x20000100   Data           4  w5200.o(.data)
    lsr_razmer                               0x20000104   Data           4  w5200.o(.data)
    my_time                                  0x20000108   Data           4  w5200.o(.data)
    Enable_DHCP                              0x2000010c   Data           1  w5200.o(.data)
    NUMBER_BLOK                              0x2000010d   Data           1  w5200.o(.data)
    MAC                                      0x2000010e   Data           6  w5200.o(.data)
    IP                                       0x20000114   Data           4  w5200.o(.data)
    GateWay                                  0x20000118   Data           4  w5200.o(.data)
    SubNet                                   0x2000011c   Data           4  w5200.o(.data)
    Hard_reg                                 0x20000120   Data           6  w5200.o(.data)
    Receive_IP                               0x20000126   Data           4  w5200.o(.data)
    Receive_Port_destination                 0x2000012a   Data           2  w5200.o(.data)
    Receive_byte_size                        0x2000012c   Data           2  w5200.o(.data)
    Rec_Flag                                 0x2000012e   Data           1  w5200.o(.data)
    size                                     0x20000130   Data           2  w5200.o(.data)
    Dest_IP                                  0x20000132   Data           4  w5200.o(.data)
    Dest_PORT                                0x20000136   Data           2  w5200.o(.data)
    Chconfig_Type_Def                        0x20000138   Data           6  w5200.o(.data)
    txsize                                   0x2000013e   Data           2  w5200.o(.data)
    rxsize                                   0x20000140   Data           2  w5200.o(.data)
    sch_packet_UDP_reciv                     0x20000144   Data           4  w5200.o(.data)
    windowfull_retry_cnt                     0x20000168   Data           2  w5200.o(.data)
    pre_sent_ptr                             0x2000016a   Data           2  w5200.o(.data)
    sent_ptr                                 0x2000016c   Data           2  w5200.o(.data)
    destip_UDP                               0x20000170   Data           4  w5200.o(.data)
    destport_UDP                             0x20000174   Data           2  w5200.o(.data)
    FLAG_UDP_EVENT                           0x20000176   Data           2  w5200.o(.data)
    FLAG_UDP_INSTALL                         0x20000178   Data           1  w5200.o(.data)
    Msg_uniq_id                              0x2000017c   Data           4  w5200.o(.data)
    user_state                               0x20000180   Data           1  w5200.o(.data)
    text_lengh_TCP                           0x20000182   Data           2  w5200.o(.data)
    uwTick                                   0x20000184   Data           4  stm32f4xx_hal.o(.data)
    uwTickPrio                               0x20000188   Data           4  stm32f4xx_hal.o(.data)
    uwTickFreq                               0x2000018c   Data           1  stm32f4xx_hal.o(.data)
    SystemCoreClock                          0x20000190   Data           4  system_stm32f4xx.o(.data)
    hadc1                                    0x20000198   Data          72  main.o(.bss)
    hdma_adc1                                0x200001e0   Data          96  main.o(.bss)
    hi2c1                                    0x20000240   Data          84  main.o(.bss)
    hspi2                                    0x20000294   Data          88  main.o(.bss)
    hspi3                                    0x200002ec   Data          88  main.o(.bss)
    hspi4                                    0x20000344   Data          88  main.o(.bss)
    hspi5                                    0x2000039c   Data          88  main.o(.bss)
    huart1                                   0x200003f4   Data          64  main.o(.bss)
    huart2                                   0x20000434   Data          64  main.o(.bss)
    huart6                                   0x20000474   Data          64  main.o(.bss)
    hdma_usart1_tx                           0x200004b4   Data          96  main.o(.bss)
    hdma_usart6_tx                           0x20000514   Data          96  main.o(.bss)
    htim1                                    0x20000574   Data          64  main.o(.bss)
    adcBuffer                                0x200005b4   Data          64  main.o(.bss)
    adc_ch                                   0x200005f4   Data         128  main.o(.bss)
    transmitBuffer                           0x20000674   Data          32  main.o(.bss)
    receiveBuffer                            0x20000694   Data          32  main.o(.bss)
    text_buffer1                             0x200006b4   Data        8192  main.o(.bss)
    rx_buffer1                               0x200026b4   Data          64  main.o(.bss)
    text_buffer6                             0x200026f4   Data        8192  main.o(.bss)
    rx_buffer6                               0x200046f4   Data          64  main.o(.bss)
    strng                                    0x20004734   Data          32  main.o(.bss)
    InOut                                    0x20004754   Data         201  main.o(.bss)
    Word                                     0x2000481d   Data          32  main.o(.bss)
    DATA_Word                                0x2000483d   Data         200  main.o(.bss)
    DATA_Word2                               0x20004905   Data         200  main.o(.bss)
    In_data                                  0x200049cd   Data          64  main.o(.bss)
    INVOICE                                  0x20004a10   Data        4192  main.o(.bss)
    FRM1                                     0x20005a70   Data        4192  main.o(.bss)
    SERV1                                    0x20006ad0   Data        1064  main.o(.bss)
    ID_SERV1                                 0x20006ef8   Data        1192  main.o(.bss)
    CMD1                                     0x200073a0   Data          16  main.o(.bss)
    ADDR_SNDR                                0x200073b0   Data          24  main.o(.bss)
    sr_1                                     0x200073c8   Data         200  main.o(.bss)
    sr_6                                     0x20007490   Data         200  main.o(.bss)
    DBm                                      0x20007558   Data        1340  main.o(.bss)
    strng1                                   0x20007a94   Data          64  w5200.o(.bss)
    TX_BUF                                   0x20007ad4   Data        2048  w5200.o(.bss)
    RX_BUF                                   0x200082d4   Data        2048  w5200.o(.bss)
    Receive_DATA                             0x20008ad4   Data          16  w5200.o(.bss)
    Config_Msg                               0x20008ae4   Data          23  w5200.o(.bss)
    text_buffer_TCP                          0x20008afb   Data          64  w5200.o(.bss)
    pll1                                     0x20008b3c   Data          44  adf4351.o(.bss)
    __initial_sp                             0x2000ab68   Data           0  startup_stm32f411xe.o(STACK)



==============================================================================

Memory Map of the image

  Image Entry point : 0x08000199

  Load Region LR_IROM1 (Base: 0x08000000, Size: 0x00007ff0, Max: 0x00080000, ABSOLUTE, COMPRESSED[0x00007e8c])

    Execution Region ER_IROM1 (Base: 0x08000000, Size: 0x00007e58, Max: 0x00080000, ABSOLUTE)

    Base Addr    Size         Type   Attr      Idx    E Section Name        Object

    0x08000000   0x00000198   Data   RO            3    RESET               startup_stm32f411xe.o
    0x08000198   0x00000000   Code   RO         5009  * .ARM.Collect$$$$00000000  mc_w.l(entry.o)
    0x08000198   0x00000004   Code   RO         5299    .ARM.Collect$$$$00000001  mc_w.l(entry2.o)
    0x0800019c   0x00000004   Code   RO         5302    .ARM.Collect$$$$00000004  mc_w.l(entry5.o)
    0x080001a0   0x00000000   Code   RO         5304    .ARM.Collect$$$$00000008  mc_w.l(entry7b.o)
    0x080001a0   0x00000000   Code   RO         5306    .ARM.Collect$$$$0000000A  mc_w.l(entry8b.o)
    0x080001a0   0x00000008   Code   RO         5307    .ARM.Collect$$$$0000000B  mc_w.l(entry9a.o)
    0x080001a8   0x00000000   Code   RO         5309    .ARM.Collect$$$$0000000D  mc_w.l(entry10a.o)
    0x080001a8   0x00000000   Code   RO         5311    .ARM.Collect$$$$0000000F  mc_w.l(entry11a.o)
    0x080001a8   0x00000004   Code   RO         5300    .ARM.Collect$$$$00002712  mc_w.l(entry2.o)
    0x080001ac   0x00000024   Code   RO            4    .text               startup_stm32f411xe.o
    0x080001d0   0x00000062   Code   RO         5012    .text               mc_w.l(uldiv.o)
    0x08000232   0x00000020   Code   RO         5014    .text               mc_w.l(llushr.o)
    0x08000252   0x00000024   Code   RO         5016    .text               mc_w.l(memseta.o)
    0x08000276   0x0000000e   Code   RO         5018    .text               mc_w.l(strlen.o)
    0x08000284   0x0000001c   Code   RO         5020    .text               mc_w.l(strcmp.o)
    0x080002a0   0x0000001a   Code   RO         5283    .text               mc_w.l(atoi.o)
    0x080002ba   0x0000014e   Code   RO         5285    .text               mf_w.l(dadd.o)
    0x08000408   0x000000e4   Code   RO         5287    .text               mf_w.l(dmul.o)
    0x080004ec   0x000000de   Code   RO         5289    .text               mf_w.l(ddiv.o)
    0x080005ca   0x00000022   Code   RO         5291    .text               mf_w.l(dflti.o)
    0x080005ec   0x0000001a   Code   RO         5293    .text               mf_w.l(dfltui.o)
    0x08000606   0x00000026   Code   RO         5295    .text               mf_w.l(f2d.o)
    0x0800062c   0x00000038   Code   RO         5297    .text               mf_w.l(d2f.o)
    0x08000664   0x0000002c   Code   RO         5316    .text               mc_w.l(uidiv.o)
    0x08000690   0x0000001e   Code   RO         5318    .text               mc_w.l(llshl.o)
    0x080006ae   0x00000024   Code   RO         5320    .text               mc_w.l(llsshr.o)
    0x080006d2   0x00000070   Code   RO         5329    .text               mc_w.l(strtol.o)
    0x08000742   0x00000000   Code   RO         5331    .text               mc_w.l(iusefp.o)
    0x08000742   0x0000006e   Code   RO         5332    .text               mf_w.l(fepilogue.o)
    0x080007b0   0x000000ba   Code   RO         5334    .text               mf_w.l(depilogue.o)
    0x0800086a   0x00000030   Code   RO         5336    .text               mf_w.l(dfixul.o)
    0x0800089a   0x00000002   PAD
    0x0800089c   0x00000030   Code   RO         5338    .text               mf_w.l(cdrcmple.o)
    0x080008cc   0x00000024   Code   RO         5340    .text               mc_w.l(init.o)
    0x080008f0   0x00000008   Code   RO         5343    .text               mc_w.l(ctype_o.o)
    0x080008f8   0x0000009e   Code   RO         5371    .text               mc_w.l(_strtoul.o)
    0x08000996   0x0000001c   Code   RO         5374    .text               mc_w.l(_chval.o)
    0x080009b2   0x00000056   Code   RO         5384    .text               mc_w.l(__dczerorl2.o)
    0x08000a08   0x0000007e   Code   RO         1338    i.ADC_DMAConvCplt   stm32f4xx_hal_adc.o
    0x08000a86   0x0000001a   Code   RO         1339    i.ADC_DMAError      stm32f4xx_hal_adc.o
    0x08000aa0   0x0000000e   Code   RO         1340    i.ADC_DMAHalfConvCplt  stm32f4xx_hal_adc.o
    0x08000aae   0x00000002   PAD
    0x08000ab0   0x00000018   Code   RO          593    i.ADC_IRQHandler    stm32f4xx_it.o
    0x08000ac8   0x00000160   Code   RO         1341    i.ADC_Init          stm32f4xx_hal_adc.o
    0x08000c28   0x00000070   Code   RO           13    i.ADC_Temp          main.o
    0x08000c98   0x00000194   Code   RO           14    i.ADC_meas          main.o
    0x08000e2c   0x0000027c   Code   RO           15    i.ADC_test          main.o
    0x080010a8   0x0000008c   Code   RO         1299    i.ADF4351_prog      adf4351.o
    0x08001134   0x000000e8   Code   RO           16    i.ATT               main.o
    0x0800121c   0x00000004   Code   RO          594    i.BusFault_Handler  stm32f4xx_it.o
    0x08001220   0x00000010   Code   RO          595    i.DMA2_Stream0_IRQHandler  stm32f4xx_it.o
    0x08001230   0x00000018   Code   RO          596    i.DMA2_Stream6_IRQHandler  stm32f4xx_it.o
    0x08001248   0x00000018   Code   RO          597    i.DMA2_Stream7_IRQHandler  stm32f4xx_it.o
    0x08001260   0x00000034   Code   RO         4276    i.DMA_CalcBaseAndBitshift  stm32f4xx_hal_dma.o
    0x08001294   0x000000aa   Code   RO         4277    i.DMA_CheckFifoParam  stm32f4xx_hal_dma.o
    0x0800133e   0x0000002c   Code   RO         4278    i.DMA_SetConfig     stm32f4xx_hal_dma.o
    0x0800136a   0x00000002   Code   RO          598    i.DebugMon_Handler  stm32f4xx_it.o
    0x0800136c   0x00000014   Code   RO           19    i.Delay             main.o
    0x08001380   0x0000002a   Code   RO          827    i.Delay_ms          w5200.o
    0x080013aa   0x00000002   Code   RO          828    i.Delay_us          w5200.o
    0x080013ac   0x00000014   Code   RO          599    i.EXTI0_IRQHandler  stm32f4xx_it.o
    0x080013c0   0x00000014   Code   RO          600    i.EXTI1_IRQHandler  stm32f4xx_it.o
    0x080013d4   0x00000014   Code   RO          601    i.EXTI3_IRQHandler  stm32f4xx_it.o
    0x080013e8   0x00000018   Code   RO          602    i.EXTI9_5_IRQHandler  stm32f4xx_it.o
    0x08001400   0x00000002   Code   RO           20    i.Error_Handler     main.o
    0x08001402   0x00000002   Code   RO         1512    i.HAL_ADCEx_InjectedConvCpltCallback  stm32f4xx_hal_adc_ex.o
    0x08001404   0x000001a4   Code   RO         1343    i.HAL_ADC_ConfigChannel  stm32f4xx_hal_adc.o
    0x080015a8   0x00000010   Code   RO           22    i.HAL_ADC_ConvCpltCallback  main.o
    0x080015b8   0x00000002   Code   RO         1345    i.HAL_ADC_ConvHalfCpltCallback  stm32f4xx_hal_adc.o
    0x080015ba   0x00000002   Code   RO         1347    i.HAL_ADC_ErrorCallback  stm32f4xx_hal_adc.o
    0x080015bc   0x00000174   Code   RO         1351    i.HAL_ADC_IRQHandler  stm32f4xx_hal_adc.o
    0x08001730   0x00000068   Code   RO         1352    i.HAL_ADC_Init      stm32f4xx_hal_adc.o
    0x08001798   0x00000002   Code   RO         1353    i.HAL_ADC_LevelOutOfWindowCallback  stm32f4xx_hal_adc.o
    0x0800179a   0x00000002   PAD
    0x0800179c   0x00000134   Code   RO          736    i.HAL_ADC_MspInit   stm32f4xx_hal_msp.o
    0x080018d0   0x0000014c   Code   RO         1359    i.HAL_ADC_Start_DMA  stm32f4xx_hal_adc.o
    0x08001a1c   0x00000028   Code   RO         4280    i.HAL_DMA_Abort_IT  stm32f4xx_hal_dma.o
    0x08001a44   0x00000240   Code   RO         4284    i.HAL_DMA_IRQHandler  stm32f4xx_hal_dma.o
    0x08001c84   0x000000ec   Code   RO         4285    i.HAL_DMA_Init      stm32f4xx_hal_dma.o
    0x08001d70   0x0000009e   Code   RO         4289    i.HAL_DMA_Start_IT  stm32f4xx_hal_dma.o
    0x08001e0e   0x00000002   Code   RO         4170    i.HAL_GPIO_EXTI_Callback  stm32f4xx_hal_gpio.o
    0x08001e10   0x0000001c   Code   RO         4171    i.HAL_GPIO_EXTI_IRQHandler  stm32f4xx_hal_gpio.o
    0x08001e2c   0x000001d4   Code   RO         4172    i.HAL_GPIO_Init     stm32f4xx_hal_gpio.o
    0x08002000   0x00000010   Code   RO         4174    i.HAL_GPIO_ReadPin  stm32f4xx_hal_gpio.o
    0x08002010   0x0000000c   Code   RO         4176    i.HAL_GPIO_WritePin  stm32f4xx_hal_gpio.o
    0x0800201c   0x0000000c   Code   RO         4733    i.HAL_GetTick       stm32f4xx_hal.o
    0x08002028   0x000001b4   Code   RO         1625    i.HAL_I2C_IsDeviceReady  stm32f4xx_hal_i2c.o
    0x080021dc   0x000002f8   Code   RO         1630    i.HAL_I2C_Master_Receive  stm32f4xx_hal_i2c.o
    0x080024d4   0x00000170   Code   RO         1638    i.HAL_I2C_Master_Transmit  stm32f4xx_hal_i2c.o
    0x08002644   0x00000018   Code   RO         4739    i.HAL_IncTick       stm32f4xx_hal.o
    0x0800265c   0x0000003c   Code   RO         4740    i.HAL_Init          stm32f4xx_hal.o
    0x08002698   0x0000004c   Code   RO         4741    i.HAL_InitTick      stm32f4xx_hal.o
    0x080026e4   0x00000048   Code   RO          739    i.HAL_MspInit       stm32f4xx_hal_msp.o
    0x0800272c   0x00000020   Code   RO         4585    i.HAL_NVIC_EnableIRQ  stm32f4xx_hal_cortex.o
    0x0800274c   0x0000007c   Code   RO         4591    i.HAL_NVIC_SetPriority  stm32f4xx_hal_cortex.o
    0x080027c8   0x00000028   Code   RO         4592    i.HAL_NVIC_SetPriorityGrouping  stm32f4xx_hal_cortex.o
    0x080027f0   0x00000180   Code   RO         3709    i.HAL_RCC_ClockConfig  stm32f4xx_hal_rcc.o
    0x08002970   0x0000000c   Code   RO         3714    i.HAL_RCC_GetHCLKFreq  stm32f4xx_hal_rcc.o
    0x0800297c   0x00000020   Code   RO         3716    i.HAL_RCC_GetPCLK1Freq  stm32f4xx_hal_rcc.o
    0x0800299c   0x00000020   Code   RO         3717    i.HAL_RCC_GetPCLK2Freq  stm32f4xx_hal_rcc.o
    0x080029bc   0x000000b0   Code   RO         3718    i.HAL_RCC_GetSysClockFreq  stm32f4xx_hal_rcc.o
    0x08002a6c   0x00000448   Code   RO         3721    i.HAL_RCC_OscConfig  stm32f4xx_hal_rcc.o
    0x08002eb4   0x0000008c   Code   RO         2127    i.HAL_SPI_Init      stm32f4xx_hal_spi.o
    0x08002f40   0x000001e4   Code   RO          741    i.HAL_SPI_MspInit   stm32f4xx_hal_msp.o
    0x08003124   0x0000022a   Code   RO         2136    i.HAL_SPI_TransmitReceive  stm32f4xx_hal_spi.o
    0x0800334e   0x00000028   Code   RO         4594    i.HAL_SYSTICK_CLKSourceConfig  stm32f4xx_hal_cortex.o
    0x08003376   0x00000034   Code   RO         4596    i.HAL_SYSTICK_Config  stm32f4xx_hal_cortex.o
    0x080033aa   0x00000002   Code   RO         3398    i.HAL_UART_ErrorCallback  stm32f4xx_hal_uart.o
    0x080033ac   0x00000014   Code   RO         3400    i.HAL_UART_GetState  stm32f4xx_hal_uart.o
    0x080033c0   0x0000014c   Code   RO         3401    i.HAL_UART_IRQHandler  stm32f4xx_hal_uart.o
    0x0800350c   0x00000072   Code   RO         3402    i.HAL_UART_Init     stm32f4xx_hal_uart.o
    0x0800357e   0x00000002   PAD
    0x08003580   0x000001a8   Code   RO          746    i.HAL_UART_MspInit  stm32f4xx_hal_msp.o
    0x08003728   0x00000070   Code   RO         3407    i.HAL_UART_Receive_IT  stm32f4xx_hal_uart.o
    0x08003798   0x000000c8   Code   RO           23    i.HAL_UART_RxCpltCallback  main.o
    0x08003860   0x0000009c   Code   RO         3411    i.HAL_UART_Transmit_DMA  stm32f4xx_hal_uart.o
    0x080038fc   0x00000002   Code   RO         3413    i.HAL_UART_TxCpltCallback  stm32f4xx_hal_uart.o
    0x080038fe   0x00000002   Code   RO         3414    i.HAL_UART_TxHalfCpltCallback  stm32f4xx_hal_uart.o
    0x08003900   0x000000b4   Code   RO           24    i.HR_TR_init        main.o
    0x080039b4   0x00000004   Code   RO          603    i.HardFault_Handler  stm32f4xx_it.o
    0x080039b8   0x0000003e   Code   RO         1668    i.I2C_IsAcknowledgeFailed  stm32f4xx_hal_i2c.o
    0x080039f6   0x00000002   PAD
    0x080039f8   0x00000130   Code   RO         1671    i.I2C_MasterRequestRead  stm32f4xx_hal_i2c.o
    0x08003b28   0x000000bc   Code   RO         1672    i.I2C_MasterRequestWrite  stm32f4xx_hal_i2c.o
    0x08003be4   0x0000005c   Code   RO         1688    i.I2C_WaitOnBTFFlagUntilTimeout  stm32f4xx_hal_i2c.o
    0x08003c40   0x00000086   Code   RO         1689    i.I2C_WaitOnFlagUntilTimeout  stm32f4xx_hal_i2c.o
    0x08003cc6   0x000000c4   Code   RO         1690    i.I2C_WaitOnMasterAddressFlagUntilTimeout  stm32f4xx_hal_i2c.o
    0x08003d8a   0x00000080   Code   RO         1691    i.I2C_WaitOnRXNEFlagUntilTimeout  stm32f4xx_hal_i2c.o
    0x08003e0a   0x0000005c   Code   RO         1693    i.I2C_WaitOnTXEFlagUntilTimeout  stm32f4xx_hal_i2c.o
    0x08003e66   0x00000002   PAD
    0x08003e68   0x00000014   Code   RO          831    i.IINCHIP_CSoff     w5200.o
    0x08003e7c   0x00000014   Code   RO          832    i.IINCHIP_CSon      w5200.o
    0x08003e90   0x00000030   Code   RO          833    i.IINCHIP_READ      w5200.o
    0x08003ec0   0x0000000c   Code   RO          834    i.IINCHIP_SpiSendData  w5200.o
    0x08003ecc   0x00000030   Code   RO          835    i.IINCHIP_WRITE     w5200.o
    0x08003efc   0x00000138   Code   RO         1300    i.INIT_PLL          adf4351.o
    0x08004034   0x00000c0c   Code   RO           25    i.IO                main.o
    0x08004c40   0x000000d4   Code   RO           26    i.LED               main.o
    0x08004d14   0x000000c8   Code   RO          837    i.MSG_SHOW          w5200.o
    0x08004ddc   0x000000d4   Code   RO           27    i.MX_ADC1_Init      main.o
    0x08004eb0   0x00000058   Code   RO           28    i.MX_DMA_Init       main.o
    0x08004f08   0x00000174   Code   RO           29    i.MX_GPIO_Init      main.o
    0x0800507c   0x00000044   Code   RO           32    i.MX_SPI3_Init      main.o
    0x080050c0   0x00000038   Code   RO           36    i.MX_USART1_UART_Init  main.o
    0x080050f8   0x00000038   Code   RO           38    i.MX_USART6_UART_Init  main.o
    0x08005130   0x00000320   Code   RO           39    i.Massiv_dbm        main.o
    0x08005450   0x00000004   Code   RO          604    i.MemManage_Handler  stm32f4xx_it.o
    0x08005454   0x00000388   Code   RO           40    i.Menu1             main.o
    0x080057dc   0x00000002   Code   RO          605    i.NMI_Handler       stm32f4xx_it.o
    0x080057de   0x00000002   PAD
    0x080057e0   0x00000074   Code   RO           42    i.PLL_ZAHVAT        main.o
    0x08005854   0x00000064   Code   RO           43    i.PRINT_SERV        main.o
    0x080058b8   0x00000002   Code   RO          606    i.PendSV_Handler    stm32f4xx_it.o
    0x080058ba   0x00000002   PAD
    0x080058bc   0x0000006c   Code   RO         2165    i.SPI_EndRxTxTransaction  stm32f4xx_hal_spi.o
    0x08005928   0x000000a8   Code   RO         2170    i.SPI_WaitFlagStateUntilTimeout  stm32f4xx_hal_spi.o
    0x080059d0   0x00000208   Code   RO           45    i.STATUS            main.o
    0x08005bd8   0x000000dc   Code   RO          844    i.STATUS_ID         w5200.o
    0x08005cb4   0x00000002   Code   RO          607    i.SVC_Handler       stm32f4xx_it.o
    0x08005cb6   0x00000002   PAD
    0x08005cb8   0x00000394   Code   RO          846    i.Set_network       w5200.o
    0x0800604c   0x00000080   Code   RO          608    i.SysTick_Handler   stm32f4xx_it.o
    0x080060cc   0x000000d8   Code   RO           46    i.SystemClock_Config  main.o
    0x080061a4   0x00000064   Code   RO         4976    i.SystemInit        system_stm32f4xx.o
    0x08006208   0x00000060   Code   RO           47    i.Transf            main.o
    0x08006268   0x00000060   Code   RO           48    i.Transf_6          main.o
    0x080062c8   0x0000005c   Code   RO           49    i.Transf_6x         main.o
    0x08006324   0x00000014   Code   RO         3415    i.UART_DMAAbortOnError  stm32f4xx_hal_uart.o
    0x08006338   0x00000050   Code   RO         3416    i.UART_DMAError     stm32f4xx_hal_uart.o
    0x08006388   0x00000036   Code   RO         3421    i.UART_DMATransmitCplt  stm32f4xx_hal_uart.o
    0x080063be   0x0000000e   Code   RO         3423    i.UART_DMATxHalfCplt  stm32f4xx_hal_uart.o
    0x080063cc   0x00000058   Code   RO           50    i.UART_DMA_TX       main.o
    0x08006424   0x00000050   Code   RO           51    i.UART_DMA_TX6      main.o
    0x08006474   0x00000020   Code   RO         3425    i.UART_EndRxTransfer  stm32f4xx_hal_uart.o
    0x08006494   0x00000020   Code   RO         3426    i.UART_EndTransmit_IT  stm32f4xx_hal_uart.o
    0x080064b4   0x00000014   Code   RO         3427    i.UART_EndTxTransfer  stm32f4xx_hal_uart.o
    0x080064c8   0x000000a6   Code   RO         3428    i.UART_Receive_IT   stm32f4xx_hal_uart.o
    0x0800656e   0x00000002   PAD
    0x08006570   0x00000368   Code   RO         3429    i.UART_SetConfig    stm32f4xx_hal_uart.o
    0x080068d8   0x00000068   Code   RO         3430    i.UART_Transmit_IT  stm32f4xx_hal_uart.o
    0x08006940   0x00000054   Code   RO           53    i.UART_conrol_1     main.o
    0x08006994   0x00000054   Code   RO           54    i.UART_conrol_6     main.o
    0x080069e8   0x00000010   Code   RO          610    i.USART1_IRQHandler  stm32f4xx_it.o
    0x080069f8   0x00000010   Code   RO          611    i.USART6_IRQHandler  stm32f4xx_it.o
    0x08006a08   0x00000004   Code   RO          612    i.UsageFault_Handler  stm32f4xx_it.o
    0x08006a0c   0x00000028   Code   RO         5257    i.__0sprintf        mc_w.l(printfa.o)
    0x08006a34   0x00000010   Code   RO         4598    i.__NVIC_GetPriorityGrouping  stm32f4xx_hal_cortex.o
    0x08006a44   0x00000028   Code   RO         4599    i.__NVIC_SetPriority  stm32f4xx_hal_cortex.o
    0x08006a6c   0x00000008   Code   RO         5322    i.__aeabi_errno_addr  mc_w.l(errno.o)
    0x08006a74   0x0000000e   Code   RO         5378    i.__scatterload_copy  mc_w.l(handlers.o)
    0x08006a82   0x00000002   Code   RO         5379    i.__scatterload_null  mc_w.l(handlers.o)
    0x08006a84   0x0000000e   Code   RO         5380    i.__scatterload_zeroinit  mc_w.l(handlers.o)
    0x08006a92   0x00000002   PAD
    0x08006a94   0x00000164   Code   RO         5262    i._fp_digits        mc_w.l(printfa.o)
    0x08006bf8   0x000006dc   Code   RO         5263    i._printf_core      mc_w.l(printfa.o)
    0x080072d4   0x00000024   Code   RO         5264    i._printf_post_padding  mc_w.l(printfa.o)
    0x080072f8   0x0000002e   Code   RO         5265    i._printf_pre_padding  mc_w.l(printfa.o)
    0x08007326   0x0000000a   Code   RO         5267    i._sputc            mc_w.l(printfa.o)
    0x08007330   0x00000012   Code   RO           57    i.delay_us          main.o
    0x08007342   0x00000002   PAD
    0x08007344   0x0000004c   Code   RO           58    i.f_out             main.o
    0x08007390   0x00000026   Code   RO          852    i.getGAR            w5200.o
    0x080073b6   0x00000036   Code   RO          861    i.getSHAR           w5200.o
    0x080073ec   0x00000026   Code   RO          862    i.getSIPR           w5200.o
    0x08007412   0x00000002   PAD
    0x08007414   0x00000020   Code   RO          863    i.getSUBR           w5200.o
    0x08007434   0x00000040   Code   RO           60    i.getchar1          main.o
    0x08007474   0x00000040   Code   RO           61    i.getchar6          main.o
    0x080074b4   0x0000001c   Code   RO          868    i.iinchip_init      w5200.o
    0x080074d0   0x00000002   Code   RO           66    i.info              main.o
    0x080074d2   0x00000172   Code   RO         1301    i.init_array_pll    adf4351.o
    0x08007644   0x00000014   Code   RO           68    i.leng              main.o
    0x08007658   0x00000250   Code   RO           69    i.main              main.o
    0x080078a8   0x00000018   Code   RO          878    i.saveSUBR          w5200.o
    0x080078c0   0x00000026   Code   RO          883    i.setGAR            w5200.o
    0x080078e6   0x00000002   PAD
    0x080078e8   0x0000001c   Code   RO          885    i.setMR             w5200.o
    0x08007904   0x0000000e   Code   RO          886    i.setRCR            w5200.o
    0x08007912   0x00000016   Code   RO          887    i.setRTR            w5200.o
    0x08007928   0x00000036   Code   RO          888    i.setSHAR           w5200.o
    0x0800795e   0x00000026   Code   RO          889    i.setSIPR           w5200.o
    0x08007984   0x00000024   Code   RO           71    i.spi2send8         main.o
    0x080079a8   0x0000006c   Code   RO           72    i.spi3send32        main.o
    0x08007a14   0x00000024   Code   RO           75    i.spi4send8         main.o
    0x08007a38   0x000001cc   Code   RO          895    i.sysinit           w5200.o
    0x08007c04   0x00000054   Code   RO           79    i.u64_out           main.o
    0x08007c58   0x00000030   Code   RO           80    i.u_out             main.o
    0x08007c88   0x00000028   Code   RO           81    i.un_out            main.o
    0x08007cb0   0x00000028   Code   RO           82    i.un_out6           main.o
    0x08007cd8   0x00000018   Code   RO          897    i.wait_10ms         w5200.o
    0x08007cf0   0x00000030   Code   RO           84    i.x_out             main.o
    0x08007d20   0x00000028   Code   RO           85    i.xn_out            main.o
    0x08007d48   0x00000008   Data   RO         4291    .constdata          stm32f4xx_hal_dma.o
    0x08007d50   0x00000018   Data   RO         4977    .constdata          system_stm32f4xx.o
    0x08007d68   0x00000081   Data   RO         5344    .constdata          mc_w.l(ctype_o.o)
    0x08007de9   0x00000003   PAD
    0x08007dec   0x00000004   Data   RO         5345    .constdata          mc_w.l(ctype_o.o)
    0x08007df0   0x00000045   Data   RO           88    .conststring        main.o
    0x08007e35   0x00000003   PAD
    0x08007e38   0x00000020   Data   RO         5376    Region$$Table       anon$$obj.o


    Execution Region RW_IRAM1 (Base: 0x20000000, Size: 0x0000ab68, Max: 0x00020000, ABSOLUTE, COMPRESSED[0x00000034])

    Base Addr    Size         Type   Attr      Idx    E Section Name        Object

    0x20000000   0x000000ef   Data   RW           89    .data               main.o
    0x200000ef   0x00000001   PAD
    0x200000f0   0x00000094   Data   RW          902    .data               w5200.o
    0x20000184   0x00000009   Data   RW         4747    .data               stm32f4xx_hal.o
    0x2000018d   0x00000003   PAD
    0x20000190   0x00000004   Data   RW         4978    .data               system_stm32f4xx.o
    0x20000194   0x00000004   Data   RW         5325    .data               mc_w.l(errno.o)
    0x20000198   0x000078fc   Zero   RW           87    .bss                main.o
    0x20007a94   0x000010a7   Zero   RW          901    .bss                w5200.o
    0x20008b3b   0x00000001   PAD
    0x20008b3c   0x0000002c   Zero   RW         1302    .bss                adf4351.o
    0x20008b68   0x00002000   Zero   RW            1    STACK               startup_stm32f411xe.o


==============================================================================

Image component sizes


      Code (inc. data)   RO Data    RW Data    ZI Data      Debug   Object Name

       822         16          0          0         44       3246   adf4351.o
     10542       2710         69        239      30972     497189   main.o
        36          8        408          0       8192        856   startup_stm32f411xe.o
       172         32          0          9          0       4025   stm32f4xx_hal.o
      1752         60          0          0          0       8418   stm32f4xx_hal_adc.o
         2          0          0          0          0       1049   stm32f4xx_hal_adc_ex.o
       344         22          0          0          0      35161   stm32f4xx_hal_cortex.o
      1276         16          8          0          0       6258   stm32f4xx_hal_dma.o
       526         36          0          0          0       4243   stm32f4xx_hal_gpio.o
      2760         40          0          0          0      11595   stm32f4xx_hal_i2c.o
      1288         92          0          0          0       3975   stm32f4xx_hal_msp.o
      1732         84          0          0          0       5632   stm32f4xx_hal_rcc.o
       970          8          0          0          0       4465   stm32f4xx_hal_spi.o
      2134         26          0          0          0      12725   stm32f4xx_hal_uart.o
       356         90          0          0          0       9455   stm32f4xx_it.o
       100         18         24          4          0       1215   system_stm32f4xx.o
      2420        522          0        148       4263      22265   w5200.o

    ----------------------------------------------------------------------
     27256       3780        544        404      43472     631772   Object Totals
         0          0         32          0          0          0   (incl. Generated)
        24          0          3          4          1          0   (incl. Padding)

    ----------------------------------------------------------------------

      Code (inc. data)   RO Data    RW Data    ZI Data      Debug   Library Member Name

        86          0          0          0          0          0   __dczerorl2.o
        28          0          0          0          0         68   _chval.o
       158          0          0          0          0         92   _strtoul.o
        26          0          0          0          0         80   atoi.o
         8          4        133          0          0         68   ctype_o.o
         0          0          0          0          0          0   entry.o
         0          0          0          0          0          0   entry10a.o
         0          0          0          0          0          0   entry11a.o
         8          4          0          0          0          0   entry2.o
         4          0          0          0          0          0   entry5.o
         0          0          0          0          0          0   entry7b.o
         0          0          0          0          0          0   entry8b.o
         8          4          0          0          0          0   entry9a.o
         8          4          0          4          0         68   errno.o
        30          0          0          0          0          0   handlers.o
        36          8          0          0          0         68   init.o
         0          0          0          0          0          0   iusefp.o
        30          0          0          0          0         68   llshl.o
        36          0          0          0          0         68   llsshr.o
        32          0          0          0          0         68   llushr.o
        36          0          0          0          0        108   memseta.o
      2244         86          0          0          0        512   printfa.o
        28          0          0          0          0         76   strcmp.o
        14          0          0          0          0         68   strlen.o
       112          0          0          0          0         88   strtol.o
        44          0          0          0          0         80   uidiv.o
        98          0          0          0          0         92   uldiv.o
        48          0          0          0          0         68   cdrcmple.o
        56          0          0          0          0         88   d2f.o
       334          0          0          0          0        148   dadd.o
       222          0          0          0          0        100   ddiv.o
       186          0          0          0          0        176   depilogue.o
        48          0          0          0          0         68   dfixul.o
        34          0          0          0          0         76   dflti.o
        26          0          0          0          0         76   dfltui.o
       228          0          0          0          0         96   dmul.o
        38          0          0          0          0         68   f2d.o
       110          0          0          0          0        168   fepilogue.o

    ----------------------------------------------------------------------
      4408        110        136          4          0       2804   Library Totals
         4          0          3          0          0          0   (incl. Padding)

    ----------------------------------------------------------------------

      Code (inc. data)   RO Data    RW Data    ZI Data      Debug   Library Name

      3074        110        133          4          0       1672   mc_w.l
      1330          0          0          0          0       1132   mf_w.l

    ----------------------------------------------------------------------
      4408        110        136          4          0       2804   Library Totals

    ----------------------------------------------------------------------

==============================================================================


      Code (inc. data)   RO Data    RW Data    ZI Data      Debug   

     31664       3890        680        408      43472     617004   Grand Totals
     31664       3890        680         52      43472     617004   ELF Image Totals (compressed)
     31664       3890        680         52          0          0   ROM Totals

==============================================================================

    Total RO  Size (Code + RO Data)                32344 (  31.59kB)
    Total RW  Size (RW Data + ZI Data)             43880 (  42.85kB)
    Total ROM Size (Code + RO Data + RW Data)      32396 (  31.64kB)

==============================================================================

