<html>
<body>
<pre>
<h1>µVision Build Log</h1>
<h2>Tool Versions:</h2>
IDE-Version: µVision V5.13.0.0
Copyright (C) 2014 ARM Ltd and ARM Germany GmbH. All rights reserved.
License Information: Dmitry Shvedov, NASA, LIC=EXJEV-P0EXE-0NHAM-XUTC1-CCLLR-C8JXV
 
Tool Versions:
Toolchain:       MDK-ARM Standard  Version: 5.13.0.0
Toolchain Path:  C:\Keil_v5\ARM\ARMCC\Bin
C Compiler:      Armcc.exe V5.05 update 1 (build 106)
Assembler:       Armasm.exe V5.05 update 1 (build 106)
Linker/Locator:  ArmLink.exe V5.05 update 1 (build 106)
Library Manager: ArmAr.exe V5.05 update 1 (build 106)
Hex Converter:   FromElf.exe V5.05 update 1 (build 106)
CPU DLL:         SARMCM3.DLL V5.13.0.0
Dialog DLL:      DCM.DLL V1.13.1.0
Target DLL:      STLink\ST-LINKIII-KEIL_SWO.dll V2.0.14.0_KEIL
Dialog DLL:      TCM.DLL V1.14.4.0
 
<h2>Project:</h2>
C:\Work\project_Micropanorama\uPanorama_modulator\temp_Pj1\MDK-ARM\temp_Pj1.uvprojx
Project File Date:  03/13/2020

<h2>Output:</h2>
Build target 'temp_Pj1'
compiling main.c...
../Src/main.c(1045): warning:  #181-D: argument is incompatible with corresponding format string conversion
     sprintf (strng,"%u",z);
../Src/main.c(1047): warning:  #181-D: argument is incompatible with corresponding format string conversion
     sprintf (strng,"%u",a);
../Src/main.c(1676): warning:  #1035-D: single-precision operand implicitly converted to double-precision
        adc_ch[ 0] = ((float)adcBuffer[0])*3.3/4096*2;
../Src/main.c(1782): warning:  #177-D: variable "D" was declared but never referenced
        u8 D[4];
../Src/main.c(346): warning:  #177-D: function "MX_I2C1_Init" was declared but never referenced
  static void MX_I2C1_Init(void)
../Src/main.c(565): warning:  #177-D: function "MX_USART2_UART_Init" was declared but never referenced
  static void MX_USART2_UART_Init(void)
../Src/main.c(599): warning:  #177-D: function "MX_USART6_UART_Init" was declared but never referenced
  static void MX_USART6_UART_Init(void)
../Src/main.c: 7 warnings, 0 errors
linking...
Program Size: Code=39092 RO-data=680 RW-data=364 ZI-data=34908  
FromELF: creating hex file...
".\temp_Pj1\temp_Pj1.axf" - 0 Error(s), 7 Warning(s).

<h2>Software Packages used:</h2>

Package Vendor: ARM
                http://www.keil.com/pack/ARM.CMSIS.4.2.0.pack
                ARM::CMSIS:CORE:3.40.0
                CMSIS (Cortex Microcontroller Software Interface Standard)
   * Component: CORE Version: 3.40.0

<h2>Collection of Component include folders:</h2>
  C:\Work\project_Micropanorama\uPanorama_modulator\temp_Pj1\MDK-ARM\RTE
  C:\Keil_v5\ARM\PACK\ARM\CMSIS\4.2.0\CMSIS\Include
  C:\Keil_v5\ARM\PACK\Keil\STM32F4xx_DFP\2.11.0

<h2>Collection of Component Files used:</h2>

   * Component: ARM::CMSIS:CORE:3.40.0
      Source file:   CMSIS\UserCodeTemplates\ARM\ITM_Retarget.c
</pre>
</body>
</html>
